Archive member included to satisfy reference by file (symbol)

e:/program files (x86)/truestudio for stm32 9.3.0/armtools/bin/../lib/gcc/arm-atollic-eabi/6.3.1/../../../../arm-atollic-eabi/lib/armv6-m\libc_nano.a(lib_a-init.o)
                              Example\TrueSTUDIO\startup_stm32l051xx.o (__libc_init_array)
e:/program files (x86)/truestudio for stm32 9.3.0/armtools/bin/../lib/gcc/arm-atollic-eabi/6.3.1/../../../../arm-atollic-eabi/lib/armv6-m\libc_nano.a(lib_a-memset.o)
                              Drivers\STM32L0xx_HAL_Driver\stm32l0xx_hal_rcc.o (memset)
e:/program files (x86)/truestudio for stm32 9.3.0/armtools/bin/../lib/gcc/arm-atollic-eabi/6.3.1/armv6-m\libgcc.a(_thumb1_case_sqi.o)
                              Drivers\STM32L0xx_HAL_Driver\stm32l0xx_hal_irda.o (__gnu_thumb1_case_sqi)
e:/program files (x86)/truestudio for stm32 9.3.0/armtools/bin/../lib/gcc/arm-atollic-eabi/6.3.1/armv6-m\libgcc.a(_thumb1_case_uqi.o)
                              Drivers\CMSIS\system_stm32l0xx.o (__gnu_thumb1_case_uqi)
e:/program files (x86)/truestudio for stm32 9.3.0/armtools/bin/../lib/gcc/arm-atollic-eabi/6.3.1/armv6-m\libgcc.a(_thumb1_case_shi.o)
                              Drivers\STM32L0xx_HAL_Driver\stm32l0xx_hal_smartcard.o (__gnu_thumb1_case_shi)
e:/program files (x86)/truestudio for stm32 9.3.0/armtools/bin/../lib/gcc/arm-atollic-eabi/6.3.1/armv6-m\libgcc.a(_udivsi3.o)
                              Drivers\CMSIS\system_stm32l0xx.o (__aeabi_uidiv)
e:/program files (x86)/truestudio for stm32 9.3.0/armtools/bin/../lib/gcc/arm-atollic-eabi/6.3.1/armv6-m\libgcc.a(_dvmd_tls.o)
                              e:/program files (x86)/truestudio for stm32 9.3.0/armtools/bin/../lib/gcc/arm-atollic-eabi/6.3.1/armv6-m\libgcc.a(_udivsi3.o) (__aeabi_idiv0)
e:/program files (x86)/truestudio for stm32 9.3.0/armtools/bin/../lib/gcc/arm-atollic-eabi/6.3.1/armv6-m\libgcc.a(_aeabi_uldivmod.o)
                              Drivers\STM32L0xx_HAL_Driver\stm32l0xx_hal_uart.o (__aeabi_uldivmod)
e:/program files (x86)/truestudio for stm32 9.3.0/armtools/bin/../lib/gcc/arm-atollic-eabi/6.3.1/armv6-m\libgcc.a(_udivmoddi4.o)
                              e:/program files (x86)/truestudio for stm32 9.3.0/armtools/bin/../lib/gcc/arm-atollic-eabi/6.3.1/armv6-m\libgcc.a(_aeabi_uldivmod.o) (__udivmoddi4)
e:/program files (x86)/truestudio for stm32 9.3.0/armtools/bin/../lib/gcc/arm-atollic-eabi/6.3.1/armv6-m\libgcc.a(_clzdi2.o)
                              e:/program files (x86)/truestudio for stm32 9.3.0/armtools/bin/../lib/gcc/arm-atollic-eabi/6.3.1/armv6-m\libgcc.a(_udivmoddi4.o) (__clzdi2)
e:/program files (x86)/truestudio for stm32 9.3.0/armtools/bin/../lib/gcc/arm-atollic-eabi/6.3.1/armv6-m\libgcc.a(_clzsi2.o)
                              e:/program files (x86)/truestudio for stm32 9.3.0/armtools/bin/../lib/gcc/arm-atollic-eabi/6.3.1/armv6-m\libgcc.a(_clzdi2.o) (__clzsi2)

Allocating common symbols
Common symbol       size              file

uwTick              0x4               Drivers\STM32L0xx_HAL_Driver\stm32l0xx_hal.o
pFlash              0x18              Drivers\STM32L0xx_HAL_Driver\stm32l0xx_hal_flash.o

Discarded input sections

 .text          0x00000000        0x0 e:/program files (x86)/truestudio for stm32 9.3.0/armtools/bin/../lib/gcc/arm-atollic-eabi/6.3.1/armv6-m/crti.o
 .data          0x00000000        0x0 e:/program files (x86)/truestudio for stm32 9.3.0/armtools/bin/../lib/gcc/arm-atollic-eabi/6.3.1/armv6-m/crti.o
 .bss           0x00000000        0x0 e:/program files (x86)/truestudio for stm32 9.3.0/armtools/bin/../lib/gcc/arm-atollic-eabi/6.3.1/armv6-m/crti.o
 .data          0x00000000        0x4 e:/program files (x86)/truestudio for stm32 9.3.0/armtools/bin/../lib/gcc/arm-atollic-eabi/6.3.1/armv6-m/crtbegin.o
 .text          0x00000000        0x0 Drivers\BSP\STM32L053C8_Discovery\stm32l0538_discovery.o
 .data          0x00000000        0x0 Drivers\BSP\STM32L053C8_Discovery\stm32l0538_discovery.o
 .bss           0x00000000        0x0 Drivers\BSP\STM32L053C8_Discovery\stm32l0538_discovery.o
 .text.SPIx_Init
                0x00000000       0x98 Drivers\BSP\STM32L053C8_Discovery\stm32l0538_discovery.o
 .text.SPIx_Write
                0x00000000       0x2c Drivers\BSP\STM32L053C8_Discovery\stm32l0538_discovery.o
 .text.BSP_GetVersion
                0x00000000        0x8 Drivers\BSP\STM32L053C8_Discovery\stm32l0538_discovery.o
 .text.BSP_LED_Init
                0x00000000       0x64 Drivers\BSP\STM32L053C8_Discovery\stm32l0538_discovery.o
 .text.BSP_LED_On
                0x00000000       0x20 Drivers\BSP\STM32L053C8_Discovery\stm32l0538_discovery.o
 .text.BSP_LED_Off
                0x00000000       0x20 Drivers\BSP\STM32L053C8_Discovery\stm32l0538_discovery.o
 .text.BSP_LED_Toggle
                0x00000000       0x1c Drivers\BSP\STM32L053C8_Discovery\stm32l0538_discovery.o
 .text.BSP_PB_Init
                0x00000000       0x6c Drivers\BSP\STM32L053C8_Discovery\stm32l0538_discovery.o
 .text.BSP_PB_GetState
[...]
Memory Configuration

Name             Origin             Length             Attributes
FLASH            0x08000000         0x00010000         xr
RAM              0x20000000         0x00002000         xrw
MEMORY_B1        0x60000000         0x00000000         xr
*default*        0x00000000         0xffffffff

Linker script and memory map

LOAD e:/program files (x86)/truestudio for stm32 9.3.0/armtools/bin/../lib/gcc/arm-atollic-eabi/6.3.1/armv6-m/crti.o
LOAD e:/program files (x86)/truestudio for stm32 9.3.0/armtools/bin/../lib/gcc/arm-atollic-eabi/6.3.1/armv6-m/crtbegin.o
LOAD Drivers\BSP\STM32L053C8_Discovery\stm32l0538_discovery.o
LOAD Drivers\CMSIS\system_stm32l0xx.o
LOAD Drivers\STM32L0xx_HAL_Driver\stm32l0xx_hal.o
LOAD Drivers\STM32L0xx_HAL_Driver\stm32l0xx_hal_adc.o
LOAD Drivers\STM32L0xx_HAL_Driver\stm32l0xx_hal_adc_ex.o
LOAD Drivers\STM32L0xx_HAL_Driver\stm32l0xx_hal_comp.o
LOAD Drivers\STM32L0xx_HAL_Driver\stm32l0xx_hal_cortex.o
LOAD Drivers\STM32L0xx_HAL_Driver\stm32l0xx_hal_crc.o
LOAD Drivers\STM32L0xx_HAL_Driver\stm32l0xx_hal_crc_ex.o
LOAD Drivers\STM32L0xx_HAL_Driver\stm32l0xx_hal_dac.o
LOAD Drivers\STM32L0xx_HAL_Driver\stm32l0xx_hal_dac_ex.o
LOAD Drivers\STM32L0xx_HAL_Driver\stm32l0xx_hal_dma.o
LOAD Drivers\STM32L0xx_HAL_Driver\stm32l0xx_hal_flash.o
LOAD Drivers\STM32L0xx_HAL_Driver\stm32l0xx_hal_flash_ex.o
LOAD Drivers\STM32L0xx_HAL_Driver\stm32l0xx_hal_flash_ramfunc.o
LOAD Drivers\STM32L0xx_HAL_Driver\stm32l0xx_hal_gpio.o
LOAD Drivers\STM32L0xx_HAL_Driver\stm32l0xx_hal_i2c.o
LOAD Drivers\STM32L0xx_HAL_Driver\stm32l0xx_hal_i2c_ex.o
LOAD Drivers\STM32L0xx_HAL_Driver\stm32l0xx_hal_i2s.o
LOAD Drivers\STM32L0xx_HAL_Driver\stm32l0xx_hal_irda.o
LOAD Drivers\STM32L0xx_HAL_Driver\stm32l0xx_hal_iwdg.o
LOAD Drivers\STM32L0xx_HAL_Driver\stm32l0xx_hal_lcd.o
LOAD Drivers\STM32L0xx_HAL_Driver\stm32l0xx_hal_lptim.o
LOAD Drivers\STM32L0xx_HAL_Driver\stm32l0xx_hal_pcd.o
LOAD Drivers\STM32L0xx_HAL_Driver\stm32l0xx_hal_pcd_ex.o
LOAD Drivers\STM32L0xx_HAL_Driver\stm32l0xx_hal_pwr.o
LOAD Drivers\STM32L0xx_HAL_Driver\stm32l0xx_hal_pwr_ex.o
LOAD Drivers\STM32L0xx_HAL_Driver\stm32l0xx_hal_rcc.o
LOAD Drivers\STM32L0xx_HAL_Driver\stm32l0xx_hal_rcc_ex.o
LOAD Drivers\STM32L0xx_HAL_Driver\stm32l0xx_hal_rng.o
LOAD Drivers\STM32L0xx_HAL_Driver\stm32l0xx_hal_rtc.o
LOAD Drivers\STM32L0xx_HAL_Driver\stm32l0xx_hal_rtc_ex.o
LOAD Drivers\STM32L0xx_HAL_Driver\stm32l0xx_hal_smartcard.o
LOAD Drivers\STM32L0xx_HAL_Driver\stm32l0xx_hal_smartcard_ex.o
LOAD Drivers\STM32L0xx_HAL_Driver\stm32l0xx_hal_smbus.o
LOAD Drivers\STM32L0xx_HAL_Driver\stm32l0xx_hal_spi.o
LOAD Drivers\STM32L0xx_HAL_Driver\stm32l0xx_hal_tim.o
LOAD Drivers\STM32L0xx_HAL_Driver\stm32l0xx_hal_tim_ex.o
LOAD Drivers\STM32L0xx_HAL_Driver\stm32l0xx_hal_tsc.o
LOAD Drivers\STM32L0xx_HAL_Driver\stm32l0xx_hal_uart.o
LOAD Drivers\STM32L0xx_HAL_Driver\stm32l0xx_hal_uart_ex.o
LOAD Drivers\STM32L0xx_HAL_Driver\stm32l0xx_hal_usart.o
LOAD Drivers\STM32L0xx_HAL_Driver\stm32l0xx_hal_wwdg.o
LOAD Example\TrueSTUDIO\startup_stm32l051xx.o
LOAD Example\User\main.o
LOAD Example\User\stm32l0xx_hal_msp.o
LOAD Example\User\stm32l0xx_it.o
                0x00000080                malloc_getpagesize_P = 0x80
START GROUP
LOAD e:/program files (x86)/truestudio for stm32 9.3.0/armtools/bin/../lib/gcc/arm-atollic-eabi/6.3.1/../../../../arm-atollic-eabi/lib/armv6-m\libc_nano.a
LOAD e:/program files (x86)/truestudio for stm32 9.3.0/armtools/bin/../lib/gcc/arm-atollic-eabi/6.3.1/../../../../arm-atollic-eabi/lib/armv6-m\libm.a
END GROUP
START GROUP
LOAD e:/program files (x86)/truestudio for stm32 9.3.0/armtools/bin/../lib/gcc/arm-atollic-eabi/6.3.1/armv6-m\libgcc.a
LOAD e:/program files (x86)/truestudio for stm32 9.3.0/armtools/bin/../lib/gcc/arm-atollic-eabi/6.3.1/../../../../arm-atollic-eabi/lib/armv6-m\libc_nano.a
END GROUP
START GROUP
LOAD e:/program files (x86)/truestudio for stm32 9.3.0/armtools/bin/../lib/gcc/arm-atollic-eabi/6.3.1/armv6-m\libgcc.a
LOAD e:/program files (x86)/truestudio for stm32 9.3.0/armtools/bin/../lib/gcc/arm-atollic-eabi/6.3.1/../../../../arm-atollic-eabi/lib/armv6-m\libc_nano.a
LOAD e:/program files (x86)/truestudio for stm32 9.3.0/armtools/bin/../lib/gcc/arm-atollic-eabi/6.3.1/../../../../arm-atollic-eabi/lib/armv6-m\libnosys.a
END GROUP
START GROUP
LOAD e:/program files (x86)/truestudio for stm32 9.3.0/armtools/bin/../lib/gcc/arm-atollic-eabi/6.3.1/armv6-m\libgcc.a
LOAD e:/program files (x86)/truestudio for stm32 9.3.0/armtools/bin/../lib/gcc/arm-atollic-eabi/6.3.1/../../../../arm-atollic-eabi/lib/armv6-m\libc_nano.a
LOAD e:/program files (x86)/truestudio for stm32 9.3.0/armtools/bin/../lib/gcc/arm-atollic-eabi/6.3.1/../../../../arm-atollic-eabi/lib/armv6-m\libnosys.a
END GROUP
LOAD e:/program files (x86)/truestudio for stm32 9.3.0/armtools/bin/../lib/gcc/arm-atollic-eabi/6.3.1/armv6-m/crtend.o
LOAD e:/program files (x86)/truestudio for stm32 9.3.0/armtools/bin/../lib/gcc/arm-atollic-eabi/6.3.1/armv6-m/crtn.o
                0x20002000                _estack = 0x20002000
                0x00000000                _Min_Heap_Size = 0x0
                0x00000080                _Min_Stack_Size = 0x80

.isr_vector     0x08000000       0xc0
                0x08000000                . = ALIGN (0x4)
 *(.isr_vector)
 .isr_vector    0x08000000       0xc0 Example\TrueSTUDIO\startup_stm32l051xx.o
                0x08000000                g_pfnVectors
                0x080000c0                . = ALIGN (0x4)

.text           0x080000c0      0xb24
                0x080000c0                . = ALIGN (0x4)
 *(.text)
 .text          0x080000c0       0x48 e:/program files (x86)/truestudio for stm32 9.3.0/armtools/bin/../lib/gcc/arm-atollic-eabi/6.3.1/armv6-m/crtbegin.o
 .text          0x08000108      0x114 e:/program files (x86)/truestudio for stm32 9.3.0/armtools/bin/../lib/gcc/arm-atollic-eabi/6.3.1/armv6-m\libgcc.a(_udivsi3.o)
                0x08000108                __aeabi_uidiv
                0x08000108                __udivsi3
                0x08000214                __aeabi_uidivmod
 .text          0x0800021c        0x4 e:/program files (x86)/truestudio for stm32 9.3.0/armtools/bin/../lib/gcc/arm-atollic-eabi/6.3.1/armv6-m\libgcc.a(_dvmd_tls.o)
                0x0800021c                __aeabi_idiv0
                0x0800021c                __aeabi_ldiv0
 *(.text*)
 .text.SystemInit
                0x08000220       0x5c Drivers\CMSIS\system_stm32l0xx.o
                0x08000220                SystemInit
 .text.HAL_InitTick
                0x0800027c       0x28 Drivers\STM32L0xx_HAL_Driver\stm32l0xx_hal.o
                0x0800027c                HAL_InitTick
 .text.HAL_Init
                0x080002a4       0x28 Drivers\STM32L0xx_HAL_Driver\stm32l0xx_hal.o
                0x080002a4                HAL_Init
 .text.HAL_IncTick
                0x080002cc       0x10 Drivers\STM32L0xx_HAL_Driver\stm32l0xx_hal.o
                0x080002cc                HAL_IncTick
 .text.HAL_GetTick
                0x080002dc        0xc Drivers\STM32L0xx_HAL_Driver\stm32l0xx_hal.o
                0x080002dc                HAL_GetTick
 .text.HAL_NVIC_SetPriority
                0x080002e8       0x60 Drivers\STM32L0xx_HAL_Driver\stm32l0xx_hal_cortex.o
                0x080002e8                HAL_NVIC_SetPriority
 .text.HAL_SYSTICK_Config
                0x08000348       0x34 Drivers\STM32L0xx_HAL_Driver\stm32l0xx_hal_cortex.o
                0x08000348                HAL_SYSTICK_Config
 .text.RCC_SetFlashLatencyFromMSIRange
                0x0800037c       0x74 Drivers\STM32L0xx_HAL_Driver\stm32l0xx_hal_rcc.o
 .text.HAL_RCC_OscConfig
                0x080003f0      0x4e0 Drivers\STM32L0xx_HAL_Driver\stm32l0xx_hal_rcc.o
                0x080003f0                HAL_RCC_OscConfig
 .text.HAL_RCC_GetSysClockFreq
                0x080008d0       0x78 Drivers\STM32L0xx_HAL_Driver\stm32l0xx_hal_rcc.o
                0x080008d0                HAL_RCC_GetSysClockFreq
 .text.HAL_RCC_ClockConfig
                0x08000948      0x170 Drivers\STM32L0xx_HAL_Driver\stm32l0xx_hal_rcc.o
                0x08000948                HAL_RCC_ClockConfig
 .text.Reset_Handler
                0x08000ab8       0x50 Example\TrueSTUDIO\startup_stm32l051xx.o
                0x08000ab8                Reset_Handler
 .text.Default_Handler
                0x08000b08        0x2 Example\TrueSTUDIO\startup_stm32l051xx.o
                0x08000b08                ADC1_COMP_IRQHandler
                0x08000b08                TIM6_IRQHandler
                0x08000b08                PVD_IRQHandler
                0x08000b08                I2C1_IRQHandler
                0x08000b08                SPI1_IRQHandler
                0x08000b08                EXTI2_3_IRQHandler
                0x08000b08                I2C2_IRQHandler
                0x08000b08                RTC_IRQHandler
                0x08000b08                DMA1_Channel4_5_6_7_IRQHandler
                0x08000b08                EXTI4_15_IRQHandler
                0x08000b08                RCC_IRQHandler
                0x08000b08                DMA1_Channel1_IRQHandler
                0x08000b08                Default_Handler
                0x08000b08                TIM22_IRQHandler
                0x08000b08                EXTI0_1_IRQHandler
                0x08000b08                SPI2_IRQHandler
                0x08000b08                TIM21_IRQHandler
                0x08000b08                WWDG_IRQHandler
                0x08000b08                LPUART1_IRQHandler
                0x08000b08                TIM2_IRQHandler
                0x08000b08                DMA1_Channel2_3_IRQHandler
                0x08000b08                USART2_IRQHandler
                0x08000b08                FLASH_IRQHandler
                0x08000b08                USART1_IRQHandler
                0x08000b08                LPTIM1_IRQHandler
 *fill*         0x08000b0a        0x2 
 .text.startup.main
                0x08000b0c       0x64 Example\User\main.o
                0x08000b0c                main
 .text.HAL_MspInit
                0x08000b70        0x2 Example\User\stm32l0xx_hal_msp.o
                0x08000b70                HAL_MspInit
 .text.NMI_Handler
                0x08000b72        0x2 Example\User\stm32l0xx_it.o
                0x08000b72                NMI_Handler
 .text.HardFault_Handler
                0x08000b74        0x2 Example\User\stm32l0xx_it.o
                0x08000b74                HardFault_Handler
 .text.SVC_Handler
                0x08000b76        0x2 Example\User\stm32l0xx_it.o
                0x08000b76                SVC_Handler
 .text.PendSV_Handler
                0x08000b78        0x2 Example\User\stm32l0xx_it.o
                0x08000b78                PendSV_Handler
 .text.SysTick_Handler
                0x08000b7a        0x8 Example\User\stm32l0xx_it.o
                0x08000b7a                SysTick_Handler
 *fill*         0x08000b82        0x2 
 .text.__libc_init_array
                0x08000b84       0x48 e:/program files (x86)/truestudio for stm32 9.3.0/armtools/bin/../lib/gcc/arm-atollic-eabi/6.3.1/../../../../arm-atollic-eabi/lib/armv6-m\libc_nano.a(lib_a-init.o)
                0x08000b84                __libc_init_array
 *(.glue_7)
 .glue_7        0x08000bcc        0x0 linker stubs
 *(.glue_7t)
 .glue_7t       0x08000bcc        0x0 linker stubs
 *(.eh_frame)
 .eh_frame      0x08000bcc        0x0 e:/program files (x86)/truestudio for stm32 9.3.0/armtools/bin/../lib/gcc/arm-atollic-eabi/6.3.1/armv6-m/crtbegin.o
 *(.init)
 .init          0x08000bcc        0x4 e:/program files (x86)/truestudio for stm32 9.3.0/armtools/bin/../lib/gcc/arm-atollic-eabi/6.3.1/armv6-m/crti.o
                0x08000bcc                _init
 .init          0x08000bd0        0x8 e:/program files (x86)/truestudio for stm32 9.3.0/armtools/bin/../lib/gcc/arm-atollic-eabi/6.3.1/armv6-m/crtn.o
 *(.fini)
 .fini          0x08000bd8        0x4 e:/program files (x86)/truestudio for stm32 9.3.0/armtools/bin/../lib/gcc/arm-atollic-eabi/6.3.1/armv6-m/crti.o
                0x08000bd8                _fini
 .fini          0x08000bdc        0x8 e:/program files (x86)/truestudio for stm32 9.3.0/armtools/bin/../lib/gcc/arm-atollic-eabi/6.3.1/armv6-m/crtn.o
                0x08000be4                . = ALIGN (0x4)
                0x08000be4                _etext = .

.vfp11_veneer   0x08000be4        0x0
 .vfp11_veneer  0x08000be4        0x0 linker stubs

.v4_bx          0x08000be4        0x0
 .v4_bx         0x08000be4        0x0 linker stubs

.iplt           0x08000be4        0x0
 .iplt          0x08000be4        0x0 e:/program files (x86)/truestudio for stm32 9.3.0/armtools/bin/../lib/gcc/arm-atollic-eabi/6.3.1/armv6-m/crtbegin.o

.rodata         0x08000be4       0x1c
                0x08000be4                . = ALIGN (0x4)
 *(.rodata)
 *(.rodata*)
 .rodata.AHBPrescTable
                0x08000be4       0x10 Drivers\CMSIS\system_stm32l0xx.o
                0x08000be4                AHBPrescTable
 .rodata.PLLMulTable
                0x08000bf4        0x9 Drivers\CMSIS\system_stm32l0xx.o
                0x08000bf4                PLLMulTable
                0x08000c00                . = ALIGN (0x4)
 *fill*         0x08000bfd        0x3 

.rel.dyn        0x08000c00        0x0
 .rel.iplt      0x08000c00        0x0 e:/program files (x86)/truestudio for stm32 9.3.0/armtools/bin/../lib/gcc/arm-atollic-eabi/6.3.1/armv6-m/crtbegin.o

.ARM.extab
 *(.ARM.extab* .gnu.linkonce.armextab.*)

.ARM            0x08000c00        0x0
                0x08000c00                __exidx_start = .
 *(.ARM.exidx*)
                0x08000c00                __exidx_end = .

.preinit_array  0x08000c00        0x0
                0x08000c00                PROVIDE (__preinit_array_start, .)
 *(.preinit_array*)
                0x08000c00                PROVIDE (__preinit_array_end, .)

.init_array     0x08000c00        0x4
                0x08000c00                PROVIDE (__init_array_start, .)
 *(SORT(.init_array.*))
 *(.init_array*)
 .init_array    0x08000c00        0x4 e:/program files (x86)/truestudio for stm32 9.3.0/armtools/bin/../lib/gcc/arm-atollic-eabi/6.3.1/armv6-m/crtbegin.o
                0x08000c04                PROVIDE (__init_array_end, .)

.fini_array     0x08000c04        0x4
                [!provide]                PROVIDE (__fini_array_start, .)
 *(SORT(.fini_array.*))
 *(.fini_array*)
 .fini_array    0x08000c04        0x4 e:/program files (x86)/truestudio for stm32 9.3.0/armtools/bin/../lib/gcc/arm-atollic-eabi/6.3.1/armv6-m/crtbegin.o
                [!provide]                PROVIDE (__fini_array_end, .)
                0x08000c08                _sidata = LOADADDR (.data)

.data           0x20000000        0x4 load address 0x08000c08
                0x20000000                . = ALIGN (0x4)
                0x20000000                _sdata = .
 *(.data)
 *(.data*)
 .data.SystemCoreClock
                0x20000000        0x4 Drivers\CMSIS\system_stm32l0xx.o
                0x20000000                SystemCoreClock
                0x20000004                . = ALIGN (0x4)
                0x20000004                _edata = .

.igot.plt       0x20000004        0x0 load address 0x08000c0c
 .igot.plt      0x20000004        0x0 e:/program files (x86)/truestudio for stm32 9.3.0/armtools/bin/../lib/gcc/arm-atollic-eabi/6.3.1/armv6-m/crtbegin.o
                0x20000004                . = ALIGN (0x4)

.bss            0x20000004       0x20 load address 0x08000c0c
                0x20000004                _sbss = .
                0x20000004                __bss_start__ = _sbss
 *(.bss)
 .bss           0x20000004       0x1c e:/program files (x86)/truestudio for stm32 9.3.0/armtools/bin/../lib/gcc/arm-atollic-eabi/6.3.1/armv6-m/crtbegin.o
 *(.bss*)
 *(COMMON)
 COMMON         0x20000020        0x4 Drivers\STM32L0xx_HAL_Driver\stm32l0xx_hal.o
                0x20000020                uwTick
                0x20000024                . = ALIGN (0x4)
                0x20000024                _ebss = .
                0x20000024                __bss_end__ = _ebss

._user_heap_stack
                0x20000024       0x80 load address 0x08000c0c
                0x20000024                . = ALIGN (0x4)
                [!provide]                PROVIDE (end, .)
                [!provide]                PROVIDE (_end, .)
                0x20000024                . = (. + _Min_Heap_Size)
                0x200000a4                . = (. + _Min_Stack_Size)
 *fill*         0x20000024       0x80 
                0x200000a4                . = ALIGN (0x4)

.memory_b1_text
 *(.mb1text)
 *(.mb1text*)
 *(.mb1rodata)
 *(.mb1rodata*)

/DISCARD/
 libc.a(*)
 libm.a(*)
 libgcc.a(*)

.ARM.attributes
                0x00000000       0x28
 *(.ARM.attributes)
 .ARM.attributes
                0x00000000       0x1e e:/program files (x86)/truestudio for stm32 9.3.0/armtools/bin/../lib/gcc/arm-atollic-eabi/6.3.1/armv6-m/crti.o
 .ARM.attributes
                0x0000001e       0x2c e:/program files (x86)/truestudio for stm32 9.3.0/armtools/bin/../lib/gcc/arm-atollic-eabi/6.3.1/armv6-m/crtbegin.o
 .ARM.attributes
                0x0000004a       0x32 Drivers\CMSIS\system_stm32l0xx.o
 .ARM.attributes
                0x0000007c       0x32 Drivers\STM32L0xx_HAL_Driver\stm32l0xx_hal.o
 .ARM.attributes
                0x000000ae       0x32 Drivers\STM32L0xx_HAL_Driver\stm32l0xx_hal_cortex.o
 .ARM.attributes
                0x000000e0       0x32 Drivers\STM32L0xx_HAL_Driver\stm32l0xx_hal_rcc.o
 .ARM.attributes
                0x00000112       0x22 Example\TrueSTUDIO\startup_stm32l051xx.o
 .ARM.attributes
                0x00000134       0x32 Example\User\main.o
 .ARM.attributes
                0x00000166       0x32 Example\User\stm32l0xx_hal_msp.o
 .ARM.attributes
                0x00000198       0x32 Example\User\stm32l0xx_it.o
 .ARM.attributes
                0x000001ca       0x2c e:/program files (x86)/truestudio for stm32 9.3.0/armtools/bin/../lib/gcc/arm-atollic-eabi/6.3.1/../../../../arm-atollic-eabi/lib/armv6-m\libc_nano.a(lib_a-init.o)
 .ARM.attributes
                0x000001f6       0x1e e:/program files (x86)/truestudio for stm32 9.3.0/armtools/bin/../lib/gcc/arm-atollic-eabi/6.3.1/armv6-m\libgcc.a(_udivsi3.o)
 .ARM.attributes
                0x00000214       0x1e e:/program files (x86)/truestudio for stm32 9.3.0/armtools/bin/../lib/gcc/arm-atollic-eabi/6.3.1/armv6-m\libgcc.a(_dvmd_tls.o)
 .ARM.attributes
                0x00000232       0x1e e:/program files (x86)/truestudio for stm32 9.3.0/armtools/bin/../lib/gcc/arm-atollic-eabi/6.3.1/armv6-m/crtn.o
OUTPUT(STM32L053C8_Discovery.elf elf32-littlearm)

.debug_info     0x00000000     0x6075
 .debug_info    0x00000000      0xb9e Drivers\CMSIS\system_stm32l0xx.o
 .debug_info    0x00000b9e      0xfc7 Drivers\STM32L0xx_HAL_Driver\stm32l0xx_hal.o
 .debug_info    0x00001b65     0x113f Drivers\STM32L0xx_HAL_Driver\stm32l0xx_hal_cortex.o
 .debug_info    0x00002ca4     0x1394 Drivers\STM32L0xx_HAL_Driver\stm32l0xx_hal_rcc.o
 .debug_info    0x00004038       0xba Example\TrueSTUDIO\startup_stm32l051xx.o
 .debug_info    0x000040f2      0xcad Example\User\main.o
 .debug_info    0x00004d9f      0x946 Example\User\stm32l0xx_hal_msp.o
 .debug_info    0x000056e5      0x990 Example\User\stm32l0xx_it.o

.debug_abbrev   0x00000000     0x107b
 .debug_abbrev  0x00000000      0x1ca Drivers\CMSIS\system_stm32l0xx.o
 .debug_abbrev  0x000001ca      0x2c0 Drivers\STM32L0xx_HAL_Driver\stm32l0xx_hal.o
 .debug_abbrev  0x0000048a      0x319 Drivers\STM32L0xx_HAL_Driver\stm32l0xx_hal_cortex.o
 .debug_abbrev  0x000007a3      0x335 Drivers\STM32L0xx_HAL_Driver\stm32l0xx_hal_rcc.o
 .debug_abbrev  0x00000ad8       0x12 Example\TrueSTUDIO\startup_stm32l051xx.o
 .debug_abbrev  0x00000aea      0x231 Example\User\main.o
 .debug_abbrev  0x00000d1b      0x189 Example\User\stm32l0xx_hal_msp.o
 .debug_abbrev  0x00000ea4      0x1d7 Example\User\stm32l0xx_it.o

.debug_loc      0x00000000      0xbae
 .debug_loc     0x00000000      0x17f Drivers\CMSIS\system_stm32l0xx.o
 .debug_loc     0x0000017f       0xac Drivers\STM32L0xx_HAL_Driver\stm32l0xx_hal.o
 .debug_loc     0x0000022b      0x3cc Drivers\STM32L0xx_HAL_Driver\stm32l0xx_hal_cortex.o
 .debug_loc     0x000005f7      0x5b7 Drivers\STM32L0xx_HAL_Driver\stm32l0xx_hal_rcc.o

.debug_aranges  0x00000000      0x2a0
 .debug_aranges
                0x00000000       0x28 Drivers\CMSIS\system_stm32l0xx.o
 .debug_aranges
                0x00000028       0xd8 Drivers\STM32L0xx_HAL_Driver\stm32l0xx_hal.o
 .debug_aranges
                0x00000100       0x80 Drivers\STM32L0xx_HAL_Driver\stm32l0xx_hal_cortex.o
 .debug_aranges
                0x00000180       0x88 Drivers\STM32L0xx_HAL_Driver\stm32l0xx_hal_rcc.o
 .debug_aranges
                0x00000208       0x28 Example\TrueSTUDIO\startup_stm32l051xx.o
 .debug_aranges
                0x00000230       0x20 Example\User\main.o
 .debug_aranges
                0x00000250       0x20 Example\User\stm32l0xx_hal_msp.o
 .debug_aranges
                0x00000270       0x30 Example\User\stm32l0xx_it.o

.debug_ranges   0x00000000      0x328
 .debug_ranges  0x00000000       0x18 Drivers\CMSIS\system_stm32l0xx.o
 .debug_ranges  0x00000018       0xc8 Drivers\STM32L0xx_HAL_Driver\stm32l0xx_hal.o
 .debug_ranges  0x000000e0      0x128 Drivers\STM32L0xx_HAL_Driver\stm32l0xx_hal_cortex.o
 .debug_ranges  0x00000208       0xc0 Drivers\STM32L0xx_HAL_Driver\stm32l0xx_hal_rcc.o
 .debug_ranges  0x000002c8       0x20 Example\TrueSTUDIO\startup_stm32l051xx.o
 .debug_ranges  0x000002e8       0x10 Example\User\main.o
 .debug_ranges  0x000002f8       0x10 Example\User\stm32l0xx_hal_msp.o
 .debug_ranges  0x00000308       0x20 Example\User\stm32l0xx_it.o

.debug_line     0x00000000     0x1a01
 .debug_line    0x00000000      0x292 Drivers\CMSIS\system_stm32l0xx.o
 .debug_line    0x00000292      0x4c4 Drivers\STM32L0xx_HAL_Driver\stm32l0xx_hal.o
 .debug_line    0x00000756      0x4a3 Drivers\STM32L0xx_HAL_Driver\stm32l0xx_hal_cortex.o
 .debug_line    0x00000bf9      0x67b Drivers\STM32L0xx_HAL_Driver\stm32l0xx_hal_rcc.o
 .debug_line    0x00001274       0x7e Example\TrueSTUDIO\startup_stm32l051xx.o
 .debug_line    0x000012f2      0x29c Example\User\main.o
 .debug_line    0x0000158e      0x208 Example\User\stm32l0xx_hal_msp.o
 .debug_line    0x00001796      0x26b Example\User\stm32l0xx_it.o

.debug_str      0x00000000     0x1372
 .debug_str     0x00000000      0x6f5 Drivers\CMSIS\system_stm32l0xx.o
                                0x777 (size before relaxing)
 .debug_str     0x000006f5      0x542 Drivers\STM32L0xx_HAL_Driver\stm32l0xx_hal.o
                                0xc2e (size before relaxing)
 .debug_str     0x00000c37      0x2a9 Drivers\STM32L0xx_HAL_Driver\stm32l0xx_hal_cortex.o
                                0xba6 (size before relaxing)
 .debug_str     0x00000ee0      0x3c1 Drivers\STM32L0xx_HAL_Driver\stm32l0xx_hal_rcc.o
                                0xb85 (size before relaxing)
 .debug_str     0x000012a1       0x3a Example\User\main.o
                                0x8bf (size before relaxing)
 .debug_str     0x000012db       0x21 Example\User\stm32l0xx_hal_msp.o
                                0x689 (size before relaxing)
 .debug_str     0x000012fc       0x76 Example\User\stm32l0xx_it.o
                                0x6d0 (size before relaxing)

.comment        0x00000000       0x7c
 .comment       0x00000000       0x7c Drivers\CMSIS\system_stm32l0xx.o
                                 0x7d (size before relaxing)
 .comment       0x0000007c       0x7d Drivers\STM32L0xx_HAL_Driver\stm32l0xx_hal.o
 .comment       0x0000007c       0x7d Drivers\STM32L0xx_HAL_Driver\stm32l0xx_hal_cortex.o
 .comment       0x0000007c       0x7d Drivers\STM32L0xx_HAL_Driver\stm32l0xx_hal_rcc.o
 .comment       0x0000007c       0x7d Example\User\main.o
 .comment       0x0000007c       0x7d Example\User\stm32l0xx_hal_msp.o
 .comment       0x0000007c       0x7d Example\User\stm32l0xx_it.o

.debug_frame    0x00000000      0x56c
 .debug_frame   0x00000000       0x3c Drivers\CMSIS\system_stm32l0xx.o
 .debug_frame   0x0000003c      0x1c4 Drivers\STM32L0xx_HAL_Driver\stm32l0xx_hal.o
 .debug_frame   0x00000200       0xfc Drivers\STM32L0xx_HAL_Driver\stm32l0xx_hal_cortex.o
 .debug_frame   0x000002fc      0x154 Drivers\STM32L0xx_HAL_Driver\stm32l0xx_hal_rcc.o
 .debug_frame   0x00000450       0x28 Example\User\main.o
 .debug_frame   0x00000478       0x30 Example\User\stm32l0xx_hal_msp.o
 .debug_frame   0x000004a8       0x78 Example\User\stm32l0xx_it.o
 .debug_frame   0x00000520       0x2c e:/program files (x86)/truestudio for stm32 9.3.0/armtools/bin/../lib/gcc/arm-atollic-eabi/6.3.1/../../../../arm-atollic-eabi/lib/armv6-m\libc_nano.a(lib_a-init.o)
 .debug_frame   0x0000054c       0x20 e:/program files (x86)/truestudio for stm32 9.3.0/armtools/bin/../lib/gcc/arm-atollic-eabi/6.3.1/armv6-m\libgcc.a(_udivsi3.o)

Cross Reference Table

Symbol                                            File
ADC1_COMP_IRQHandler                              Example\TrueSTUDIO\startup_stm32l051xx.o
AHBPrescTable                                     Drivers\CMSIS\system_stm32l0xx.o
                                                  Drivers\STM32L0xx_HAL_Driver\stm32l0xx_hal_rcc.o
APBPrescTable                                     Drivers\CMSIS\system_stm32l0xx.o
                                                  Drivers\STM32L0xx_HAL_Driver\stm32l0xx_hal_rcc.o
BSP_GetVersion                                    Drivers\BSP\STM32L053C8_Discovery\stm32l0538_discovery.o
BSP_LED_Init                                      Drivers\BSP\STM32L053C8_Discovery\stm32l0538_discovery.o
BSP_LED_Off                                       Drivers\BSP\STM32L053C8_Discovery\stm32l0538_discovery.o
BSP_LED_On                                        Drivers\BSP\STM32L053C8_Discovery\stm32l0538_discovery.o
BSP_LED_Toggle                                    Drivers\BSP\STM32L053C8_Discovery\stm32l0538_discovery.o
BSP_PB_GetState                                   Drivers\BSP\STM32L053C8_Discovery\stm32l0538_discovery.o
BSP_PB_Init                                       Drivers\BSP\STM32L053C8_Discovery\stm32l0538_discovery.o
BUTTON_IRQn                                       Drivers\BSP\STM32L053C8_Discovery\stm32l0538_discovery.o
BUTTON_PIN                                        Drivers\BSP\STM32L053C8_Discovery\stm32l0538_discovery.o
BUTTON_PORT                                       Drivers\BSP\STM32L053C8_Discovery\stm32l0538_discovery.o
DMA1_Channel1_IRQHandler                          Example\TrueSTUDIO\startup_stm32l051xx.o
DMA1_Channel2_3_IRQHandler                        Example\TrueSTUDIO\startup_stm32l051xx.o
DMA1_Channel4_5_6_7_IRQHandler                    Example\TrueSTUDIO\startup_stm32l051xx.o
DebugMon_Handler                                  Example\User\stm32l0xx_it.o
Default_Handler                                   Example\TrueSTUDIO\startup_stm32l051xx.o
EPD_Delay                                         Drivers\BSP\STM32L053C8_Discovery\stm32l0538_discovery.o
EPD_IO_Init                                       Drivers\BSP\STM32L053C8_Discovery\stm32l0538_discovery.o
EPD_IO_ReadData                                   Drivers\BSP\STM32L053C8_Discovery\stm32l0538_discovery.o
EPD_IO_WriteData                                  Drivers\BSP\STM32L053C8_Discovery\stm32l0538_discovery.o
EPD_IO_WriteReg                                   Drivers\BSP\STM32L053C8_Discovery\stm32l0538_discovery.o
EXTI0_1_IRQHandler                                Example\TrueSTUDIO\startup_stm32l051xx.o
EXTI2_3_IRQHandler                                Example\TrueSTUDIO\startup_stm32l051xx.o
EXTI4_15_IRQHandler                               Example\TrueSTUDIO\startup_stm32l051xx.o
FLASH_IRQHandler                                  Example\TrueSTUDIO\startup_stm32l051xx.o
FLASH_PageErase                                   Drivers\STM32L0xx_HAL_Driver\stm32l0xx_hal_flash_ex.o
                                                  Drivers\STM32L0xx_HAL_Driver\stm32l0xx_hal_flash.o
FLASH_WaitForLastOperation                        Drivers\STM32L0xx_HAL_Driver\stm32l0xx_hal_flash.o
                                                  Drivers\STM32L0xx_HAL_Driver\stm32l0xx_hal_flash_ex.o
GPIO_PIN                                          Drivers\BSP\STM32L053C8_Discovery\stm32l0538_discovery.o
GPIO_PORT                                         Drivers\BSP\STM32L053C8_Discovery\stm32l0538_discovery.o
HAL_ADCEx_Calibration_GetValue                    Drivers\STM32L0xx_HAL_Driver\stm32l0xx_hal_adc_ex.o
HAL_ADCEx_Calibration_SetValue                    Drivers\STM32L0xx_HAL_Driver\stm32l0xx_hal_adc_ex.o
HAL_ADCEx_Calibration_Start                       Drivers\STM32L0xx_HAL_Driver\stm32l0xx_hal_adc_ex.o
HAL_ADCEx_DisableVREFINT                          Drivers\STM32L0xx_HAL_Driver\stm32l0xx_hal_adc_ex.o
HAL_ADCEx_DisableVREFINTTempSensor                Drivers\STM32L0xx_HAL_Driver\stm32l0xx_hal_adc_ex.o
HAL_ADCEx_EnableVREFINT                           Drivers\STM32L0xx_HAL_Driver\stm32l0xx_hal_adc_ex.o
HAL_ADCEx_EnableVREFINTTempSensor                 Drivers\STM32L0xx_HAL_Driver\stm32l0xx_hal_adc_ex.o
HAL_ADC_AnalogWDGConfig                           Drivers\STM32L0xx_HAL_Driver\stm32l0xx_hal_adc.o
HAL_ADC_ConfigChannel                             Drivers\STM32L0xx_HAL_Driver\stm32l0xx_hal_adc.o
HAL_ADC_ConvCpltCallback                          Drivers\STM32L0xx_HAL_Driver\stm32l0xx_hal_adc.o
HAL_ADC_ConvHalfCpltCallback                      Drivers\STM32L0xx_HAL_Driver\stm32l0xx_hal_adc.o
HAL_ADC_DeInit                                    Drivers\STM32L0xx_HAL_Driver\stm32l0xx_hal_adc.o
HAL_ADC_ErrorCallback                             Drivers\STM32L0xx_HAL_Driver\stm32l0xx_hal_adc.o
HAL_ADC_GetError                                  Drivers\STM32L0xx_HAL_Driver\stm32l0xx_hal_adc.o
HAL_ADC_GetState                                  Drivers\STM32L0xx_HAL_Driver\stm32l0xx_hal_adc.o
HAL_ADC_GetValue                                  Drivers\STM32L0xx_HAL_Driver\stm32l0xx_hal_adc.o
HAL_ADC_IRQHandler                                Drivers\STM32L0xx_HAL_Driver\stm32l0xx_hal_adc.o
HAL_ADC_Init                                      Drivers\STM32L0xx_HAL_Driver\stm32l0xx_hal_adc.o
HAL_ADC_LevelOutOfWindowCallback                  Drivers\STM32L0xx_HAL_Driver\stm32l0xx_hal_adc.o
HAL_ADC_MspDeInit                                 Drivers\STM32L0xx_HAL_Driver\stm32l0xx_hal_adc.o
HAL_ADC_MspInit                                   Drivers\STM32L0xx_HAL_Driver\stm32l0xx_hal_adc.o
HAL_ADC_PollForConversion                         Drivers\STM32L0xx_HAL_Driver\stm32l0xx_hal_adc.o
HAL_ADC_PollForEvent                              Drivers\STM32L0xx_HAL_Driver\stm32l0xx_hal_adc.o
HAL_ADC_Start                                     Drivers\STM32L0xx_HAL_Driver\stm32l0xx_hal_adc.o
HAL_ADC_Start_DMA                                 Drivers\STM32L0xx_HAL_Driver\stm32l0xx_hal_adc.o
HAL_ADC_Start_IT                                  Drivers\STM32L0xx_HAL_Driver\stm32l0xx_hal_adc.o
HAL_ADC_Stop                                      Drivers\STM32L0xx_HAL_Driver\stm32l0xx_hal_adc.o
HAL_ADC_Stop_DMA                                  Drivers\STM32L0xx_HAL_Driver\stm32l0xx_hal_adc.o
HAL_ADC_Stop_IT                                   Drivers\STM32L0xx_HAL_Driver\stm32l0xx_hal_adc.o
HAL_COMP_DeInit                                   Drivers\STM32L0xx_HAL_Driver\stm32l0xx_hal_comp.o
HAL_COMP_GetOutputLevel                           Drivers\STM32L0xx_HAL_Driver\stm32l0xx_hal_comp.o
HAL_COMP_GetState                                 Drivers\STM32L0xx_HAL_Driver\stm32l0xx_hal_comp.o
HAL_COMP_IRQHandler                               Drivers\STM32L0xx_HAL_Driver\stm32l0xx_hal_comp.o
HAL_COMP_Init                                     Drivers\STM32L0xx_HAL_Driver\stm32l0xx_hal_comp.o
HAL_COMP_Lock                                     Drivers\STM32L0xx_HAL_Driver\stm32l0xx_hal_comp.o
HAL_COMP_MspDeInit                                Drivers\STM32L0xx_HAL_Driver\stm32l0xx_hal_comp.o
HAL_COMP_MspInit                                  Drivers\STM32L0xx_HAL_Driver\stm32l0xx_hal_comp.o
HAL_COMP_Start                                    Drivers\STM32L0xx_HAL_Driver\stm32l0xx_hal_comp.o
HAL_COMP_Stop                                     Drivers\STM32L0xx_HAL_Driver\stm32l0xx_hal_comp.o
HAL_COMP_TriggerCallback                          Drivers\STM32L0xx_HAL_Driver\stm32l0xx_hal_comp.o
HAL_CRCEx_Input_Data_Reverse                      Drivers\STM32L0xx_HAL_Driver\stm32l0xx_hal_crc_ex.o
HAL_CRCEx_Output_Data_Reverse                     Drivers\STM32L0xx_HAL_Driver\stm32l0xx_hal_crc_ex.o
HAL_CRCEx_Polynomial_Set                          Drivers\STM32L0xx_HAL_Driver\stm32l0xx_hal_crc_ex.o
                                                  Drivers\STM32L0xx_HAL_Driver\stm32l0xx_hal_crc.o
HAL_CRC_Accumulate                                Drivers\STM32L0xx_HAL_Driver\stm32l0xx_hal_crc.o
HAL_CRC_Calculate                                 Drivers\STM32L0xx_HAL_Driver\stm32l0xx_hal_crc.o
HAL_CRC_DeInit                                    Drivers\STM32L0xx_HAL_Driver\stm32l0xx_hal_crc.o
HAL_CRC_GetState                                  Drivers\STM32L0xx_HAL_Driver\stm32l0xx_hal_crc.o
HAL_CRC_Init                                      Drivers\STM32L0xx_HAL_Driver\stm32l0xx_hal_crc.o
HAL_CRC_MspDeInit                                 Drivers\STM32L0xx_HAL_Driver\stm32l0xx_hal_crc.o
HAL_CRC_MspInit                                   Drivers\STM32L0xx_HAL_Driver\stm32l0xx_hal_crc.o
HAL_DACEx_NoiseWaveGenerate                       Drivers\STM32L0xx_HAL_Driver\stm32l0xx_hal_dac_ex.o
HAL_DACEx_TriangleWaveGenerate                    Drivers\STM32L0xx_HAL_Driver\stm32l0xx_hal_dac_ex.o
HAL_DAC_ConfigChannel                             Drivers\STM32L0xx_HAL_Driver\stm32l0xx_hal_dac.o
HAL_DAC_ConvCpltCallbackCh1                       Drivers\STM32L0xx_HAL_Driver\stm32l0xx_hal_dac.o
                                                  Drivers\STM32L0xx_HAL_Driver\stm32l0xx_hal_dac_ex.o
HAL_DAC_ConvHalfCpltCallbackCh1                   Drivers\STM32L0xx_HAL_Driver\stm32l0xx_hal_dac.o
                                                  Drivers\STM32L0xx_HAL_Driver\stm32l0xx_hal_dac_ex.o
HAL_DAC_DMAUnderrunCallbackCh1                    Drivers\STM32L0xx_HAL_Driver\stm32l0xx_hal_dac.o
                                                  Drivers\STM32L0xx_HAL_Driver\stm32l0xx_hal_dac_ex.o
HAL_DAC_DeInit                                    Drivers\STM32L0xx_HAL_Driver\stm32l0xx_hal_dac.o
HAL_DAC_ErrorCallbackCh1                          Drivers\STM32L0xx_HAL_Driver\stm32l0xx_hal_dac.o
                                                  Drivers\STM32L0xx_HAL_Driver\stm32l0xx_hal_dac_ex.o
HAL_DAC_GetError                                  Drivers\STM32L0xx_HAL_Driver\stm32l0xx_hal_dac.o
HAL_DAC_GetState                                  Drivers\STM32L0xx_HAL_Driver\stm32l0xx_hal_dac.o
HAL_DAC_GetValue                                  Drivers\STM32L0xx_HAL_Driver\stm32l0xx_hal_dac_ex.o
                                                  Drivers\STM32L0xx_HAL_Driver\stm32l0xx_hal_dac.o
HAL_DAC_IRQHandler                                Drivers\STM32L0xx_HAL_Driver\stm32l0xx_hal_dac_ex.o
                                                  Drivers\STM32L0xx_HAL_Driver\stm32l0xx_hal_dac.o
HAL_DAC_Init                                      Drivers\STM32L0xx_HAL_Driver\stm32l0xx_hal_dac.o
HAL_DAC_MspDeInit                                 Drivers\STM32L0xx_HAL_Driver\stm32l0xx_hal_dac.o
HAL_DAC_MspInit                                   Drivers\STM32L0xx_HAL_Driver\stm32l0xx_hal_dac.o
HAL_DAC_SetValue                                  Drivers\STM32L0xx_HAL_Driver\stm32l0xx_hal_dac_ex.o
                                                  Drivers\STM32L0xx_HAL_Driver\stm32l0xx_hal_dac.o
HAL_DAC_Start                                     Drivers\STM32L0xx_HAL_Driver\stm32l0xx_hal_dac_ex.o
                                                  Drivers\STM32L0xx_HAL_Driver\stm32l0xx_hal_dac.o
HAL_DAC_Start_DMA                                 Drivers\STM32L0xx_HAL_Driver\stm32l0xx_hal_dac_ex.o
                                                  Drivers\STM32L0xx_HAL_Driver\stm32l0xx_hal_dac.o
HAL_DAC_Stop                                      Drivers\STM32L0xx_HAL_Driver\stm32l0xx_hal_dac.o
HAL_DAC_Stop_DMA                                  Drivers\STM32L0xx_HAL_Driver\stm32l0xx_hal_dac_ex.o
                                                  Drivers\STM32L0xx_HAL_Driver\stm32l0xx_hal_dac.o
HAL_DBGMCU_DBG_DisableLowPowerConfig              Drivers\STM32L0xx_HAL_Driver\stm32l0xx_hal.o
HAL_DBGMCU_DBG_EnableLowPowerConfig               Drivers\STM32L0xx_HAL_Driver\stm32l0xx_hal.o
HAL_DBGMCU_DisableDBGSleepMode                    Drivers\STM32L0xx_HAL_Driver\stm32l0xx_hal.o
HAL_DBGMCU_DisableDBGStandbyMode                  Drivers\STM32L0xx_HAL_Driver\stm32l0xx_hal.o
HAL_DBGMCU_DisableDBGStopMode                     Drivers\STM32L0xx_HAL_Driver\stm32l0xx_hal.o
HAL_DBGMCU_EnableDBGSleepMode                     Drivers\STM32L0xx_HAL_Driver\stm32l0xx_hal.o
HAL_DBGMCU_EnableDBGStandbyMode                   Drivers\STM32L0xx_HAL_Driver\stm32l0xx_hal.o
HAL_DBGMCU_EnableDBGStopMode                      Drivers\STM32L0xx_HAL_Driver\stm32l0xx_hal.o
HAL_DMA_Abort                                     Drivers\STM32L0xx_HAL_Driver\stm32l0xx_hal_dma.o
                                                  Drivers\STM32L0xx_HAL_Driver\stm32l0xx_hal_usart.o
                                                  Drivers\STM32L0xx_HAL_Driver\stm32l0xx_hal_uart.o
                                                  Drivers\STM32L0xx_HAL_Driver\stm32l0xx_hal_tim.o
                                                  Drivers\STM32L0xx_HAL_Driver\stm32l0xx_hal_spi.o
                                                  Drivers\STM32L0xx_HAL_Driver\stm32l0xx_hal_smartcard.o
                                                  Drivers\STM32L0xx_HAL_Driver\stm32l0xx_hal_irda.o
                                                  Drivers\STM32L0xx_HAL_Driver\stm32l0xx_hal_i2s.o
                                                  Drivers\STM32L0xx_HAL_Driver\stm32l0xx_hal_dac_ex.o
                                                  Drivers\STM32L0xx_HAL_Driver\stm32l0xx_hal_adc.o
HAL_DMA_Abort_IT                                  Drivers\STM32L0xx_HAL_Driver\stm32l0xx_hal_dma.o
                                                  Drivers\STM32L0xx_HAL_Driver\stm32l0xx_hal_usart.o
                                                  Drivers\STM32L0xx_HAL_Driver\stm32l0xx_hal_uart.o
                                                  Drivers\STM32L0xx_HAL_Driver\stm32l0xx_hal_smartcard.o
                                                  Drivers\STM32L0xx_HAL_Driver\stm32l0xx_hal_irda.o
                                                  Drivers\STM32L0xx_HAL_Driver\stm32l0xx_hal_i2c.o
HAL_DMA_DeInit                                    Drivers\STM32L0xx_HAL_Driver\stm32l0xx_hal_dma.o
HAL_DMA_GetError                                  Drivers\STM32L0xx_HAL_Driver\stm32l0xx_hal_dma.o
HAL_DMA_GetState                                  Drivers\STM32L0xx_HAL_Driver\stm32l0xx_hal_dma.o
HAL_DMA_IRQHandler                                Drivers\STM32L0xx_HAL_Driver\stm32l0xx_hal_dma.o
HAL_DMA_Init                                      Drivers\STM32L0xx_HAL_Driver\stm32l0xx_hal_dma.o
HAL_DMA_PollForTransfer                           Drivers\STM32L0xx_HAL_Driver\stm32l0xx_hal_dma.o
HAL_DMA_Start                                     Drivers\STM32L0xx_HAL_Driver\stm32l0xx_hal_dma.o
HAL_DMA_Start_IT                                  Drivers\STM32L0xx_HAL_Driver\stm32l0xx_hal_dma.o
                                                  Drivers\STM32L0xx_HAL_Driver\stm32l0xx_hal_usart.o
                                                  Drivers\STM32L0xx_HAL_Driver\stm32l0xx_hal_uart.o
                                                  Drivers\STM32L0xx_HAL_Driver\stm32l0xx_hal_tim.o
                                                  Drivers\STM32L0xx_HAL_Driver\stm32l0xx_hal_spi.o
                                                  Drivers\STM32L0xx_HAL_Driver\stm32l0xx_hal_smartcard.o
                                                  Drivers\STM32L0xx_HAL_Driver\stm32l0xx_hal_irda.o
                                                  Drivers\STM32L0xx_HAL_Driver\stm32l0xx_hal_i2s.o
                                                  Drivers\STM32L0xx_HAL_Driver\stm32l0xx_hal_i2c.o
                                                  Drivers\STM32L0xx_HAL_Driver\stm32l0xx_hal_dac_ex.o
                                                  Drivers\STM32L0xx_HAL_Driver\stm32l0xx_hal_adc.o
HAL_DeInit                                        Drivers\STM32L0xx_HAL_Driver\stm32l0xx_hal.o
HAL_Delay                                         Drivers\STM32L0xx_HAL_Driver\stm32l0xx_hal.o
                                                  Drivers\STM32L0xx_HAL_Driver\stm32l0xx_hal_pcd_ex.o
                                                  Drivers\BSP\STM32L053C8_Discovery\stm32l0538_discovery.o
HAL_FLASHEx_AdvOBGetConfig                        Drivers\STM32L0xx_HAL_Driver\stm32l0xx_hal_flash_ex.o
HAL_FLASHEx_AdvOBProgram                          Drivers\STM32L0xx_HAL_Driver\stm32l0xx_hal_flash_ex.o
HAL_FLASHEx_DATAEEPROM_DisableFixedTimeProgram    Drivers\STM32L0xx_HAL_Driver\stm32l0xx_hal_flash_ex.o
HAL_FLASHEx_DATAEEPROM_EnableFixedTimeProgram     Drivers\STM32L0xx_HAL_Driver\stm32l0xx_hal_flash_ex.o
HAL_FLASHEx_DATAEEPROM_Erase                      Drivers\STM32L0xx_HAL_Driver\stm32l0xx_hal_flash_ex.o
HAL_FLASHEx_DATAEEPROM_Lock                       Drivers\STM32L0xx_HAL_Driver\stm32l0xx_hal_flash_ex.o
HAL_FLASHEx_DATAEEPROM_Program                    Drivers\STM32L0xx_HAL_Driver\stm32l0xx_hal_flash_ex.o
HAL_FLASHEx_DATAEEPROM_Unlock                     Drivers\STM32L0xx_HAL_Driver\stm32l0xx_hal_flash_ex.o
HAL_FLASHEx_DisableRunPowerDown                   Drivers\STM32L0xx_HAL_Driver\stm32l0xx_hal_flash_ramfunc.o
HAL_FLASHEx_EnableRunPowerDown                    Drivers\STM32L0xx_HAL_Driver\stm32l0xx_hal_flash_ramfunc.o
HAL_FLASHEx_Erase                                 Drivers\STM32L0xx_HAL_Driver\stm32l0xx_hal_flash_ex.o
HAL_FLASHEx_Erase_IT                              Drivers\STM32L0xx_HAL_Driver\stm32l0xx_hal_flash_ex.o
HAL_FLASHEx_GetError                              Drivers\STM32L0xx_HAL_Driver\stm32l0xx_hal_flash_ramfunc.o
HAL_FLASHEx_HalfPageProgram                       Drivers\STM32L0xx_HAL_Driver\stm32l0xx_hal_flash_ramfunc.o
HAL_FLASHEx_OBGetConfig                           Drivers\STM32L0xx_HAL_Driver\stm32l0xx_hal_flash_ex.o
HAL_FLASHEx_OBProgram                             Drivers\STM32L0xx_HAL_Driver\stm32l0xx_hal_flash_ex.o
HAL_FLASHEx_OB_DeSelectPCROP                      Drivers\STM32L0xx_HAL_Driver\stm32l0xx_hal_flash_ex.o
HAL_FLASHEx_OB_SelectPCROP                        Drivers\STM32L0xx_HAL_Driver\stm32l0xx_hal_flash_ex.o
HAL_FLASH_EndOfOperationCallback                  Drivers\STM32L0xx_HAL_Driver\stm32l0xx_hal_flash.o
HAL_FLASH_GetError                                Drivers\STM32L0xx_HAL_Driver\stm32l0xx_hal_flash.o
HAL_FLASH_IRQHandler                              Drivers\STM32L0xx_HAL_Driver\stm32l0xx_hal_flash.o
HAL_FLASH_Lock                                    Drivers\STM32L0xx_HAL_Driver\stm32l0xx_hal_flash.o
HAL_FLASH_OB_Launch                               Drivers\STM32L0xx_HAL_Driver\stm32l0xx_hal_flash.o
HAL_FLASH_OB_Lock                                 Drivers\STM32L0xx_HAL_Driver\stm32l0xx_hal_flash.o
HAL_FLASH_OB_Unlock                               Drivers\STM32L0xx_HAL_Driver\stm32l0xx_hal_flash.o
HAL_FLASH_OperationErrorCallback                  Drivers\STM32L0xx_HAL_Driver\stm32l0xx_hal_flash.o
HAL_FLASH_Program                                 Drivers\STM32L0xx_HAL_Driver\stm32l0xx_hal_flash.o
HAL_FLASH_Program_IT                              Drivers\STM32L0xx_HAL_Driver\stm32l0xx_hal_flash.o
HAL_FLASH_Unlock                                  Drivers\STM32L0xx_HAL_Driver\stm32l0xx_hal_flash.o
HAL_GPIO_DeInit                                   Drivers\STM32L0xx_HAL_Driver\stm32l0xx_hal_gpio.o
HAL_GPIO_EXTI_Callback                            Drivers\STM32L0xx_HAL_Driver\stm32l0xx_hal_gpio.o
HAL_GPIO_EXTI_IRQHandler                          Drivers\STM32L0xx_HAL_Driver\stm32l0xx_hal_gpio.o
HAL_GPIO_Init                                     Drivers\STM32L0xx_HAL_Driver\stm32l0xx_hal_gpio.o
                                                  Drivers\STM32L0xx_HAL_Driver\stm32l0xx_hal_rcc.o
                                                  Drivers\BSP\STM32L053C8_Discovery\stm32l0538_discovery.o
HAL_GPIO_LockPin                                  Drivers\STM32L0xx_HAL_Driver\stm32l0xx_hal_gpio.o
HAL_GPIO_ReadPin                                  Drivers\STM32L0xx_HAL_Driver\stm32l0xx_hal_gpio.o
                                                  Drivers\BSP\STM32L053C8_Discovery\stm32l0538_discovery.o
HAL_GPIO_TogglePin                                Drivers\STM32L0xx_HAL_Driver\stm32l0xx_hal_gpio.o
                                                  Drivers\BSP\STM32L053C8_Discovery\stm32l0538_discovery.o
HAL_GPIO_WritePin                                 Drivers\STM32L0xx_HAL_Driver\stm32l0xx_hal_gpio.o
                                                  Drivers\BSP\STM32L053C8_Discovery\stm32l0538_discovery.o
HAL_GetDEVID                                      Drivers\STM32L0xx_HAL_Driver\stm32l0xx_hal.o
                                                  Drivers\STM32L0xx_HAL_Driver\stm32l0xx_hal_comp.o
HAL_GetHalVersion                                 Drivers\STM32L0xx_HAL_Driver\stm32l0xx_hal.o
HAL_GetREVID                                      Drivers\STM32L0xx_HAL_Driver\stm32l0xx_hal.o
                                                  Drivers\STM32L0xx_HAL_Driver\stm32l0xx_hal_comp.o
HAL_GetTick                                       Drivers\STM32L0xx_HAL_Driver\stm32l0xx_hal.o
                                                  Drivers\STM32L0xx_HAL_Driver\stm32l0xx_hal_usart.o
                                                  Drivers\STM32L0xx_HAL_Driver\stm32l0xx_hal_uart_ex.o
                                                  Drivers\STM32L0xx_HAL_Driver\stm32l0xx_hal_uart.o
                                                  Drivers\STM32L0xx_HAL_Driver\stm32l0xx_hal_spi.o
                                                  Drivers\STM32L0xx_HAL_Driver\stm32l0xx_hal_smbus.o
                                                  Drivers\STM32L0xx_HAL_Driver\stm32l0xx_hal_smartcard.o
                                                  Drivers\STM32L0xx_HAL_Driver\stm32l0xx_hal_rtc_ex.o
                                                  Drivers\STM32L0xx_HAL_Driver\stm32l0xx_hal_rtc.o
                                                  Drivers\STM32L0xx_HAL_Driver\stm32l0xx_hal_rng.o
                                                  Drivers\STM32L0xx_HAL_Driver\stm32l0xx_hal_rcc_ex.o
                                                  Drivers\STM32L0xx_HAL_Driver\stm32l0xx_hal_rcc.o
                                                  Drivers\STM32L0xx_HAL_Driver\stm32l0xx_hal_pcd_ex.o
                                                  Drivers\STM32L0xx_HAL_Driver\stm32l0xx_hal_lcd.o
                                                  Drivers\STM32L0xx_HAL_Driver\stm32l0xx_hal_iwdg.o
                                                  Drivers\STM32L0xx_HAL_Driver\stm32l0xx_hal_irda.o
                                                  Drivers\STM32L0xx_HAL_Driver\stm32l0xx_hal_i2s.o
                                                  Drivers\STM32L0xx_HAL_Driver\stm32l0xx_hal_i2c.o
                                                  Drivers\STM32L0xx_HAL_Driver\stm32l0xx_hal_flash.o
                                                  Drivers\STM32L0xx_HAL_Driver\stm32l0xx_hal_dma.o
                                                  Drivers\STM32L0xx_HAL_Driver\stm32l0xx_hal_adc_ex.o
                                                  Drivers\STM32L0xx_HAL_Driver\stm32l0xx_hal_adc.o
HAL_HalfDuplex_EnableReceiver                     Drivers\STM32L0xx_HAL_Driver\stm32l0xx_hal_uart.o
HAL_HalfDuplex_EnableTransmitter                  Drivers\STM32L0xx_HAL_Driver\stm32l0xx_hal_uart.o
HAL_HalfDuplex_Init                               Drivers\STM32L0xx_HAL_Driver\stm32l0xx_hal_uart.o
HAL_I2CEx_ConfigAnalogFilter                      Drivers\STM32L0xx_HAL_Driver\stm32l0xx_hal_i2c_ex.o
HAL_I2CEx_ConfigDigitalFilter                     Drivers\STM32L0xx_HAL_Driver\stm32l0xx_hal_i2c_ex.o
HAL_I2CEx_DisableFastModePlus                     Drivers\STM32L0xx_HAL_Driver\stm32l0xx_hal_i2c_ex.o
HAL_I2CEx_DisableWakeUp                           Drivers\STM32L0xx_HAL_Driver\stm32l0xx_hal_i2c_ex.o
HAL_I2CEx_EnableFastModePlus                      Drivers\STM32L0xx_HAL_Driver\stm32l0xx_hal_i2c_ex.o
HAL_I2CEx_EnableWakeUp                            Drivers\STM32L0xx_HAL_Driver\stm32l0xx_hal_i2c_ex.o
HAL_I2C_AbortCpltCallback                         Drivers\STM32L0xx_HAL_Driver\stm32l0xx_hal_i2c.o
HAL_I2C_AddrCallback                              Drivers\STM32L0xx_HAL_Driver\stm32l0xx_hal_i2c.o
HAL_I2C_DeInit                                    Drivers\STM32L0xx_HAL_Driver\stm32l0xx_hal_i2c.o
HAL_I2C_DisableListen_IT                          Drivers\STM32L0xx_HAL_Driver\stm32l0xx_hal_i2c.o
HAL_I2C_ER_IRQHandler                             Drivers\STM32L0xx_HAL_Driver\stm32l0xx_hal_i2c.o
HAL_I2C_EV_IRQHandler                             Drivers\STM32L0xx_HAL_Driver\stm32l0xx_hal_i2c.o
HAL_I2C_EnableListen_IT                           Drivers\STM32L0xx_HAL_Driver\stm32l0xx_hal_i2c.o
HAL_I2C_ErrorCallback                             Drivers\STM32L0xx_HAL_Driver\stm32l0xx_hal_i2c.o
HAL_I2C_GetError                                  Drivers\STM32L0xx_HAL_Driver\stm32l0xx_hal_i2c.o
HAL_I2C_GetMode                                   Drivers\STM32L0xx_HAL_Driver\stm32l0xx_hal_i2c.o
HAL_I2C_GetState                                  Drivers\STM32L0xx_HAL_Driver\stm32l0xx_hal_i2c.o
HAL_I2C_Init                                      Drivers\STM32L0xx_HAL_Driver\stm32l0xx_hal_i2c.o
HAL_I2C_IsDeviceReady                             Drivers\STM32L0xx_HAL_Driver\stm32l0xx_hal_i2c.o
HAL_I2C_ListenCpltCallback                        Drivers\STM32L0xx_HAL_Driver\stm32l0xx_hal_i2c.o
HAL_I2C_MasterRxCpltCallback                      Drivers\STM32L0xx_HAL_Driver\stm32l0xx_hal_i2c.o
HAL_I2C_MasterTxCpltCallback                      Drivers\STM32L0xx_HAL_Driver\stm32l0xx_hal_i2c.o
HAL_I2C_Master_Abort_IT                           Drivers\STM32L0xx_HAL_Driver\stm32l0xx_hal_i2c.o
HAL_I2C_Master_Receive                            Drivers\STM32L0xx_HAL_Driver\stm32l0xx_hal_i2c.o
HAL_I2C_Master_Receive_DMA                        Drivers\STM32L0xx_HAL_Driver\stm32l0xx_hal_i2c.o
HAL_I2C_Master_Receive_IT                         Drivers\STM32L0xx_HAL_Driver\stm32l0xx_hal_i2c.o
HAL_I2C_Master_Sequential_Receive_IT              Drivers\STM32L0xx_HAL_Driver\stm32l0xx_hal_i2c.o
HAL_I2C_Master_Sequential_Transmit_IT             Drivers\STM32L0xx_HAL_Driver\stm32l0xx_hal_i2c.o
HAL_I2C_Master_Transmit                           Drivers\STM32L0xx_HAL_Driver\stm32l0xx_hal_i2c.o
HAL_I2C_Master_Transmit_DMA                       Drivers\STM32L0xx_HAL_Driver\stm32l0xx_hal_i2c.o
HAL_I2C_Master_Transmit_IT                        Drivers\STM32L0xx_HAL_Driver\stm32l0xx_hal_i2c.o
HAL_I2C_MemRxCpltCallback                         Drivers\STM32L0xx_HAL_Driver\stm32l0xx_hal_i2c.o
HAL_I2C_MemTxCpltCallback                         Drivers\STM32L0xx_HAL_Driver\stm32l0xx_hal_i2c.o
HAL_I2C_Mem_Read                                  Drivers\STM32L0xx_HAL_Driver\stm32l0xx_hal_i2c.o
HAL_I2C_Mem_Read_DMA                              Drivers\STM32L0xx_HAL_Driver\stm32l0xx_hal_i2c.o
HAL_I2C_Mem_Read_IT                               Drivers\STM32L0xx_HAL_Driver\stm32l0xx_hal_i2c.o
HAL_I2C_Mem_Write                                 Drivers\STM32L0xx_HAL_Driver\stm32l0xx_hal_i2c.o
HAL_I2C_Mem_Write_DMA                             Drivers\STM32L0xx_HAL_Driver\stm32l0xx_hal_i2c.o
HAL_I2C_Mem_Write_IT                              Drivers\STM32L0xx_HAL_Driver\stm32l0xx_hal_i2c.o
HAL_I2C_MspDeInit                                 Drivers\STM32L0xx_HAL_Driver\stm32l0xx_hal_i2c.o
HAL_I2C_MspInit                                   Drivers\STM32L0xx_HAL_Driver\stm32l0xx_hal_i2c.o
HAL_I2C_SlaveRxCpltCallback                       Drivers\STM32L0xx_HAL_Driver\stm32l0xx_hal_i2c.o
HAL_I2C_SlaveTxCpltCallback                       Drivers\STM32L0xx_HAL_Driver\stm32l0xx_hal_i2c.o
HAL_I2C_Slave_Receive                             Drivers\STM32L0xx_HAL_Driver\stm32l0xx_hal_i2c.o
HAL_I2C_Slave_Receive_DMA                         Drivers\STM32L0xx_HAL_Driver\stm32l0xx_hal_i2c.o
HAL_I2C_Slave_Receive_IT                          Drivers\STM32L0xx_HAL_Driver\stm32l0xx_hal_i2c.o
HAL_I2C_Slave_Sequential_Receive_IT               Drivers\STM32L0xx_HAL_Driver\stm32l0xx_hal_i2c.o
HAL_I2C_Slave_Sequential_Transmit_IT              Drivers\STM32L0xx_HAL_Driver\stm32l0xx_hal_i2c.o
HAL_I2C_Slave_Transmit                            Drivers\STM32L0xx_HAL_Driver\stm32l0xx_hal_i2c.o
HAL_I2C_Slave_Transmit_DMA                        Drivers\STM32L0xx_HAL_Driver\stm32l0xx_hal_i2c.o
HAL_I2C_Slave_Transmit_IT                         Drivers\STM32L0xx_HAL_Driver\stm32l0xx_hal_i2c.o
HAL_I2S_DMAPause                                  Drivers\STM32L0xx_HAL_Driver\stm32l0xx_hal_i2s.o
HAL_I2S_DMAResume                                 Drivers\STM32L0xx_HAL_Driver\stm32l0xx_hal_i2s.o
HAL_I2S_DMAStop                                   Drivers\STM32L0xx_HAL_Driver\stm32l0xx_hal_i2s.o
HAL_I2S_DeInit                                    Drivers\STM32L0xx_HAL_Driver\stm32l0xx_hal_i2s.o
HAL_I2S_ErrorCallback                             Drivers\STM32L0xx_HAL_Driver\stm32l0xx_hal_i2s.o
HAL_I2S_GetError                                  Drivers\STM32L0xx_HAL_Driver\stm32l0xx_hal_i2s.o
HAL_I2S_GetState                                  Drivers\STM32L0xx_HAL_Driver\stm32l0xx_hal_i2s.o
HAL_I2S_IRQHandler                                Drivers\STM32L0xx_HAL_Driver\stm32l0xx_hal_i2s.o
HAL_I2S_Init                                      Drivers\STM32L0xx_HAL_Driver\stm32l0xx_hal_i2s.o
HAL_I2S_MspDeInit                                 Drivers\STM32L0xx_HAL_Driver\stm32l0xx_hal_i2s.o
HAL_I2S_MspInit                                   Drivers\STM32L0xx_HAL_Driver\stm32l0xx_hal_i2s.o
HAL_I2S_Receive                                   Drivers\STM32L0xx_HAL_Driver\stm32l0xx_hal_i2s.o
HAL_I2S_Receive_DMA                               Drivers\STM32L0xx_HAL_Driver\stm32l0xx_hal_i2s.o
HAL_I2S_Receive_IT                                Drivers\STM32L0xx_HAL_Driver\stm32l0xx_hal_i2s.o
HAL_I2S_RxCpltCallback                            Drivers\STM32L0xx_HAL_Driver\stm32l0xx_hal_i2s.o
HAL_I2S_RxHalfCpltCallback                        Drivers\STM32L0xx_HAL_Driver\stm32l0xx_hal_i2s.o
HAL_I2S_Transmit                                  Drivers\STM32L0xx_HAL_Driver\stm32l0xx_hal_i2s.o
HAL_I2S_Transmit_DMA                              Drivers\STM32L0xx_HAL_Driver\stm32l0xx_hal_i2s.o
HAL_I2S_Transmit_IT                               Drivers\STM32L0xx_HAL_Driver\stm32l0xx_hal_i2s.o
HAL_I2S_TxCpltCallback                            Drivers\STM32L0xx_HAL_Driver\stm32l0xx_hal_i2s.o
HAL_I2S_TxHalfCpltCallback                        Drivers\STM32L0xx_HAL_Driver\stm32l0xx_hal_i2s.o
HAL_IRDA_Abort                                    Drivers\STM32L0xx_HAL_Driver\stm32l0xx_hal_irda.o
HAL_IRDA_AbortCpltCallback                        Drivers\STM32L0xx_HAL_Driver\stm32l0xx_hal_irda.o
HAL_IRDA_AbortReceive                             Drivers\STM32L0xx_HAL_Driver\stm32l0xx_hal_irda.o
HAL_IRDA_AbortReceiveCpltCallback                 Drivers\STM32L0xx_HAL_Driver\stm32l0xx_hal_irda.o
HAL_IRDA_AbortReceive_IT                          Drivers\STM32L0xx_HAL_Driver\stm32l0xx_hal_irda.o
HAL_IRDA_AbortTransmit                            Drivers\STM32L0xx_HAL_Driver\stm32l0xx_hal_irda.o
HAL_IRDA_AbortTransmitCpltCallback                Drivers\STM32L0xx_HAL_Driver\stm32l0xx_hal_irda.o
HAL_IRDA_AbortTransmit_IT                         Drivers\STM32L0xx_HAL_Driver\stm32l0xx_hal_irda.o
HAL_IRDA_Abort_IT                                 Drivers\STM32L0xx_HAL_Driver\stm32l0xx_hal_irda.o
HAL_IRDA_DMAPause                                 Drivers\STM32L0xx_HAL_Driver\stm32l0xx_hal_irda.o
HAL_IRDA_DMAResume                                Drivers\STM32L0xx_HAL_Driver\stm32l0xx_hal_irda.o
HAL_IRDA_DMAStop                                  Drivers\STM32L0xx_HAL_Driver\stm32l0xx_hal_irda.o
HAL_IRDA_DeInit                                   Drivers\STM32L0xx_HAL_Driver\stm32l0xx_hal_irda.o
HAL_IRDA_ErrorCallback                            Drivers\STM32L0xx_HAL_Driver\stm32l0xx_hal_irda.o
HAL_IRDA_GetError                                 Drivers\STM32L0xx_HAL_Driver\stm32l0xx_hal_irda.o
HAL_IRDA_GetState                                 Drivers\STM32L0xx_HAL_Driver\stm32l0xx_hal_irda.o
HAL_IRDA_IRQHandler                               Drivers\STM32L0xx_HAL_Driver\stm32l0xx_hal_irda.o
HAL_IRDA_Init                                     Drivers\STM32L0xx_HAL_Driver\stm32l0xx_hal_irda.o
HAL_IRDA_MspDeInit                                Drivers\STM32L0xx_HAL_Driver\stm32l0xx_hal_irda.o
HAL_IRDA_MspInit                                  Drivers\STM32L0xx_HAL_Driver\stm32l0xx_hal_irda.o
HAL_IRDA_Receive                                  Drivers\STM32L0xx_HAL_Driver\stm32l0xx_hal_irda.o
HAL_IRDA_Receive_DMA                              Drivers\STM32L0xx_HAL_Driver\stm32l0xx_hal_irda.o
HAL_IRDA_Receive_IT                               Drivers\STM32L0xx_HAL_Driver\stm32l0xx_hal_irda.o
HAL_IRDA_RxCpltCallback                           Drivers\STM32L0xx_HAL_Driver\stm32l0xx_hal_irda.o
HAL_IRDA_RxHalfCpltCallback                       Drivers\STM32L0xx_HAL_Driver\stm32l0xx_hal_irda.o
HAL_IRDA_Transmit                                 Drivers\STM32L0xx_HAL_Driver\stm32l0xx_hal_irda.o
HAL_IRDA_Transmit_DMA                             Drivers\STM32L0xx_HAL_Driver\stm32l0xx_hal_irda.o
HAL_IRDA_Transmit_IT                              Drivers\STM32L0xx_HAL_Driver\stm32l0xx_hal_irda.o
HAL_IRDA_TxCpltCallback                           Drivers\STM32L0xx_HAL_Driver\stm32l0xx_hal_irda.o
HAL_IRDA_TxHalfCpltCallback                       Drivers\STM32L0xx_HAL_Driver\stm32l0xx_hal_irda.o
HAL_IWDG_Init                                     Drivers\STM32L0xx_HAL_Driver\stm32l0xx_hal_iwdg.o
HAL_IWDG_Refresh                                  Drivers\STM32L0xx_HAL_Driver\stm32l0xx_hal_iwdg.o
HAL_IncTick                                       Drivers\STM32L0xx_HAL_Driver\stm32l0xx_hal.o
                                                  Example\User\stm32l0xx_it.o
HAL_Init                                          Drivers\STM32L0xx_HAL_Driver\stm32l0xx_hal.o
                                                  Example\User\main.o
HAL_InitTick                                      Drivers\STM32L0xx_HAL_Driver\stm32l0xx_hal.o
                                                  Drivers\STM32L0xx_HAL_Driver\stm32l0xx_hal_rcc.o
HAL_LCD_Clear                                     Drivers\STM32L0xx_HAL_Driver\stm32l0xx_hal_lcd.o
HAL_LCD_DeInit                                    Drivers\STM32L0xx_HAL_Driver\stm32l0xx_hal_lcd.o
HAL_LCD_GetError                                  Drivers\STM32L0xx_HAL_Driver\stm32l0xx_hal_lcd.o
HAL_LCD_GetState                                  Drivers\STM32L0xx_HAL_Driver\stm32l0xx_hal_lcd.o
HAL_LCD_Init                                      Drivers\STM32L0xx_HAL_Driver\stm32l0xx_hal_lcd.o
HAL_LCD_MspDeInit                                 Drivers\STM32L0xx_HAL_Driver\stm32l0xx_hal_lcd.o
HAL_LCD_MspInit                                   Drivers\STM32L0xx_HAL_Driver\stm32l0xx_hal_lcd.o
HAL_LCD_UpdateDisplayRequest                      Drivers\STM32L0xx_HAL_Driver\stm32l0xx_hal_lcd.o
HAL_LCD_Write                                     Drivers\STM32L0xx_HAL_Driver\stm32l0xx_hal_lcd.o
HAL_LIN_Init                                      Drivers\STM32L0xx_HAL_Driver\stm32l0xx_hal_uart.o
HAL_LIN_SendBreak                                 Drivers\STM32L0xx_HAL_Driver\stm32l0xx_hal_uart.o
HAL_LPTIM_AutoReloadMatchCallback                 Drivers\STM32L0xx_HAL_Driver\stm32l0xx_hal_lptim.o
HAL_LPTIM_AutoReloadWriteCallback                 Drivers\STM32L0xx_HAL_Driver\stm32l0xx_hal_lptim.o
HAL_LPTIM_CompareMatchCallback                    Drivers\STM32L0xx_HAL_Driver\stm32l0xx_hal_lptim.o
HAL_LPTIM_CompareWriteCallback                    Drivers\STM32L0xx_HAL_Driver\stm32l0xx_hal_lptim.o
HAL_LPTIM_Counter_Start                           Drivers\STM32L0xx_HAL_Driver\stm32l0xx_hal_lptim.o
HAL_LPTIM_Counter_Start_IT                        Drivers\STM32L0xx_HAL_Driver\stm32l0xx_hal_lptim.o
HAL_LPTIM_Counter_Stop                            Drivers\STM32L0xx_HAL_Driver\stm32l0xx_hal_lptim.o
HAL_LPTIM_Counter_Stop_IT                         Drivers\STM32L0xx_HAL_Driver\stm32l0xx_hal_lptim.o
HAL_LPTIM_DeInit                                  Drivers\STM32L0xx_HAL_Driver\stm32l0xx_hal_lptim.o
HAL_LPTIM_DirectionDownCallback                   Drivers\STM32L0xx_HAL_Driver\stm32l0xx_hal_lptim.o
HAL_LPTIM_DirectionUpCallback                     Drivers\STM32L0xx_HAL_Driver\stm32l0xx_hal_lptim.o
HAL_LPTIM_Encoder_Start                           Drivers\STM32L0xx_HAL_Driver\stm32l0xx_hal_lptim.o
HAL_LPTIM_Encoder_Start_IT                        Drivers\STM32L0xx_HAL_Driver\stm32l0xx_hal_lptim.o
HAL_LPTIM_Encoder_Stop                            Drivers\STM32L0xx_HAL_Driver\stm32l0xx_hal_lptim.o
HAL_LPTIM_Encoder_Stop_IT                         Drivers\STM32L0xx_HAL_Driver\stm32l0xx_hal_lptim.o
HAL_LPTIM_GetState                                Drivers\STM32L0xx_HAL_Driver\stm32l0xx_hal_lptim.o
HAL_LPTIM_IRQHandler                              Drivers\STM32L0xx_HAL_Driver\stm32l0xx_hal_lptim.o
HAL_LPTIM_Init                                    Drivers\STM32L0xx_HAL_Driver\stm32l0xx_hal_lptim.o
HAL_LPTIM_MspDeInit                               Drivers\STM32L0xx_HAL_Driver\stm32l0xx_hal_lptim.o
HAL_LPTIM_MspInit                                 Drivers\STM32L0xx_HAL_Driver\stm32l0xx_hal_lptim.o
HAL_LPTIM_OnePulse_Start                          Drivers\STM32L0xx_HAL_Driver\stm32l0xx_hal_lptim.o
HAL_LPTIM_OnePulse_Start_IT                       Drivers\STM32L0xx_HAL_Driver\stm32l0xx_hal_lptim.o
HAL_LPTIM_OnePulse_Stop                           Drivers\STM32L0xx_HAL_Driver\stm32l0xx_hal_lptim.o
HAL_LPTIM_OnePulse_Stop_IT                        Drivers\STM32L0xx_HAL_Driver\stm32l0xx_hal_lptim.o
HAL_LPTIM_PWM_Start                               Drivers\STM32L0xx_HAL_Driver\stm32l0xx_hal_lptim.o
HAL_LPTIM_PWM_Start_IT                            Drivers\STM32L0xx_HAL_Driver\stm32l0xx_hal_lptim.o
HAL_LPTIM_PWM_Stop                                Drivers\STM32L0xx_HAL_Driver\stm32l0xx_hal_lptim.o
HAL_LPTIM_PWM_Stop_IT                             Drivers\STM32L0xx_HAL_Driver\stm32l0xx_hal_lptim.o
HAL_LPTIM_ReadAutoReload                          Drivers\STM32L0xx_HAL_Driver\stm32l0xx_hal_lptim.o
HAL_LPTIM_ReadCompare                             Drivers\STM32L0xx_HAL_Driver\stm32l0xx_hal_lptim.o
HAL_LPTIM_ReadCounter                             Drivers\STM32L0xx_HAL_Driver\stm32l0xx_hal_lptim.o
HAL_LPTIM_SetOnce_Start                           Drivers\STM32L0xx_HAL_Driver\stm32l0xx_hal_lptim.o
HAL_LPTIM_SetOnce_Start_IT                        Drivers\STM32L0xx_HAL_Driver\stm32l0xx_hal_lptim.o
HAL_LPTIM_SetOnce_Stop                            Drivers\STM32L0xx_HAL_Driver\stm32l0xx_hal_lptim.o
HAL_LPTIM_SetOnce_Stop_IT                         Drivers\STM32L0xx_HAL_Driver\stm32l0xx_hal_lptim.o
HAL_LPTIM_TimeOut_Start                           Drivers\STM32L0xx_HAL_Driver\stm32l0xx_hal_lptim.o
HAL_LPTIM_TimeOut_Start_IT                        Drivers\STM32L0xx_HAL_Driver\stm32l0xx_hal_lptim.o
HAL_LPTIM_TimeOut_Stop                            Drivers\STM32L0xx_HAL_Driver\stm32l0xx_hal_lptim.o
HAL_LPTIM_TimeOut_Stop_IT                         Drivers\STM32L0xx_HAL_Driver\stm32l0xx_hal_lptim.o
HAL_LPTIM_TriggerCallback                         Drivers\STM32L0xx_HAL_Driver\stm32l0xx_hal_lptim.o
HAL_MPU_ConfigRegion                              Drivers\STM32L0xx_HAL_Driver\stm32l0xx_hal_cortex.o
HAL_MspDeInit                                     Example\User\stm32l0xx_hal_msp.o
                                                  Drivers\STM32L0xx_HAL_Driver\stm32l0xx_hal.o
HAL_MspInit                                       Example\User\stm32l0xx_hal_msp.o
                                                  Drivers\STM32L0xx_HAL_Driver\stm32l0xx_hal.o
HAL_MultiProcessorEx_AddressLength_Set            Drivers\STM32L0xx_HAL_Driver\stm32l0xx_hal_uart_ex.o
HAL_MultiProcessor_DisableMuteMode                Drivers\STM32L0xx_HAL_Driver\stm32l0xx_hal_uart.o
HAL_MultiProcessor_EnableMuteMode                 Drivers\STM32L0xx_HAL_Driver\stm32l0xx_hal_uart.o
HAL_MultiProcessor_EnterMuteMode                  Drivers\STM32L0xx_HAL_Driver\stm32l0xx_hal_uart.o
HAL_MultiProcessor_Init                           Drivers\STM32L0xx_HAL_Driver\stm32l0xx_hal_uart.o
HAL_NVIC_ClearPendingIRQ                          Drivers\STM32L0xx_HAL_Driver\stm32l0xx_hal_cortex.o
HAL_NVIC_DisableIRQ                               Drivers\STM32L0xx_HAL_Driver\stm32l0xx_hal_cortex.o
HAL_NVIC_EnableIRQ                                Drivers\STM32L0xx_HAL_Driver\stm32l0xx_hal_cortex.o
                                                  Drivers\BSP\STM32L053C8_Discovery\stm32l0538_discovery.o
HAL_NVIC_GetPendingIRQ                            Drivers\STM32L0xx_HAL_Driver\stm32l0xx_hal_cortex.o
HAL_NVIC_GetPriority                              Drivers\STM32L0xx_HAL_Driver\stm32l0xx_hal_cortex.o
HAL_NVIC_SetPendingIRQ                            Drivers\STM32L0xx_HAL_Driver\stm32l0xx_hal_cortex.o
HAL_NVIC_SetPriority                              Drivers\STM32L0xx_HAL_Driver\stm32l0xx_hal_cortex.o
                                                  Drivers\STM32L0xx_HAL_Driver\stm32l0xx_hal.o
                                                  Drivers\BSP\STM32L053C8_Discovery\stm32l0538_discovery.o
HAL_NVIC_SystemReset                              Drivers\STM32L0xx_HAL_Driver\stm32l0xx_hal_cortex.o
HAL_PCDEx_ActivateBCD                             Drivers\STM32L0xx_HAL_Driver\stm32l0xx_hal_pcd_ex.o
                                                  Drivers\STM32L0xx_HAL_Driver\stm32l0xx_hal_pcd.o
HAL_PCDEx_ActivateLPM                             Drivers\STM32L0xx_HAL_Driver\stm32l0xx_hal_pcd_ex.o
                                                  Drivers\STM32L0xx_HAL_Driver\stm32l0xx_hal_pcd.o
HAL_PCDEx_BCD_Callback                            Drivers\STM32L0xx_HAL_Driver\stm32l0xx_hal_pcd_ex.o
HAL_PCDEx_BCD_VBUSDetect                          Drivers\STM32L0xx_HAL_Driver\stm32l0xx_hal_pcd_ex.o
HAL_PCDEx_DeActivateBCD                           Drivers\STM32L0xx_HAL_Driver\stm32l0xx_hal_pcd_ex.o
HAL_PCDEx_DeActivateLPM                           Drivers\STM32L0xx_HAL_Driver\stm32l0xx_hal_pcd_ex.o
HAL_PCDEx_LPM_Callback                            Drivers\STM32L0xx_HAL_Driver\stm32l0xx_hal_pcd_ex.o
                                                  Drivers\STM32L0xx_HAL_Driver\stm32l0xx_hal_pcd.o
HAL_PCDEx_PMAConfig                               Drivers\STM32L0xx_HAL_Driver\stm32l0xx_hal_pcd_ex.o
HAL_PCD_ActivateRemoteWakeup                      Drivers\STM32L0xx_HAL_Driver\stm32l0xx_hal_pcd.o
HAL_PCD_ConnectCallback                           Drivers\STM32L0xx_HAL_Driver\stm32l0xx_hal_pcd.o
HAL_PCD_DataInStageCallback                       Drivers\STM32L0xx_HAL_Driver\stm32l0xx_hal_pcd.o
HAL_PCD_DataOutStageCallback                      Drivers\STM32L0xx_HAL_Driver\stm32l0xx_hal_pcd.o
HAL_PCD_DeActivateRemoteWakeup                    Drivers\STM32L0xx_HAL_Driver\stm32l0xx_hal_pcd.o
HAL_PCD_DeInit                                    Drivers\STM32L0xx_HAL_Driver\stm32l0xx_hal_pcd.o
HAL_PCD_DevConnect                                Drivers\STM32L0xx_HAL_Driver\stm32l0xx_hal_pcd.o
HAL_PCD_DevDisconnect                             Drivers\STM32L0xx_HAL_Driver\stm32l0xx_hal_pcd.o
HAL_PCD_DisconnectCallback                        Drivers\STM32L0xx_HAL_Driver\stm32l0xx_hal_pcd.o
HAL_PCD_EP_Close                                  Drivers\STM32L0xx_HAL_Driver\stm32l0xx_hal_pcd.o
HAL_PCD_EP_ClrStall                               Drivers\STM32L0xx_HAL_Driver\stm32l0xx_hal_pcd.o
HAL_PCD_EP_Flush                                  Drivers\STM32L0xx_HAL_Driver\stm32l0xx_hal_pcd.o
HAL_PCD_EP_GetRxCount                             Drivers\STM32L0xx_HAL_Driver\stm32l0xx_hal_pcd.o
HAL_PCD_EP_Open                                   Drivers\STM32L0xx_HAL_Driver\stm32l0xx_hal_pcd.o
HAL_PCD_EP_Receive                                Drivers\STM32L0xx_HAL_Driver\stm32l0xx_hal_pcd.o
HAL_PCD_EP_SetStall                               Drivers\STM32L0xx_HAL_Driver\stm32l0xx_hal_pcd.o
HAL_PCD_EP_Transmit                               Drivers\STM32L0xx_HAL_Driver\stm32l0xx_hal_pcd.o
HAL_PCD_GetState                                  Drivers\STM32L0xx_HAL_Driver\stm32l0xx_hal_pcd.o
HAL_PCD_IRQHandler                                Drivers\STM32L0xx_HAL_Driver\stm32l0xx_hal_pcd.o
HAL_PCD_ISOINIncompleteCallback                   Drivers\STM32L0xx_HAL_Driver\stm32l0xx_hal_pcd.o
HAL_PCD_ISOOUTIncompleteCallback                  Drivers\STM32L0xx_HAL_Driver\stm32l0xx_hal_pcd.o
HAL_PCD_Init                                      Drivers\STM32L0xx_HAL_Driver\stm32l0xx_hal_pcd.o
HAL_PCD_MspDeInit                                 Drivers\STM32L0xx_HAL_Driver\stm32l0xx_hal_pcd.o
HAL_PCD_MspInit                                   Drivers\STM32L0xx_HAL_Driver\stm32l0xx_hal_pcd.o
HAL_PCD_ResetCallback                             Drivers\STM32L0xx_HAL_Driver\stm32l0xx_hal_pcd.o
HAL_PCD_ResumeCallback                            Drivers\STM32L0xx_HAL_Driver\stm32l0xx_hal_pcd.o
HAL_PCD_SOFCallback                               Drivers\STM32L0xx_HAL_Driver\stm32l0xx_hal_pcd.o
HAL_PCD_SetAddress                                Drivers\STM32L0xx_HAL_Driver\stm32l0xx_hal_pcd.o
HAL_PCD_SetupStageCallback                        Drivers\STM32L0xx_HAL_Driver\stm32l0xx_hal_pcd.o
HAL_PCD_Start                                     Drivers\STM32L0xx_HAL_Driver\stm32l0xx_hal_pcd.o
HAL_PCD_Stop                                      Drivers\STM32L0xx_HAL_Driver\stm32l0xx_hal_pcd.o
HAL_PCD_SuspendCallback                           Drivers\STM32L0xx_HAL_Driver\stm32l0xx_hal_pcd.o
HAL_PWREx_DisableFastWakeUp                       Drivers\STM32L0xx_HAL_Driver\stm32l0xx_hal_pwr_ex.o
HAL_PWREx_DisableLowPowerRunMode                  Drivers\STM32L0xx_HAL_Driver\stm32l0xx_hal_pwr_ex.o
HAL_PWREx_DisableUltraLowPower                    Drivers\STM32L0xx_HAL_Driver\stm32l0xx_hal_pwr_ex.o
HAL_PWREx_EnableFastWakeUp                        Drivers\STM32L0xx_HAL_Driver\stm32l0xx_hal_pwr_ex.o
HAL_PWREx_EnableLowPowerRunMode                   Drivers\STM32L0xx_HAL_Driver\stm32l0xx_hal_pwr_ex.o
HAL_PWREx_EnableUltraLowPower                     Drivers\STM32L0xx_HAL_Driver\stm32l0xx_hal_pwr_ex.o
HAL_PWREx_GetVoltageRange                         Drivers\STM32L0xx_HAL_Driver\stm32l0xx_hal_pwr_ex.o
HAL_PWR_ConfigPVD                                 Drivers\STM32L0xx_HAL_Driver\stm32l0xx_hal_pwr.o
HAL_PWR_DeInit                                    Drivers\STM32L0xx_HAL_Driver\stm32l0xx_hal_pwr.o
HAL_PWR_DisableBkUpAccess                         Drivers\STM32L0xx_HAL_Driver\stm32l0xx_hal_pwr.o
HAL_PWR_DisablePVD                                Drivers\STM32L0xx_HAL_Driver\stm32l0xx_hal_pwr.o
HAL_PWR_DisableSEVOnPend                          Drivers\STM32L0xx_HAL_Driver\stm32l0xx_hal_pwr.o
HAL_PWR_DisableSleepOnExit                        Drivers\STM32L0xx_HAL_Driver\stm32l0xx_hal_pwr.o
HAL_PWR_DisableWakeUpPin                          Drivers\STM32L0xx_HAL_Driver\stm32l0xx_hal_pwr.o
HAL_PWR_EnableBkUpAccess                          Drivers\STM32L0xx_HAL_Driver\stm32l0xx_hal_pwr.o
HAL_PWR_EnablePVD                                 Drivers\STM32L0xx_HAL_Driver\stm32l0xx_hal_pwr.o
HAL_PWR_EnableSEVOnPend                           Drivers\STM32L0xx_HAL_Driver\stm32l0xx_hal_pwr.o
HAL_PWR_EnableSleepOnExit                         Drivers\STM32L0xx_HAL_Driver\stm32l0xx_hal_pwr.o
HAL_PWR_EnableWakeUpPin                           Drivers\STM32L0xx_HAL_Driver\stm32l0xx_hal_pwr.o
HAL_PWR_EnterSLEEPMode                            Drivers\STM32L0xx_HAL_Driver\stm32l0xx_hal_pwr.o
HAL_PWR_EnterSTANDBYMode                          Drivers\STM32L0xx_HAL_Driver\stm32l0xx_hal_pwr.o
HAL_PWR_EnterSTOPMode                             Drivers\STM32L0xx_HAL_Driver\stm32l0xx_hal_pwr.o
HAL_PWR_PVDCallback                               Drivers\STM32L0xx_HAL_Driver\stm32l0xx_hal_pwr.o
HAL_PWR_PVD_IRQHandler                            Drivers\STM32L0xx_HAL_Driver\stm32l0xx_hal_pwr.o
HAL_RCCEx_CRSConfig                               Drivers\STM32L0xx_HAL_Driver\stm32l0xx_hal_rcc_ex.o
HAL_RCCEx_CRSGetSynchronizationInfo               Drivers\STM32L0xx_HAL_Driver\stm32l0xx_hal_rcc_ex.o
HAL_RCCEx_CRSSoftwareSynchronizationGenerate      Drivers\STM32L0xx_HAL_Driver\stm32l0xx_hal_rcc_ex.o
HAL_RCCEx_CRSWaitSynchronization                  Drivers\STM32L0xx_HAL_Driver\stm32l0xx_hal_rcc_ex.o
HAL_RCCEx_CRS_ErrorCallback                       Drivers\STM32L0xx_HAL_Driver\stm32l0xx_hal_rcc_ex.o
HAL_RCCEx_CRS_ExpectedSyncCallback                Drivers\STM32L0xx_HAL_Driver\stm32l0xx_hal_rcc_ex.o
HAL_RCCEx_CRS_IRQHandler                          Drivers\STM32L0xx_HAL_Driver\stm32l0xx_hal_rcc_ex.o
HAL_RCCEx_CRS_SyncOkCallback                      Drivers\STM32L0xx_HAL_Driver\stm32l0xx_hal_rcc_ex.o
HAL_RCCEx_CRS_SyncWarnCallback                    Drivers\STM32L0xx_HAL_Driver\stm32l0xx_hal_rcc_ex.o
HAL_RCCEx_DisableHSI48_VREFINT                    Drivers\STM32L0xx_HAL_Driver\stm32l0xx_hal_rcc_ex.o
HAL_RCCEx_DisableLSECSS                           Drivers\STM32L0xx_HAL_Driver\stm32l0xx_hal_rcc_ex.o
HAL_RCCEx_EnableHSI48_VREFINT                     Drivers\STM32L0xx_HAL_Driver\stm32l0xx_hal_rcc_ex.o
HAL_RCCEx_EnableLSECSS                            Drivers\STM32L0xx_HAL_Driver\stm32l0xx_hal_rcc_ex.o
HAL_RCCEx_EnableLSECSS_IT                         Drivers\STM32L0xx_HAL_Driver\stm32l0xx_hal_rcc_ex.o
HAL_RCCEx_GetPeriphCLKConfig                      Drivers\STM32L0xx_HAL_Driver\stm32l0xx_hal_rcc_ex.o
HAL_RCCEx_GetPeriphCLKFreq                        Drivers\STM32L0xx_HAL_Driver\stm32l0xx_hal_rcc_ex.o
                                                  Drivers\STM32L0xx_HAL_Driver\stm32l0xx_hal_uart.o
HAL_RCCEx_LSECSS_Callback                         Drivers\STM32L0xx_HAL_Driver\stm32l0xx_hal_rcc_ex.o
HAL_RCCEx_LSECSS_IRQHandler                       Drivers\STM32L0xx_HAL_Driver\stm32l0xx_hal_rcc_ex.o
HAL_RCCEx_PeriphCLKConfig                         Drivers\STM32L0xx_HAL_Driver\stm32l0xx_hal_rcc_ex.o
HAL_RCC_CSSCallback                               Drivers\STM32L0xx_HAL_Driver\stm32l0xx_hal_rcc.o
HAL_RCC_ClockConfig                               Drivers\STM32L0xx_HAL_Driver\stm32l0xx_hal_rcc.o
                                                  Example\User\main.o
HAL_RCC_DeInit                                    Drivers\STM32L0xx_HAL_Driver\stm32l0xx_hal_rcc.o
HAL_RCC_EnableCSS                                 Drivers\STM32L0xx_HAL_Driver\stm32l0xx_hal_rcc.o
HAL_RCC_GetClockConfig                            Drivers\STM32L0xx_HAL_Driver\stm32l0xx_hal_rcc.o
HAL_RCC_GetHCLKFreq                               Drivers\STM32L0xx_HAL_Driver\stm32l0xx_hal_rcc.o
HAL_RCC_GetOscConfig                              Drivers\STM32L0xx_HAL_Driver\stm32l0xx_hal_rcc.o
HAL_RCC_GetPCLK1Freq                              Drivers\STM32L0xx_HAL_Driver\stm32l0xx_hal_rcc.o
                                                  Drivers\STM32L0xx_HAL_Driver\stm32l0xx_hal_usart.o
                                                  Drivers\STM32L0xx_HAL_Driver\stm32l0xx_hal_uart.o
                                                  Drivers\STM32L0xx_HAL_Driver\stm32l0xx_hal_smartcard.o
                                                  Drivers\STM32L0xx_HAL_Driver\stm32l0xx_hal_rcc_ex.o
                                                  Drivers\STM32L0xx_HAL_Driver\stm32l0xx_hal_irda.o
HAL_RCC_GetPCLK2Freq                              Drivers\STM32L0xx_HAL_Driver\stm32l0xx_hal_rcc.o
                                                  Drivers\STM32L0xx_HAL_Driver\stm32l0xx_hal_usart.o
                                                  Drivers\STM32L0xx_HAL_Driver\stm32l0xx_hal_uart.o
                                                  Drivers\STM32L0xx_HAL_Driver\stm32l0xx_hal_smartcard.o
                                                  Drivers\STM32L0xx_HAL_Driver\stm32l0xx_hal_rcc_ex.o
                                                  Drivers\STM32L0xx_HAL_Driver\stm32l0xx_hal_irda.o
HAL_RCC_GetSysClockFreq                           Drivers\STM32L0xx_HAL_Driver\stm32l0xx_hal_rcc.o
                                                  Drivers\STM32L0xx_HAL_Driver\stm32l0xx_hal_usart.o
                                                  Drivers\STM32L0xx_HAL_Driver\stm32l0xx_hal_uart.o
                                                  Drivers\STM32L0xx_HAL_Driver\stm32l0xx_hal_smartcard.o
                                                  Drivers\STM32L0xx_HAL_Driver\stm32l0xx_hal_rcc_ex.o
                                                  Drivers\STM32L0xx_HAL_Driver\stm32l0xx_hal_irda.o
                                                  Drivers\STM32L0xx_HAL_Driver\stm32l0xx_hal_i2s.o
HAL_RCC_MCOConfig                                 Drivers\STM32L0xx_HAL_Driver\stm32l0xx_hal_rcc.o
HAL_RCC_NMI_IRQHandler                            Drivers\STM32L0xx_HAL_Driver\stm32l0xx_hal_rcc.o
HAL_RCC_OscConfig                                 Drivers\STM32L0xx_HAL_Driver\stm32l0xx_hal_rcc.o
                                                  Example\User\main.o
HAL_RNG_DeInit                                    Drivers\STM32L0xx_HAL_Driver\stm32l0xx_hal_rng.o
HAL_RNG_ErrorCallback                             Drivers\STM32L0xx_HAL_Driver\stm32l0xx_hal_rng.o
HAL_RNG_GenerateRandomNumber                      Drivers\STM32L0xx_HAL_Driver\stm32l0xx_hal_rng.o
HAL_RNG_GenerateRandomNumber_IT                   Drivers\STM32L0xx_HAL_Driver\stm32l0xx_hal_rng.o
HAL_RNG_GetRandomNumber                           Drivers\STM32L0xx_HAL_Driver\stm32l0xx_hal_rng.o
HAL_RNG_GetRandomNumber_IT                        Drivers\STM32L0xx_HAL_Driver\stm32l0xx_hal_rng.o
HAL_RNG_GetState                                  Drivers\STM32L0xx_HAL_Driver\stm32l0xx_hal_rng.o
HAL_RNG_IRQHandler                                Drivers\STM32L0xx_HAL_Driver\stm32l0xx_hal_rng.o
HAL_RNG_Init                                      Drivers\STM32L0xx_HAL_Driver\stm32l0xx_hal_rng.o
HAL_RNG_MspDeInit                                 Drivers\STM32L0xx_HAL_Driver\stm32l0xx_hal_rng.o
HAL_RNG_MspInit                                   Drivers\STM32L0xx_HAL_Driver\stm32l0xx_hal_rng.o
HAL_RNG_ReadLastRandomNumber                      Drivers\STM32L0xx_HAL_Driver\stm32l0xx_hal_rng.o
HAL_RNG_ReadyDataCallback                         Drivers\STM32L0xx_HAL_Driver\stm32l0xx_hal_rng.o
HAL_RS485Ex_Init                                  Drivers\STM32L0xx_HAL_Driver\stm32l0xx_hal_uart_ex.o
HAL_RTCEx_AlarmBEventCallback                     Drivers\STM32L0xx_HAL_Driver\stm32l0xx_hal_rtc_ex.o
                                                  Drivers\STM32L0xx_HAL_Driver\stm32l0xx_hal_rtc.o
HAL_RTCEx_BKUPRead                                Drivers\STM32L0xx_HAL_Driver\stm32l0xx_hal_rtc_ex.o
HAL_RTCEx_BKUPWrite                               Drivers\STM32L0xx_HAL_Driver\stm32l0xx_hal_rtc_ex.o
HAL_RTCEx_DeactivateCalibrationOutPut             Drivers\STM32L0xx_HAL_Driver\stm32l0xx_hal_rtc_ex.o
HAL_RTCEx_DeactivateRefClock                      Drivers\STM32L0xx_HAL_Driver\stm32l0xx_hal_rtc_ex.o
HAL_RTCEx_DeactivateTamper                        Drivers\STM32L0xx_HAL_Driver\stm32l0xx_hal_rtc_ex.o
HAL_RTCEx_DeactivateTimeStamp                     Drivers\STM32L0xx_HAL_Driver\stm32l0xx_hal_rtc_ex.o
HAL_RTCEx_DeactivateWakeUpTimer                   Drivers\STM32L0xx_HAL_Driver\stm32l0xx_hal_rtc_ex.o
HAL_RTCEx_DisableBypassShadow                     Drivers\STM32L0xx_HAL_Driver\stm32l0xx_hal_rtc_ex.o
HAL_RTCEx_EnableBypassShadow                      Drivers\STM32L0xx_HAL_Driver\stm32l0xx_hal_rtc_ex.o
HAL_RTCEx_GetTimeStamp                            Drivers\STM32L0xx_HAL_Driver\stm32l0xx_hal_rtc_ex.o
HAL_RTCEx_GetWakeUpTimer                          Drivers\STM32L0xx_HAL_Driver\stm32l0xx_hal_rtc_ex.o
HAL_RTCEx_PollForAlarmBEvent                      Drivers\STM32L0xx_HAL_Driver\stm32l0xx_hal_rtc_ex.o
HAL_RTCEx_PollForTamper1Event                     Drivers\STM32L0xx_HAL_Driver\stm32l0xx_hal_rtc_ex.o
HAL_RTCEx_PollForTamper2Event                     Drivers\STM32L0xx_HAL_Driver\stm32l0xx_hal_rtc_ex.o
HAL_RTCEx_PollForTimeStampEvent                   Drivers\STM32L0xx_HAL_Driver\stm32l0xx_hal_rtc_ex.o
HAL_RTCEx_PollForWakeUpTimerEvent                 Drivers\STM32L0xx_HAL_Driver\stm32l0xx_hal_rtc_ex.o
HAL_RTCEx_SetCalibrationOutPut                    Drivers\STM32L0xx_HAL_Driver\stm32l0xx_hal_rtc_ex.o
HAL_RTCEx_SetRefClock                             Drivers\STM32L0xx_HAL_Driver\stm32l0xx_hal_rtc_ex.o
HAL_RTCEx_SetSmoothCalib                          Drivers\STM32L0xx_HAL_Driver\stm32l0xx_hal_rtc_ex.o
HAL_RTCEx_SetSynchroShift                         Drivers\STM32L0xx_HAL_Driver\stm32l0xx_hal_rtc_ex.o
HAL_RTCEx_SetTamper                               Drivers\STM32L0xx_HAL_Driver\stm32l0xx_hal_rtc_ex.o
HAL_RTCEx_SetTamper_IT                            Drivers\STM32L0xx_HAL_Driver\stm32l0xx_hal_rtc_ex.o
HAL_RTCEx_SetTimeStamp                            Drivers\STM32L0xx_HAL_Driver\stm32l0xx_hal_rtc_ex.o
HAL_RTCEx_SetTimeStamp_IT                         Drivers\STM32L0xx_HAL_Driver\stm32l0xx_hal_rtc_ex.o
HAL_RTCEx_SetWakeUpTimer                          Drivers\STM32L0xx_HAL_Driver\stm32l0xx_hal_rtc_ex.o
HAL_RTCEx_SetWakeUpTimer_IT                       Drivers\STM32L0xx_HAL_Driver\stm32l0xx_hal_rtc_ex.o
HAL_RTCEx_Tamper1EventCallback                    Drivers\STM32L0xx_HAL_Driver\stm32l0xx_hal_rtc_ex.o
HAL_RTCEx_Tamper2EventCallback                    Drivers\STM32L0xx_HAL_Driver\stm32l0xx_hal_rtc_ex.o
HAL_RTCEx_TamperTimeStampIRQHandler               Drivers\STM32L0xx_HAL_Driver\stm32l0xx_hal_rtc_ex.o
HAL_RTCEx_TimeStampEventCallback                  Drivers\STM32L0xx_HAL_Driver\stm32l0xx_hal_rtc_ex.o
HAL_RTCEx_WakeUpTimerEventCallback                Drivers\STM32L0xx_HAL_Driver\stm32l0xx_hal_rtc_ex.o
HAL_RTCEx_WakeUpTimerIRQHandler                   Drivers\STM32L0xx_HAL_Driver\stm32l0xx_hal_rtc_ex.o
HAL_RTC_AlarmAEventCallback                       Drivers\STM32L0xx_HAL_Driver\stm32l0xx_hal_rtc.o
HAL_RTC_AlarmIRQHandler                           Drivers\STM32L0xx_HAL_Driver\stm32l0xx_hal_rtc.o
HAL_RTC_DeInit                                    Drivers\STM32L0xx_HAL_Driver\stm32l0xx_hal_rtc.o
HAL_RTC_DeactivateAlarm                           Drivers\STM32L0xx_HAL_Driver\stm32l0xx_hal_rtc.o
HAL_RTC_GetAlarm                                  Drivers\STM32L0xx_HAL_Driver\stm32l0xx_hal_rtc.o
HAL_RTC_GetDate                                   Drivers\STM32L0xx_HAL_Driver\stm32l0xx_hal_rtc.o
HAL_RTC_GetState                                  Drivers\STM32L0xx_HAL_Driver\stm32l0xx_hal_rtc.o
HAL_RTC_GetTime                                   Drivers\STM32L0xx_HAL_Driver\stm32l0xx_hal_rtc.o
HAL_RTC_Init                                      Drivers\STM32L0xx_HAL_Driver\stm32l0xx_hal_rtc.o
HAL_RTC_MspDeInit                                 Drivers\STM32L0xx_HAL_Driver\stm32l0xx_hal_rtc.o
HAL_RTC_MspInit                                   Drivers\STM32L0xx_HAL_Driver\stm32l0xx_hal_rtc.o
HAL_RTC_PollForAlarmAEvent                        Drivers\STM32L0xx_HAL_Driver\stm32l0xx_hal_rtc.o
HAL_RTC_SetAlarm                                  Drivers\STM32L0xx_HAL_Driver\stm32l0xx_hal_rtc.o
HAL_RTC_SetAlarm_IT                               Drivers\STM32L0xx_HAL_Driver\stm32l0xx_hal_rtc.o
HAL_RTC_SetDate                                   Drivers\STM32L0xx_HAL_Driver\stm32l0xx_hal_rtc.o
HAL_RTC_SetTime                                   Drivers\STM32L0xx_HAL_Driver\stm32l0xx_hal_rtc.o
HAL_RTC_WaitForSynchro                            Drivers\STM32L0xx_HAL_Driver\stm32l0xx_hal_rtc.o
                                                  Drivers\STM32L0xx_HAL_Driver\stm32l0xx_hal_rtc_ex.o
HAL_ResumeTick                                    Drivers\STM32L0xx_HAL_Driver\stm32l0xx_hal.o
HAL_SMARTCARDEx_BlockLength_Config                Drivers\STM32L0xx_HAL_Driver\stm32l0xx_hal_smartcard_ex.o
HAL_SMARTCARDEx_DisableReceiverTimeOut            Drivers\STM32L0xx_HAL_Driver\stm32l0xx_hal_smartcard_ex.o
HAL_SMARTCARDEx_EnableReceiverTimeOut             Drivers\STM32L0xx_HAL_Driver\stm32l0xx_hal_smartcard_ex.o
HAL_SMARTCARDEx_TimeOut_Config                    Drivers\STM32L0xx_HAL_Driver\stm32l0xx_hal_smartcard_ex.o
HAL_SMARTCARD_Abort                               Drivers\STM32L0xx_HAL_Driver\stm32l0xx_hal_smartcard.o
HAL_SMARTCARD_AbortCpltCallback                   Drivers\STM32L0xx_HAL_Driver\stm32l0xx_hal_smartcard.o
HAL_SMARTCARD_AbortReceive                        Drivers\STM32L0xx_HAL_Driver\stm32l0xx_hal_smartcard.o
HAL_SMARTCARD_AbortReceiveCpltCallback            Drivers\STM32L0xx_HAL_Driver\stm32l0xx_hal_smartcard.o
HAL_SMARTCARD_AbortReceive_IT                     Drivers\STM32L0xx_HAL_Driver\stm32l0xx_hal_smartcard.o
HAL_SMARTCARD_AbortTransmit                       Drivers\STM32L0xx_HAL_Driver\stm32l0xx_hal_smartcard.o
HAL_SMARTCARD_AbortTransmitCpltCallback           Drivers\STM32L0xx_HAL_Driver\stm32l0xx_hal_smartcard.o
HAL_SMARTCARD_AbortTransmit_IT                    Drivers\STM32L0xx_HAL_Driver\stm32l0xx_hal_smartcard.o
HAL_SMARTCARD_Abort_IT                            Drivers\STM32L0xx_HAL_Driver\stm32l0xx_hal_smartcard.o
HAL_SMARTCARD_DeInit                              Drivers\STM32L0xx_HAL_Driver\stm32l0xx_hal_smartcard.o
HAL_SMARTCARD_ErrorCallback                       Drivers\STM32L0xx_HAL_Driver\stm32l0xx_hal_smartcard.o
HAL_SMARTCARD_GetError                            Drivers\STM32L0xx_HAL_Driver\stm32l0xx_hal_smartcard.o
HAL_SMARTCARD_GetState                            Drivers\STM32L0xx_HAL_Driver\stm32l0xx_hal_smartcard.o
HAL_SMARTCARD_IRQHandler                          Drivers\STM32L0xx_HAL_Driver\stm32l0xx_hal_smartcard.o
HAL_SMARTCARD_Init                                Drivers\STM32L0xx_HAL_Driver\stm32l0xx_hal_smartcard.o
HAL_SMARTCARD_MspDeInit                           Drivers\STM32L0xx_HAL_Driver\stm32l0xx_hal_smartcard.o
HAL_SMARTCARD_MspInit                             Drivers\STM32L0xx_HAL_Driver\stm32l0xx_hal_smartcard.o
HAL_SMARTCARD_Receive                             Drivers\STM32L0xx_HAL_Driver\stm32l0xx_hal_smartcard.o
HAL_SMARTCARD_Receive_DMA                         Drivers\STM32L0xx_HAL_Driver\stm32l0xx_hal_smartcard.o
HAL_SMARTCARD_Receive_IT                          Drivers\STM32L0xx_HAL_Driver\stm32l0xx_hal_smartcard.o
HAL_SMARTCARD_RxCpltCallback                      Drivers\STM32L0xx_HAL_Driver\stm32l0xx_hal_smartcard.o
HAL_SMARTCARD_Transmit                            Drivers\STM32L0xx_HAL_Driver\stm32l0xx_hal_smartcard.o
HAL_SMARTCARD_Transmit_DMA                        Drivers\STM32L0xx_HAL_Driver\stm32l0xx_hal_smartcard.o
HAL_SMARTCARD_Transmit_IT                         Drivers\STM32L0xx_HAL_Driver\stm32l0xx_hal_smartcard.o
HAL_SMARTCARD_TxCpltCallback                      Drivers\STM32L0xx_HAL_Driver\stm32l0xx_hal_smartcard.o
HAL_SMBUS_AddrCallback                            Drivers\STM32L0xx_HAL_Driver\stm32l0xx_hal_smbus.o
HAL_SMBUS_DeInit                                  Drivers\STM32L0xx_HAL_Driver\stm32l0xx_hal_smbus.o
HAL_SMBUS_DisableAlert_IT                         Drivers\STM32L0xx_HAL_Driver\stm32l0xx_hal_smbus.o
HAL_SMBUS_DisableListen_IT                        Drivers\STM32L0xx_HAL_Driver\stm32l0xx_hal_smbus.o
HAL_SMBUS_ER_IRQHandler                           Drivers\STM32L0xx_HAL_Driver\stm32l0xx_hal_smbus.o
HAL_SMBUS_EV_IRQHandler                           Drivers\STM32L0xx_HAL_Driver\stm32l0xx_hal_smbus.o
HAL_SMBUS_EnableAlert_IT                          Drivers\STM32L0xx_HAL_Driver\stm32l0xx_hal_smbus.o
HAL_SMBUS_EnableListen_IT                         Drivers\STM32L0xx_HAL_Driver\stm32l0xx_hal_smbus.o
HAL_SMBUS_ErrorCallback                           Drivers\STM32L0xx_HAL_Driver\stm32l0xx_hal_smbus.o
HAL_SMBUS_GetError                                Drivers\STM32L0xx_HAL_Driver\stm32l0xx_hal_smbus.o
HAL_SMBUS_GetState                                Drivers\STM32L0xx_HAL_Driver\stm32l0xx_hal_smbus.o
HAL_SMBUS_Init                                    Drivers\STM32L0xx_HAL_Driver\stm32l0xx_hal_smbus.o
HAL_SMBUS_IsDeviceReady                           Drivers\STM32L0xx_HAL_Driver\stm32l0xx_hal_smbus.o
HAL_SMBUS_ListenCpltCallback                      Drivers\STM32L0xx_HAL_Driver\stm32l0xx_hal_smbus.o
HAL_SMBUS_MasterRxCpltCallback                    Drivers\STM32L0xx_HAL_Driver\stm32l0xx_hal_smbus.o
HAL_SMBUS_MasterTxCpltCallback                    Drivers\STM32L0xx_HAL_Driver\stm32l0xx_hal_smbus.o
HAL_SMBUS_Master_Abort_IT                         Drivers\STM32L0xx_HAL_Driver\stm32l0xx_hal_smbus.o
HAL_SMBUS_Master_Receive_IT                       Drivers\STM32L0xx_HAL_Driver\stm32l0xx_hal_smbus.o
HAL_SMBUS_Master_Transmit_IT                      Drivers\STM32L0xx_HAL_Driver\stm32l0xx_hal_smbus.o
HAL_SMBUS_MspDeInit                               Drivers\STM32L0xx_HAL_Driver\stm32l0xx_hal_smbus.o
HAL_SMBUS_MspInit                                 Drivers\STM32L0xx_HAL_Driver\stm32l0xx_hal_smbus.o
HAL_SMBUS_SlaveRxCpltCallback                     Drivers\STM32L0xx_HAL_Driver\stm32l0xx_hal_smbus.o
HAL_SMBUS_SlaveTxCpltCallback                     Drivers\STM32L0xx_HAL_Driver\stm32l0xx_hal_smbus.o
HAL_SMBUS_Slave_Receive_IT                        Drivers\STM32L0xx_HAL_Driver\stm32l0xx_hal_smbus.o
HAL_SMBUS_Slave_Transmit_IT                       Drivers\STM32L0xx_HAL_Driver\stm32l0xx_hal_smbus.o
HAL_SPI_DMAPause                                  Drivers\STM32L0xx_HAL_Driver\stm32l0xx_hal_spi.o
HAL_SPI_DMAResume                                 Drivers\STM32L0xx_HAL_Driver\stm32l0xx_hal_spi.o
HAL_SPI_DMAStop                                   Drivers\STM32L0xx_HAL_Driver\stm32l0xx_hal_spi.o
HAL_SPI_DeInit                                    Drivers\STM32L0xx_HAL_Driver\stm32l0xx_hal_spi.o
                                                  Drivers\BSP\STM32L053C8_Discovery\stm32l0538_discovery.o
HAL_SPI_ErrorCallback                             Drivers\STM32L0xx_HAL_Driver\stm32l0xx_hal_spi.o
HAL_SPI_GetError                                  Drivers\STM32L0xx_HAL_Driver\stm32l0xx_hal_spi.o
HAL_SPI_GetState                                  Drivers\STM32L0xx_HAL_Driver\stm32l0xx_hal_spi.o
                                                  Drivers\BSP\STM32L053C8_Discovery\stm32l0538_discovery.o
HAL_SPI_IRQHandler                                Drivers\STM32L0xx_HAL_Driver\stm32l0xx_hal_spi.o
HAL_SPI_Init                                      Drivers\STM32L0xx_HAL_Driver\stm32l0xx_hal_spi.o
                                                  Drivers\BSP\STM32L053C8_Discovery\stm32l0538_discovery.o
HAL_SPI_MspDeInit                                 Drivers\STM32L0xx_HAL_Driver\stm32l0xx_hal_spi.o
HAL_SPI_MspInit                                   Drivers\STM32L0xx_HAL_Driver\stm32l0xx_hal_spi.o
HAL_SPI_Receive                                   Drivers\STM32L0xx_HAL_Driver\stm32l0xx_hal_spi.o
HAL_SPI_Receive_DMA                               Drivers\STM32L0xx_HAL_Driver\stm32l0xx_hal_spi.o
HAL_SPI_Receive_IT                                Drivers\STM32L0xx_HAL_Driver\stm32l0xx_hal_spi.o
HAL_SPI_RxCpltCallback                            Drivers\STM32L0xx_HAL_Driver\stm32l0xx_hal_spi.o
HAL_SPI_RxHalfCpltCallback                        Drivers\STM32L0xx_HAL_Driver\stm32l0xx_hal_spi.o
HAL_SPI_Transmit                                  Drivers\STM32L0xx_HAL_Driver\stm32l0xx_hal_spi.o
                                                  Drivers\BSP\STM32L053C8_Discovery\stm32l0538_discovery.o
HAL_SPI_TransmitReceive                           Drivers\STM32L0xx_HAL_Driver\stm32l0xx_hal_spi.o
                                                  Drivers\BSP\STM32L053C8_Discovery\stm32l0538_discovery.o
HAL_SPI_TransmitReceive_DMA                       Drivers\STM32L0xx_HAL_Driver\stm32l0xx_hal_spi.o
HAL_SPI_TransmitReceive_IT                        Drivers\STM32L0xx_HAL_Driver\stm32l0xx_hal_spi.o
HAL_SPI_Transmit_DMA                              Drivers\STM32L0xx_HAL_Driver\stm32l0xx_hal_spi.o
HAL_SPI_Transmit_IT                               Drivers\STM32L0xx_HAL_Driver\stm32l0xx_hal_spi.o
HAL_SPI_TxCpltCallback                            Drivers\STM32L0xx_HAL_Driver\stm32l0xx_hal_spi.o
HAL_SPI_TxHalfCpltCallback                        Drivers\STM32L0xx_HAL_Driver\stm32l0xx_hal_spi.o
HAL_SPI_TxRxCpltCallback                          Drivers\STM32L0xx_HAL_Driver\stm32l0xx_hal_spi.o
HAL_SPI_TxRxHalfCpltCallback                      Drivers\STM32L0xx_HAL_Driver\stm32l0xx_hal_spi.o
HAL_SYSCFG_Disable_Lock_VREFINT                   Drivers\STM32L0xx_HAL_Driver\stm32l0xx_hal.o
HAL_SYSCFG_Enable_Lock_VREFINT                    Drivers\STM32L0xx_HAL_Driver\stm32l0xx_hal.o
HAL_SYSCFG_GetBootMode                            Drivers\STM32L0xx_HAL_Driver\stm32l0xx_hal.o
HAL_SYSCFG_VREFINT_OutputSelect                   Drivers\STM32L0xx_HAL_Driver\stm32l0xx_hal.o
HAL_SYSTICK_CLKSourceConfig                       Drivers\STM32L0xx_HAL_Driver\stm32l0xx_hal_cortex.o
HAL_SYSTICK_Callback                              Drivers\STM32L0xx_HAL_Driver\stm32l0xx_hal_cortex.o
HAL_SYSTICK_Config                                Drivers\STM32L0xx_HAL_Driver\stm32l0xx_hal_cortex.o
                                                  Drivers\STM32L0xx_HAL_Driver\stm32l0xx_hal.o
HAL_SYSTICK_IRQHandler                            Drivers\STM32L0xx_HAL_Driver\stm32l0xx_hal_cortex.o
HAL_SuspendTick                                   Drivers\STM32L0xx_HAL_Driver\stm32l0xx_hal.o
HAL_TIMEx_MasterConfigSynchronization             Drivers\STM32L0xx_HAL_Driver\stm32l0xx_hal_tim_ex.o
HAL_TIMEx_RemapConfig                             Drivers\STM32L0xx_HAL_Driver\stm32l0xx_hal_tim_ex.o