<html>
<body>
<pre>
<h1>µVision Build Log</h1>
<h2>Tool Versions:</h2>
IDE-Version: ¦ÌVision V5.24.2.0
Copyright (C) 2017 ARM Ltd and ARM Germany GmbH. All rights reserved.
License Information: chou Administrator, pimay, LIC=47GGK-ZV1CV-EHP8P-M40F4-8ZHPZ-E6WW5
 
Tool Versions:
Toolchain:       MDK-ARM Plus  Version: 5.24.1
Toolchain Path:  E:\ARM\ARMCC\Bin
C Compiler:      Armcc.exe V5.06 update 5 (build 528)
Assembler:       Armasm.exe V5.06 update 5 (build 528)
Linker/Locator:  ArmLink.exe V5.06 update 5 (build 528)
Library Manager: ArmAr.exe V5.06 update 5 (build 528)
Hex Converter:   FromElf.exe V5.06 update 5 (build 528)
CPU DLL:         SARMCM3.DLL V5.24.1
Dialog DLL:      DARMCM1.DLL V1.18.0.0
Target DLL:      STLink\ST-LINKIII-KEIL_SWO.dll V3.0.1.0
Dialog DLL:      TARMCM1.DLL V1.13.0.0
 
<h2>Project:</h2>
G:\workspace\stm32\STM32CubeL0_V1.8.0\STM32Cube_FW_L0_V1.8.0\Projects\STM32L053C8-Discovery\Templates\MDK-ARM\Project.uvprojx
Project File Date:  08/06/2019

<h2>Output:</h2>
*** Using Compiler 'V5.06 update 5 (build 528)', folder: 'E:\ARM\ARMCC\Bin'
Build target 'STM32L053C8_Discovery'
compiling stm32l0xx_hal_iwdg.c...
compiling stm32l0538_discovery.c...
compiling stm32l0xx_hal_dma.c...
compiling stm32l0xx_hal_pcd_ex.c...
compiling stm32l0xx_hal_smartcard_ex.c...
compiling stm32l0xx_hal_pcd.c...
compiling stm32l0xx_hal_pwr_ex.c...
compiling stm32l0xx_hal_adc_ex.c...
compiling stm32l0xx_hal_rcc.c...
compiling stm32l0xx_hal_crc_ex.c...
compiling stm32l0xx_hal_crc.c...
compiling stm32l0xx_hal_flash_ramfunc.c...
compiling stm32l0xx_hal_spi.c...
compiling stm32l0xx_hal_tim_ex.c...
compiling stm32l0xx_hal_adc.c...
compiling stm32l0xx_hal_i2c_ex.c...
compiling stm32l0xx_hal_rtc_ex.c...
compiling stm32l0xx_hal_uart.c...
compiling stm32l0xx_hal_comp.c...
compiling stm32l0xx_hal_rcc_ex.c...
compiling stm32l0xx_hal_tim.c...
compiling stm32l0xx_hal_smartcard.c...
compiling stm32l0xx_hal_lptim.c...
compiling stm32l0xx_hal_i2c.c...
compiling stm32l0xx_hal_uart_ex.c...
compiling stm32l0xx_hal_tsc.c...
compiling stm32l0xx_hal_wwdg.c...
compiling stm32l0xx_hal_rng.c...
compiling stm32l0xx_hal_i2s.c...
compiling stm32l0xx_hal.c...
compiling stm32l0xx_hal_lcd.c...
compiling stm32l0xx_hal_rtc.c...
compiling stm32l0xx_hal_flash.c...
compiling stm32l0xx_hal_dac.c...
compiling stm32l0xx_hal_irda.c...
compiling stm32l0xx_hal_usart.c...
compiling stm32l0xx_hal_flash_ex.c...
compiling stm32l0xx_hal_gpio.c...
compiling stm32l0xx_hal_smbus.c...
compiling stm32l0xx_hal_dac_ex.c...
compiling stm32l0xx_hal_pwr.c...
compiling stm32l0xx_hal_cortex.c...
compiling stm32l0xx_hal_msp.c...
assembling startup_stm32l053xx.s...
compiling main.c...
compiling stm32l0xx_it.c...
compiling system_stm32l0xx.c...
linking...
Program Size: Code=2296 RO-data=252 RW-data=8 ZI-data=1024  
"STM32L053C8_Discovery\STM32L053C8_Discovery.axf" - 0 Error(s), 0 Warning(s).

<h2>Software Packages used:</h2>

Package Vendor: ARM
                http://www.keil.com/pack/ARM.CMSIS.5.0.1.pack
                ARM.CMSIS.5.0.1
                CMSIS (Cortex Microcontroller Software Interface Standard)
   * Component: CORE Version: 5.0.1

Package Vendor: Keil
                http://www.keil.com/pack/Keil.STM32F0xx_DFP.2.0.0.pack
                Keil.STM32F0xx_DFP.2.0.0
                STMicroelectronics STM32F0 Series Device Support, Drivers and Examples

<h2>Collection of Component include folders:</h2>
  .\RTE\_STM32L053C8_Discovery
  E:\mdk\ARM\CMSIS\5.0.1\CMSIS\Include
  E:\mdk\Keil\STM32F0xx_DFP\2.0.0\Drivers\CMSIS\Device\ST\STM32F0xx\Include

<h2>Collection of Component Files used:</h2>

   * Component: ARM::CMSIS:CORE:5.0.1
Build Time Elapsed:  00:01:23
</pre>
</body>
</html>
