Component: ARM Compiler 5.06 update 5 (build 528) Tool: armlink [4d35e2]

==============================================================================

Section Cross References

    stm32l0538_discovery.o(i.BSP_LED_Init) refers to stm32l0xx_hal_gpio.o(i.HAL_GPIO_Init) for HAL_GPIO_Init
    stm32l0538_discovery.o(i.BSP_LED_Init) refers to stm32l0xx_hal_gpio.o(i.HAL_GPIO_WritePin) for HAL_GPIO_WritePin
    stm32l0538_discovery.o(i.BSP_LED_Init) refers to stm32l0538_discovery.o(.constdata) for .constdata
    stm32l0538_discovery.o(i.BSP_LED_Init) refers to stm32l0538_discovery.o(.data) for .data
    stm32l0538_discovery.o(i.BSP_LED_Off) refers to stm32l0xx_hal_gpio.o(i.HAL_GPIO_WritePin) for HAL_GPIO_WritePin
    stm32l0538_discovery.o(i.BSP_LED_Off) refers to stm32l0538_discovery.o(.constdata) for .constdata
    stm32l0538_discovery.o(i.BSP_LED_Off) refers to stm32l0538_discovery.o(.data) for .data
    stm32l0538_discovery.o(i.BSP_LED_On) refers to stm32l0xx_hal_gpio.o(i.HAL_GPIO_WritePin) for HAL_GPIO_WritePin
    stm32l0538_discovery.o(i.BSP_LED_On) refers to stm32l0538_discovery.o(.constdata) for .constdata
    stm32l0538_discovery.o(i.BSP_LED_On) refers to stm32l0538_discovery.o(.data) for .data
    stm32l0538_discovery.o(i.BSP_LED_Toggle) refers to stm32l0xx_hal_gpio.o(i.HAL_GPIO_TogglePin) for HAL_GPIO_TogglePin
    stm32l0538_discovery.o(i.BSP_LED_Toggle) refers to stm32l0538_discovery.o(.constdata) for .constdata
    stm32l0538_discovery.o(i.BSP_LED_Toggle) refers to stm32l0538_discovery.o(.data) for .data
    stm32l0538_discovery.o(i.BSP_PB_GetState) refers to stm32l0xx_hal_gpio.o(i.HAL_GPIO_ReadPin) for HAL_GPIO_ReadPin
    stm32l0538_discovery.o(i.BSP_PB_GetState) refers to stm32l0538_discovery.o(.constdata) for .constdata
    stm32l0538_discovery.o(i.BSP_PB_GetState) refers to stm32l0538_discovery.o(.data) for .data
    stm32l0538_discovery.o(i.BSP_PB_Init) refers to stm32l0xx_hal_gpio.o(i.HAL_GPIO_Init) for HAL_GPIO_Init
    stm32l0538_discovery.o(i.BSP_PB_Init) refers to stm32l0xx_hal_cortex.o(i.HAL_NVIC_SetPriority) for HAL_NVIC_SetPriority
    stm32l0538_discovery.o(i.BSP_PB_Init) refers to stm32l0xx_hal_cortex.o(i.HAL_NVIC_EnableIRQ) for HAL_NVIC_EnableIRQ
    stm32l0538_discovery.o(i.BSP_PB_Init) refers to stm32l0538_discovery.o(.constdata) for .constdata
    stm32l0538_discovery.o(i.BSP_PB_Init) refers to stm32l0538_discovery.o(.data) for .data
    stm32l0538_discovery.o(i.EPD_Delay) refers to stm32l0xx_hal.o(i.HAL_Delay) for HAL_Delay
    stm32l0538_discovery.o(i.EPD_IO_Init) refers to stm32l0xx_hal_gpio.o(i.HAL_GPIO_Init) for HAL_GPIO_Init
    stm32l0538_discovery.o(i.EPD_IO_Init) refers to stm32l0xx_hal_gpio.o(i.HAL_GPIO_WritePin) for HAL_GPIO_WritePin
    stm32l0538_discovery.o(i.EPD_IO_Init) refers to stm32l0xx_hal.o(i.HAL_Delay) for HAL_Delay
    stm32l0538_discovery.o(i.EPD_IO_Init) refers to stm32l0538_discovery.o(i.SPIx_Init) for SPIx_Init
    stm32l0538_discovery.o(i.EPD_IO_ReadData) refers to stm32l0xx_hal_gpio.o(i.HAL_GPIO_WritePin) for HAL_GPIO_WritePin
    stm32l0538_discovery.o(i.EPD_IO_ReadData) refers to stm32l0xx_hal_spi.o(i.HAL_SPI_TransmitReceive) for HAL_SPI_TransmitReceive
    stm32l0538_discovery.o(i.EPD_IO_ReadData) refers to stm32l0538_discovery.o(i.SPIx_Error) for SPIx_Error
    stm32l0538_discovery.o(i.EPD_IO_ReadData) refers to stm32l0538_discovery.o(.bss) for .bss
    stm32l0538_discovery.o(i.EPD_IO_WriteData) refers to stm32l0xx_hal_gpio.o(i.HAL_GPIO_WritePin) for HAL_GPIO_WritePin
    stm32l0538_discovery.o(i.EPD_IO_WriteData) refers to stm32l0538_discovery.o(i.SPIx_Write) for SPIx_Write
    stm32l0538_discovery.o(i.EPD_IO_WriteReg) refers to stm32l0xx_hal_gpio.o(i.HAL_GPIO_WritePin) for HAL_GPIO_WritePin
    stm32l0538_discovery.o(i.EPD_IO_WriteReg) refers to stm32l0538_discovery.o(i.SPIx_Write) for SPIx_Write
    stm32l0538_discovery.o(i.SPIx_Error) refers to stm32l0xx_hal_spi.o(i.HAL_SPI_DeInit) for HAL_SPI_DeInit
    stm32l0538_discovery.o(i.SPIx_Error) refers to stm32l0538_discovery.o(i.SPIx_Init) for SPIx_Init
    stm32l0538_discovery.o(i.SPIx_Error) refers to stm32l0538_discovery.o(.bss) for .bss
    stm32l0538_discovery.o(i.SPIx_Init) refers to stm32l0xx_hal_spi.o(i.HAL_SPI_GetState) for HAL_SPI_GetState
    stm32l0538_discovery.o(i.SPIx_Init) refers to stm32l0xx_hal_gpio.o(i.HAL_GPIO_Init) for HAL_GPIO_Init
    stm32l0538_discovery.o(i.SPIx_Init) refers to stm32l0xx_hal_spi.o(i.HAL_SPI_Init) for HAL_SPI_Init
    stm32l0538_discovery.o(i.SPIx_Init) refers to stm32l0538_discovery.o(.bss) for .bss
    stm32l0538_discovery.o(i.SPIx_Write) refers to stm32l0xx_hal_spi.o(i.HAL_SPI_Transmit) for HAL_SPI_Transmit
    stm32l0538_discovery.o(i.SPIx_Write) refers to stm32l0538_discovery.o(i.SPIx_Error) for SPIx_Error
    stm32l0538_discovery.o(i.SPIx_Write) refers to stm32l0538_discovery.o(.bss) for .bss
    stm32l0xx_hal_pwr_ex.o(i.HAL_PWREx_DisableLowPowerRunMode) refers to uidiv.o(.text) for __aeabi_uidivmod
[...]
    ..\\Src\\peripheral.c                    0x00000000   Number         0  peripheral.o ABSOLUTE
    ..\\Src\\serial.c                        0x00000000   Number         0  serial.o ABSOLUTE
    ..\\Src\\temperature.c                   0x00000000   Number         0  temperature.o ABSOLUTE
    cdcmple.s                                0x00000000   Number         0  cdcmple.o ABSOLUTE
    cdrcmple.s                               0x00000000   Number         0  cdrcmple.o ABSOLUTE
    cfcmple.s                                0x00000000   Number         0  cfcmple.o ABSOLUTE
    cfrcmple.s                               0x00000000   Number         0  cfrcmple.o ABSOLUTE
    dc.s                                     0x00000000   Number         0  dc.o ABSOLUTE
    handlers.s                               0x00000000   Number         0  handlers.o ABSOLUTE
    init.s                                   0x00000000   Number         0  init.o ABSOLUTE
    startup_stm32l051xx.s                    0x00000000   Number         0  startup_stm32l051xx.o ABSOLUTE
    RESET                                    0x08000000   Section      192  startup_stm32l051xx.o(RESET)
    .ARM.Collect$$$$00000000                 0x080000c0   Section        0  entry.o(.ARM.Collect$$$$00000000)
    .ARM.Collect$$$$00000001                 0x080000c0   Section        4  entry2.o(.ARM.Collect$$$$00000001)
    .ARM.Collect$$$$00000004                 0x080000c4   Section        4  entry5.o(.ARM.Collect$$$$00000004)
    .ARM.Collect$$$$00000008                 0x080000c8   Section        0  entry7b.o(.ARM.Collect$$$$00000008)
    .ARM.Collect$$$$0000000A                 0x080000c8   Section        0  entry8b.o(.ARM.Collect$$$$0000000A)
    .ARM.Collect$$$$0000000B                 0x080000c8   Section        8  entry9a.o(.ARM.Collect$$$$0000000B)
    .ARM.Collect$$$$0000000D                 0x080000d0   Section        0  entry10a.o(.ARM.Collect$$$$0000000D)
    .ARM.Collect$$$$0000000F                 0x080000d0   Section        0  entry11a.o(.ARM.Collect$$$$0000000F)
    .ARM.Collect$$$$00002712                 0x080000d0   Section        4  entry2.o(.ARM.Collect$$$$00002712)
    __lit__00000000                          0x080000d0   Data           4  entry2.o(.ARM.Collect$$$$00002712)
    .text                                    0x080000d4   Section       28  startup_stm32l051xx.o(.text)
    .text                                    0x080000f0   Section        0  uidiv.o(.text)
    .text                                    0x0800011c   Section        0  uldiv.o(.text)
    .text                                    0x0800017c   Section        0  memcpya.o(.text)
    .text                                    0x080001a0   Section        0  memseta.o(.text)
    .text                                    0x080001c4   Section        0  strlen.o(.text)
    .text                                    0x080001d2   Section        0  memcmp.o(.text)
    .text                                    0x080001ec   Section        0  fadd.o(.text)
    .text                                    0x0800029e   Section        0  fmul.o(.text)
    .text                                    0x08000318   Section        0  fdiv.o(.text)
    .text                                    0x08000394   Section        0  fscalb.o(.text)
    .text                                    0x080003ac   Section        0  dmul.o(.text)
    .text                                    0x0800047c   Section        0  dscalb.o(.text)
    .text                                    0x080004a8   Section        0  ffltui.o(.text)
    .text                                    0x080004b8   Section        0  dfltui.o(.text)
    .text                                    0x080004d4   Section        0  dfixi.o(.text)
    .text                                    0x0800051c   Section        0  dfixui.o(.text)
    .text                                    0x08000558   Section        0  f2d.o(.text)
    .text                                    0x08000580   Section        0  d2f.o(.text)
    .text                                    0x080005b8   Section       20  cfcmple.o(.text)
    .text                                    0x080005cc   Section       20  cfrcmple.o(.text)
    .text                                    0x080005e0   Section        0  llshl.o(.text)
    .text                                    0x08000600   Section        0  llushr.o(.text)
    .text                                    0x08000624   Section        0  strtod.o(.text)
    _local_sscanf                            0x08000625   Thumb Code    54  strtod.o(.text)
    .text                                    0x080006c8   Section        0  fepilogue.o(.text)
    .text                                    0x080006c8   Section        0  iusefp.o(.text)
    .text                                    0x0800074a   Section        0  depilogue.o(.text)
    .text                                    0x08000808   Section        0  dadd.o(.text)
    .text                                    0x0800096c   Section        0  ddiv.o(.text)
    .text                                    0x08000a5c   Section        0  drnd.o(.text)
    .text                                    0x08000ad8   Section        0  dfixul.o(.text)
    .text                                    0x08000b18   Section       40  cdcmple.o(.text)
    .text                                    0x08000b40   Section       40  cdrcmple.o(.text)
    .text                                    0x08000b68   Section       36  init.o(.text)
    .text                                    0x08000b8c   Section        0  llsshr.o(.text)
    .text                                    0x08000bb2   Section        0  isspace_c.o(.text)
    .text                                    0x08000bc0   Section        0  scanf_fp.o(.text)
    _fp_value                                0x08000bc1   Thumb Code   286  scanf_fp.o(.text)
    .text                                    0x08000f34   Section        0  _sgetc.o(.text)
    .text                                    0x08000f78   Section        0  llmul.o(.text)
    .text                                    0x08000ff4   Section        0  ctype_c.o(.text)
    .text                                    0x08001018   Section        0  dfltul.o(.text)
    i.ADC1_COMP_IRQHandler                   0x08001034   Section        0  stm32l0xx_it.o(i.ADC1_COMP_IRQHandler)
    i.ADC_ConversionStop                     0x08001044   Section        0  stm32l0xx_hal_adc.o(i.ADC_ConversionStop)
    ADC_ConversionStop                       0x08001045   Thumb Code    82  stm32l0xx_hal_adc.o(i.ADC_ConversionStop)
    i.ADC_DelayMicroSecond                   0x08001098   Section        0  stm32l0xx_hal_adc.o(i.ADC_DelayMicroSecond)
    ADC_DelayMicroSecond                     0x08001099   Thumb Code    28  stm32l0xx_hal_adc.o(i.ADC_DelayMicroSecond)
    i.ADC_Disable                            0x080010bc   Section        0  stm32l0xx_hal_adc.o(i.ADC_Disable)
    ADC_Disable                              0x080010bd   Thumb Code    96  stm32l0xx_hal_adc.o(i.ADC_Disable)
    i.ADC_Enable                             0x0800111c   Section        0  stm32l0xx_hal_adc.o(i.ADC_Enable)
    ADC_Enable                               0x0800111d   Thumb Code    96  stm32l0xx_hal_adc.o(i.ADC_Enable)
    i.DMA1_Channel2_3_IRQHandler             0x08001180   Section        0  stm32l0xx_it.o(i.DMA1_Channel2_3_IRQHandler)
    i.DMA_SetConfig                          0x08001198   Section        0  stm32l0xx_hal_dma.o(i.DMA_SetConfig)
    DMA_SetConfig                            0x08001199   Thumb Code    30  stm32l0xx_hal_dma.o(i.DMA_SetConfig)
    i.EXTI0_1_IRQHandler                     0x080011b6   Section        0  stm32l0xx_it.o(i.EXTI0_1_IRQHandler)
    i.FLASH_PageErase                        0x080011c0   Section        0  stm32l0xx_hal_flash_ex.o(i.FLASH_PageErase)
    i.FLASH_SetErrorCode                     0x080011ec   Section        0  stm32l0xx_hal_flash.o(i.FLASH_SetErrorCode)
    FLASH_SetErrorCode                       0x080011ed   Thumb Code   134  stm32l0xx_hal_flash.o(i.FLASH_SetErrorCode)
    i.FLASH_WaitForLastOperation             0x0800127c   Section        0  stm32l0xx_hal_flash.o(i.FLASH_WaitForLastOperation)
    i.HAL_ADCEx_Calibration_Start            0x080012ec   Section        0  stm32l0xx_hal_adc_ex.o(i.HAL_ADCEx_Calibration_Start)
    i.HAL_ADC_ConvCpltCallback               0x08001398   Section        0  main.o(i.HAL_ADC_ConvCpltCallback)
    i.HAL_ADC_ErrorCallback                  0x080013c4   Section        0  stm32l0xx_hal_adc.o(i.HAL_ADC_ErrorCallback)
    i.HAL_ADC_GetState                       0x080013c6   Section        0  stm32l0xx_hal_adc.o(i.HAL_ADC_GetState)
    i.HAL_ADC_GetValue                       0x080013ca   Section        0  stm32l0xx_hal_adc.o(i.HAL_ADC_GetValue)
    i.HAL_ADC_IRQHandler                     0x080013d0   Section        0  stm32l0xx_hal_adc.o(i.HAL_ADC_IRQHandler)
    i.HAL_ADC_Init                           0x080014a8   Section        0  stm32l0xx_hal_adc.o(i.HAL_ADC_Init)
    i.HAL_ADC_LevelOutOfWindowCallback       0x0800166c   Section        0  stm32l0xx_hal_adc.o(i.HAL_ADC_LevelOutOfWindowCallback)
    i.HAL_ADC_MspInit2                       0x08001670   Section        0  stm32l0xx_hal_msp.o(i.HAL_ADC_MspInit2)
    i.HAL_ADC_Start_IT                       0x080016d0   Section        0  stm32l0xx_hal_adc.o(i.HAL_ADC_Start_IT)
    i.HAL_ADC_Stop_IT                        0x0800174c   Section        0  stm32l0xx_hal_adc.o(i.HAL_ADC_Stop_IT)
    i.HAL_DMA_Abort_IT                       0x08001794   Section        0  stm32l0xx_hal_dma.o(i.HAL_DMA_Abort_IT)
    i.HAL_DMA_IRQHandler                     0x0800182c   Section        0  stm32l0xx_hal_dma.o(i.HAL_DMA_IRQHandler)
    i.HAL_DMA_Init                           0x08001aac   Section        0  stm32l0xx_hal_dma.o(i.HAL_DMA_Init)
    i.HAL_DMA_Start_IT                       0x08001bb4   Section        0  stm32l0xx_hal_dma.o(i.HAL_DMA_Start_IT)
    i.HAL_Delay                              0x08001c02   Section        0  stm32l0xx_hal.o(i.HAL_Delay)
    i.HAL_FLASHEx_Erase                      0x08001c18   Section        0  stm32l0xx_hal_flash_ex.o(i.HAL_FLASHEx_Erase)
    i.HAL_FLASH_Lock                         0x08001c90   Section        0  stm32l0xx_hal_flash.o(i.HAL_FLASH_Lock)
    i.HAL_FLASH_Program                      0x08001ca4   Section        0  stm32l0xx_hal_flash.o(i.HAL_FLASH_Program)
    i.HAL_FLASH_Unlock                       0x08001ce0   Section        0  stm32l0xx_hal_flash.o(i.HAL_FLASH_Unlock)
    i.HAL_GPIO_DeInit                        0x08001d1c   Section        0  stm32l0xx_hal_gpio.o(i.HAL_GPIO_DeInit)
    i.HAL_GPIO_EXTI_Callback                 0x08001e00   Section        0  stm32l0xx_hal_gpio.o(i.HAL_GPIO_EXTI_Callback)
    i.HAL_GPIO_EXTI_IRQHandler               0x08001e10   Section        0  stm32l0xx_hal_gpio.o(i.HAL_GPIO_EXTI_IRQHandler)
    i.HAL_GPIO_Init                          0x08001e28   Section        0  stm32l0xx_hal_gpio.o(i.HAL_GPIO_Init)
    i.HAL_GPIO_ReadPin                       0x08001fa0   Section        0  stm32l0xx_hal_gpio.o(i.HAL_GPIO_ReadPin)
    i.HAL_GPIO_WritePin                      0x08001faa   Section        0  stm32l0xx_hal_gpio.o(i.HAL_GPIO_WritePin)
    i.HAL_GetTick                            0x08001fb8   Section        0  stm32l0xx_hal.o(i.HAL_GetTick)
    i.HAL_IncTick                            0x08001fc4   Section        0  stm32l0xx_hal.o(i.HAL_IncTick)
    i.HAL_Init                               0x08001fd4   Section        0  stm32l0xx_hal.o(i.HAL_Init)
    i.HAL_InitTick                           0x08001ff4   Section        0  stm32l0xx_hal.o(i.HAL_InitTick)
    i.HAL_MspInit                            0x0800201c   Section        0  stm32l0xx_hal_msp.o(i.HAL_MspInit)
    i.HAL_NVIC_EnableIRQ                     0x08002020   Section        0  stm32l0xx_hal_cortex.o(i.HAL_NVIC_EnableIRQ)
    i.HAL_NVIC_SetPriority                   0x08002038   Section        0  stm32l0xx_hal_cortex.o(i.HAL_NVIC_SetPriority)
    i.HAL_RCCEx_GetPeriphCLKFreq             0x08002040   Section        0  stm32l0xx_hal_rcc_ex.o(i.HAL_RCCEx_GetPeriphCLKFreq)
    i.HAL_RCC_ClockConfig                    0x08002178   Section        0  stm32l0xx_hal_rcc.o(i.HAL_RCC_ClockConfig)
    i.HAL_RCC_GetPCLK1Freq                   0x080022e0   Section        0  stm32l0xx_hal_rcc.o(i.HAL_RCC_GetPCLK1Freq)
    i.HAL_RCC_GetPCLK2Freq                   0x08002300   Section        0  stm32l0xx_hal_rcc.o(i.HAL_RCC_GetPCLK2Freq)
    i.HAL_RCC_GetSysClockFreq                0x08002320   Section        0  stm32l0xx_hal_rcc.o(i.HAL_RCC_GetSysClockFreq)
    i.HAL_RCC_OscConfig                      0x08002398   Section        0  stm32l0xx_hal_rcc.o(i.HAL_RCC_OscConfig)
    i.HAL_RTCEx_WakeUpTimerEventCallback     0x08002784   Section        0  main.o(i.HAL_RTCEx_WakeUpTimerEventCallback)
    i.HAL_RTCEx_WakeUpTimerIRQHandler        0x08002794   Section        0  stm32l0xx_hal_rtc_ex.o(i.HAL_RTCEx_WakeUpTimerIRQHandler)
    i.HAL_SYSTICK_Config                     0x080027cc   Section        0  stm32l0xx_hal_cortex.o(i.HAL_SYSTICK_Config)
    i.HAL_TIM_IC_CaptureCallback             0x080027fc   Section        0  stm32l0xx_hal_tim.o(i.HAL_TIM_IC_CaptureCallback)
    i.HAL_TIM_IRQHandler                     0x080027fe   Section        0  stm32l0xx_hal_tim.o(i.HAL_TIM_IRQHandler)
    i.HAL_TIM_OC_DelayElapsedCallback        0x08002924   Section        0  stm32l0xx_hal_tim.o(i.HAL_TIM_OC_DelayElapsedCallback)
    i.HAL_TIM_PWM_PulseFinishedCallback      0x08002926   Section        0  stm32l0xx_hal_tim.o(i.HAL_TIM_PWM_PulseFinishedCallback)
    i.HAL_TIM_PeriodElapsedCallback          0x08002928   Section        0  stm32l0xx_hal_tim.o(i.HAL_TIM_PeriodElapsedCallback)
    i.HAL_TIM_TriggerCallback                0x0800292a   Section        0  stm32l0xx_hal_tim.o(i.HAL_TIM_TriggerCallback)
    i.HAL_UARTEx_WakeupCallback              0x0800292c   Section        0  stm32l0xx_hal_uart_ex.o(i.HAL_UARTEx_WakeupCallback)
    i.HAL_UART_DeInit                        0x0800292e   Section        0  stm32l0xx_hal_uart.o(i.HAL_UART_DeInit)
    i.HAL_UART_ErrorCallback                 0x0800296c   Section        0  stm32l0xx_hal_uart.o(i.HAL_UART_ErrorCallback)
    i.HAL_UART_IRQHandler                    0x08002970   Section        0  stm32l0xx_hal_uart.o(i.HAL_UART_IRQHandler)
    i.HAL_UART_Init                          0x08002ab4   Section        0  stm32l0xx_hal_uart.o(i.HAL_UART_Init)
    i.HAL_UART_MspDeInit                     0x08002b20   Section        0  stm32l0xx_hal_msp.o(i.HAL_UART_MspDeInit)
    i.HAL_UART_MspInit                       0x08002c10   Section        0  stm32l0xx_hal_msp.o(i.HAL_UART_MspInit)
    i.HAL_UART_Receive_DMA                   0x08002c80   Section        0  stm32l0xx_hal_uart.o(i.HAL_UART_Receive_DMA)
    i.HAL_UART_RxCpltCallback                0x08002d24   Section        0  main.o(i.HAL_UART_RxCpltCallback)
    i.HAL_UART_RxHalfCpltCallback            0x08002d30   Section        0  stm32l0xx_hal_uart.o(i.HAL_UART_RxHalfCpltCallback)
    i.HAL_UART_Transmit_DMA                  0x08002d34   Section        0  stm32l0xx_hal_uart.o(i.HAL_UART_Transmit_DMA)
    i.HAL_UART_TxCpltCallback                0x08002dcc   Section        0  main.o(i.HAL_UART_TxCpltCallback)
    i.HAL_UART_TxHalfCpltCallback            0x08002dd8   Section        0  stm32l0xx_hal_uart.o(i.HAL_UART_TxHalfCpltCallback)
    i.HardFault_Handler                      0x08002dda   Section        0  stm32l0xx_it.o(i.HardFault_Handler)
    i.NMI_Handler                            0x08002ddc   Section        0  stm32l0xx_it.o(i.NMI_Handler)
    i.PendSV_Handler                         0x08002dde   Section        0  stm32l0xx_it.o(i.PendSV_Handler)
    i.RCC_SetFlashLatencyFromMSIRange        0x08002de0   Section        0  stm32l0xx_hal_rcc.o(i.RCC_SetFlashLatencyFromMSIRange)
    RCC_SetFlashLatencyFromMSIRange          0x08002de1   Thumb Code    94  stm32l0xx_hal_rcc.o(i.RCC_SetFlashLatencyFromMSIRange)
    i.RTC_IRQHandler                         0x08002e50   Section        0  stm32l0xx_it.o(i.RTC_IRQHandler)
    i.SVC_Handler                            0x08002e60   Section        0  stm32l0xx_it.o(i.SVC_Handler)
    i.SysTick_Handler                        0x08002e64   Section        0  stm32l0xx_it.o(i.SysTick_Handler)
    i.SystemClock_Config                     0x08002e88   Section        0  hal_system.o(i.SystemClock_Config)
    i.SystemInit                             0x08002ef8   Section        0  system_stm32l0xx.o(i.SystemInit)
    i.TIM6_IRQHandler                        0x08002f4c   Section        0  stm32l0xx_it.o(i.TIM6_IRQHandler)
    i.UART_AdvFeatureConfig                  0x08002f84   Section        0  stm32l0xx_hal_uart.o(i.UART_AdvFeatureConfig)
    i.UART_CheckIdleState                    0x08003050   Section        0  stm32l0xx_hal_uart.o(i.UART_CheckIdleState)
    i.UART_DMAAbortOnError                   0x080030b0   Section        0  stm32l0xx_hal_uart.o(i.UART_DMAAbortOnError)
    UART_DMAAbortOnError                     0x080030b1   Thumb Code    20  stm32l0xx_hal_uart.o(i.UART_DMAAbortOnError)
    i.UART_DMAError                          0x080030c4   Section        0  stm32l0xx_hal_uart.o(i.UART_DMAError)
    UART_DMAError                            0x080030c5   Thumb Code    74  stm32l0xx_hal_uart.o(i.UART_DMAError)
    i.UART_DMAReceiveCplt                    0x0800310e   Section        0  stm32l0xx_hal_uart.o(i.UART_DMAReceiveCplt)
    UART_DMAReceiveCplt                      0x0800310f   Thumb Code    64  stm32l0xx_hal_uart.o(i.UART_DMAReceiveCplt)
    i.UART_DMARxHalfCplt                     0x0800314e   Section        0  stm32l0xx_hal_uart.o(i.UART_DMARxHalfCplt)
    UART_DMARxHalfCplt                       0x0800314f   Thumb Code    10  stm32l0xx_hal_uart.o(i.UART_DMARxHalfCplt)
    i.UART_DMATransmitCplt                   0x08003158   Section        0  stm32l0xx_hal_uart.o(i.UART_DMATransmitCplt)
    UART_DMATransmitCplt                     0x08003159   Thumb Code    48  stm32l0xx_hal_uart.o(i.UART_DMATransmitCplt)
    i.UART_DMATxHalfCplt                     0x08003188   Section        0  stm32l0xx_hal_uart.o(i.UART_DMATxHalfCplt)
    UART_DMATxHalfCplt                       0x08003189   Thumb Code    10  stm32l0xx_hal_uart.o(i.UART_DMATxHalfCplt)
    i.UART_EndRxTransfer                     0x08003192   Section        0  stm32l0xx_hal_uart.o(i.UART_EndRxTransfer)
    UART_EndRxTransfer                       0x08003193   Thumb Code    30  stm32l0xx_hal_uart.o(i.UART_EndRxTransfer)
    i.UART_EndTxTransfer                     0x080031b0   Section        0  stm32l0xx_hal_uart.o(i.UART_EndTxTransfer)
    UART_EndTxTransfer                       0x080031b1   Thumb Code    18  stm32l0xx_hal_uart.o(i.UART_EndTxTransfer)
    i.UART_Receive_IT                        0x080031c2   Section        0  stm32l0xx_hal_uart.o(i.UART_Receive_IT)
    UART_Receive_IT                          0x080031c3   Thumb Code   126  stm32l0xx_hal_uart.o(i.UART_Receive_IT)
    i.UART_SetConfig                         0x08003240   Section        0  stm32l0xx_hal_uart.o(i.UART_SetConfig)
    i.UART_Transmit_IT                       0x0800345c   Section        0  stm32l0xx_hal_uart.o(i.UART_Transmit_IT)
    UART_Transmit_IT                         0x0800345d   Thumb Code   102  stm32l0xx_hal_uart.o(i.UART_Transmit_IT)
    i.UART_WaitOnFlagUntilTimeout            0x080034c2   Section        0  stm32l0xx_hal_uart.o(i.UART_WaitOnFlagUntilTimeout)
    i.USART1_IRQHandler                      0x08003524   Section        0  stm32l0xx_it.o(i.USART1_IRQHandler)
    i.__0sprintf                             0x08003534   Section        0  printfa.o(i.__0sprintf)
    i.__ARM_clz                              0x0800355c   Section        0  depilogue.o(i.__ARM_clz)
    i.__ARM_common_switch8                   0x0800358a   Section        0  stm32l0xx_hal_uart.o(i.__ARM_common_switch8)
    i.__NVIC_SetPriority                     0x080035a4   Section        0  stm32l0xx_hal_cortex.o(i.__NVIC_SetPriority)
    __NVIC_SetPriority                       0x080035a5   Thumb Code    60  stm32l0xx_hal_cortex.o(i.__NVIC_SetPriority)
    i.__coConcentFilter                      0x080035e8   Section        0  hal_system.o(i.__coConcentFilter)
    i.__read_errno                           0x0800368c   Section        0  errno.o(i.__read_errno)
    i.__scatterload_copy                     0x08003698   Section       14  handlers.o(i.__scatterload_copy)
    i.__scatterload_null                     0x080036a6   Section        2  handlers.o(i.__scatterload_null)
    i.__scatterload_zeroinit                 0x080036a8   Section       14  handlers.o(i.__scatterload_zeroinit)
    i.__set_errno                            0x080036b8   Section        0  errno.o(i.__set_errno)
    i._fp_digits                             0x080036c4   Section        0  printfa.o(i._fp_digits)
    _fp_digits                               0x080036c5   Thumb Code   344  printfa.o(i._fp_digits)
    i._is_digit                              0x08003838   Section        0  scanf_fp.o(i._is_digit)
    i._printf_core                           0x08003848   Section        0  printfa.o(i._printf_core)
    _printf_core                             0x08003849   Thumb Code  1754  printfa.o(i._printf_core)
    i._printf_post_padding                   0x08003f34   Section        0  printfa.o(i._printf_post_padding)
    _printf_post_padding                     0x08003f35   Thumb Code    32  printfa.o(i._printf_post_padding)
    i._printf_pre_padding                    0x08003f54   Section        0  printfa.o(i._printf_pre_padding)
    _printf_pre_padding                      0x08003f55   Thumb Code    44  printfa.o(i._printf_pre_padding)
    i._sputc                                 0x08003f80   Section        0  printfa.o(i._sputc)
    _sputc                                   0x08003f81   Thumb Code    10  printfa.o(i._sputc)
    i.adcChannelConfig                       0x08003f8c   Section        0  hal_driver.o(i.adcChannelConfig)
    i.atof                                   0x08004040   Section        0  atof.o(i.atof)
    i.buzzerConfig                           0x0800406c   Section        0  buzzer.o(i.buzzerConfig)
    i.flashReadMoreData                      0x080040b4   Section        0  memory.o(i.flashReadMoreData)
    i.flashWriteMoreData                     0x080040c8   Section        0  memory.o(i.flashWriteMoreData)
    i.getAdcChannelValue                     0x08004114   Section        0  hal_driver.o(i.getAdcChannelValue)
    i.getAdcValue                            0x08004124   Section        0  hal_driver.o(i.getAdcValue)
    i.getCompGasConcentration                0x0800414c   Section        0  hal_driver.o(i.getCompGasConcentration)
    i.getGasConcentration                    0x08004174   Section        0  hal_driver.o(i.getGasConcentration)
    i.getSensorDataFromFlash                 0x08004214   Section        0  memory.o(i.getSensorDataFromFlash)
    i.halBuzzerOnOff                         0x08004238   Section        0  buzzer.o(i.halBuzzerOnOff)
    i.ignitionConfig                         0x08004254   Section        0  ignitiondriver.o(i.ignitionConfig)
    i.ignitionWakeupPinConfig                0x08004294   Section        0  ignitiondriver.o(i.ignitionWakeupPinConfig)
    i.ledConfig                              0x080042f0   Section        0  hal_led.o(i.ledConfig)
    i.main                                   0x08004330   Section        0  main.o(i.main)
    i.mainRun                                0x0800435c   Section        0  hal_system.o(i.mainRun)
    i.opPowerConfig                          0x080043c8   Section        0  hal_led.o(i.opPowerConfig)
    i.putSensorDataToFlash                   0x080043fc   Section        0  memory.o(i.putSensorDataToFlash)
    i.queryExe                               0x08004420   Section        0  peripheral.o(i.queryExe)
    i.round                                  0x08004478   Section        0  round.o(i.round)
    i.sensorConfigDataInit                   0x08004514   Section        0  memory.o(i.sensorConfigDataInit)
    i.serialCommandHandle                    0x08004578   Section        0  peripheral.o(i.serialCommandHandle)
    i.serialConfig                           0x080045f0   Section        0  serial.o(i.serialConfig)
    i.serialPrintStr                         0x0800462c   Section        0  serial.o(i.serialPrintStr)
    i.setDateExe                             0x08004664   Section        0  peripheral.o(i.setDateExe)
    i.setGainExe                             0x080046a8   Section        0  peripheral.o(i.setGainExe)
    i.setOffsetExe                           0x080046fc   Section        0  peripheral.o(i.setOffsetExe)
    i.systemInitConfig                       0x08004750   Section        0  hal_system.o(i.systemInitConfig)
    i.uartInit                               0x08004794   Section        0  serial.o(i.uartInit)
    .constdata                               0x080047c0   Section      244  hal_driver.o(.constdata)
    TEMP_COMPENSATION                        0x080047c0   Data         244  hal_driver.o(.constdata)
    .constdata                               0x080048b4   Section       32  peripheral.o(.constdata)
    .constdata                               0x080048d4   Section       25  system_stm32l0xx.o(.constdata)
    .constdata                               0x080048ed   Section        8  system_stm32l0xx.o(.constdata)
    .constdata                               0x080048f5   Section       64  ctype_c.o(.constdata)
    .conststring                             0x08004938   Section       30  peripheral.o(.conststring)
    .data                                    0x20000000   Section        4  stm32l0xx_hal.o(.data)
    .data                                    0x20000004   Section       16  stm32l0xx_hal_msp.o(.data)
    NUCLEO_ANALOG_PIN                        0x20000008   Data          12  stm32l0xx_hal_msp.o(.data)
    .data                                    0x20000014   Section        2  stm32l0xx_it.o(.data)
    serialTimeStamp                          0x20000014   Data           1  stm32l0xx_it.o(.data)
    timeIndex                                0x20000015   Data           1  stm32l0xx_it.o(.data)
    .data                                    0x20000018   Section        4  main.o(.data)
    .data                                    0x2000001c   Section       52  hal_driver.o(.data)
    NUCLEO_ANALOG_PIN                        0x2000002c   Data          12  hal_driver.o(.data)
    NUCLEO_ANALOG_ADC_CHANNEL                0x20000038   Data          24  hal_driver.o(.data)
    .data                                    0x20000050   Section        1  hal_driver.o(.data)
    .data                                    0x20000051   Section        1  hal_driver.o(.data)
    .data                                    0x20000054   Section        8  memory.o(.data)
    .data                                    0x2000005c   Section       64  hal_system.o(.data)
    systemRestartFlag                        0x2000005e   Data           1  hal_system.o(.data)
    .data                                    0x2000009c   Section        4  system_stm32l0xx.o(.data)
    .data                                    0x200000a0   Section        4  errno.o(.data)
    _errno                                   0x200000a0   Data           4  errno.o(.data)
    .bss                                     0x200000a4   Section       24  stm32l0xx_hal_flash.o(.bss)
    .bss                                     0x200000bc   Section      128  stm32l0xx_hal_msp.o(.bss)
    hdma_tx                                  0x200000bc   Data          64  stm32l0xx_hal_msp.o(.bss)
    hdma_rx                                  0x200000fc   Data          64  stm32l0xx_hal_msp.o(.bss)
    .bss                                     0x2000013c   Section       96  hal_driver.o(.bss)
    .bss                                     0x2000019c   Section      112  hal_driver.o(.bss)
    .bss                                     0x2000020c   Section      112  memory.o(.bss)
    EraseInitStruct                          0x20000270   Data          12  memory.o(.bss)
    .bss                                     0x2000027c   Section       56  buzzer.o(.bss)
    .bss                                     0x200002b4   Section      152  hal_system.o(.bss)
    buffer                                   0x200002b4   Data         100  hal_system.o(.bss)
    .bss                                     0x2000034c   Section       30  serial.o(.bss)
    .bss                                     0x2000036a   Section      300  peripheral.o(.bss)
    cmdStrBuf                                0x2000036a   Data         200  peripheral.o(.bss)
    buffer                                   0x20000432   Data         100  peripheral.o(.bss)
    STACK                                    0x20000498   Section     1024  startup_stm32l051xx.o(STACK)

    Global Symbols

    Symbol Name                              Value     Ov Type        Size  Object(Section)

    BuildAttributes$$THM_ISAv3M$S$PE$A:L22$X:L11$S22$IEEE1$IW$USESV6$~STKCKD$USESV7$~SHL$OTIME$ROPI$IEEEX$EBA8$MICROLIB$REQ8$PRES8$EABIv2 0x00000000   Number         0  anon$$obj.o ABSOLUTE
    __ARM_use_no_argv                        0x00000000   Number         0  main.o ABSOLUTE
    _printf_a                                0x00000000   Number         0  stubs.o ABSOLUTE
    _printf_c                                0x00000000   Number         0  stubs.o ABSOLUTE
    _printf_charcount                        0x00000000   Number         0  stubs.o ABSOLUTE
    _printf_d                                0x00000000   Number         0  stubs.o ABSOLUTE
    _printf_e                                0x00000000   Number         0  stubs.o ABSOLUTE
    _printf_f                                0x00000000   Number         0  stubs.o ABSOLUTE
    _printf_flags                            0x00000000   Number         0  stubs.o ABSOLUTE
    _printf_fp_dec                           0x00000000   Number         0  stubs.o ABSOLUTE
    _printf_fp_hex                           0x00000000   Number         0  stubs.o ABSOLUTE
    _printf_g                                0x00000000   Number         0  stubs.o ABSOLUTE
    _printf_i                                0x00000000   Number         0  stubs.o ABSOLUTE
    _printf_int_dec                          0x00000000   Number         0  stubs.o ABSOLUTE
    _printf_l                                0x00000000   Number         0  stubs.o ABSOLUTE
    _printf_lc                               0x00000000   Number         0  stubs.o ABSOLUTE
    _printf_ll                               0x00000000   Number         0  stubs.o ABSOLUTE
    _printf_lld                              0x00000000   Number         0  stubs.o ABSOLUTE
    _printf_lli                              0x00000000   Number         0  stubs.o ABSOLUTE
    _printf_llo                              0x00000000   Number         0  stubs.o ABSOLUTE
    _printf_llu                              0x00000000   Number         0  stubs.o ABSOLUTE
    _printf_llx                              0x00000000   Number         0  stubs.o ABSOLUTE
    _printf_longlong_dec                     0x00000000   Number         0  stubs.o ABSOLUTE
    _printf_longlong_hex                     0x00000000   Number         0  stubs.o ABSOLUTE
    _printf_longlong_oct                     0x00000000   Number         0  stubs.o ABSOLUTE
    _printf_ls                               0x00000000   Number         0  stubs.o ABSOLUTE
    _printf_mbtowc                           0x00000000   Number         0  stubs.o ABSOLUTE
    _printf_n                                0x00000000   Number         0  stubs.o ABSOLUTE
    _printf_o                                0x00000000   Number         0  stubs.o ABSOLUTE
    _printf_p                                0x00000000   Number         0  stubs.o ABSOLUTE
    _printf_percent                          0x00000000   Number         0  stubs.o ABSOLUTE
    _printf_pre_padding                      0x00000000   Number         0  stubs.o ABSOLUTE
    _printf_return_value                     0x00000000   Number         0  stubs.o ABSOLUTE
    _printf_s                                0x00000000   Number         0  stubs.o ABSOLUTE
    _printf_sizespec                         0x00000000   Number         0  stubs.o ABSOLUTE
    _printf_str                              0x00000000   Number         0  stubs.o ABSOLUTE
    _printf_truncate_signed                  0x00000000   Number         0  stubs.o ABSOLUTE
    _printf_truncate_unsigned                0x00000000   Number         0  stubs.o ABSOLUTE
    _printf_u                                0x00000000   Number         0  stubs.o ABSOLUTE
    _printf_wc                               0x00000000   Number         0  stubs.o ABSOLUTE
    _printf_wctomb                           0x00000000   Number         0  stubs.o ABSOLUTE
    _printf_widthprec                        0x00000000   Number         0  stubs.o ABSOLUTE
    _printf_x                                0x00000000   Number         0  stubs.o ABSOLUTE
    __cpp_initialize__aeabi_                  - Undefined Weak Reference
    __cxa_finalize                            - Undefined Weak Reference
    __decompress                              - Undefined Weak Reference
    _clock_init                               - Undefined Weak Reference
    _microlib_exit                            - Undefined Weak Reference
    __Vectors_Size                           0x000000c0   Number         0  startup_stm32l051xx.o ABSOLUTE
    __Vectors                                0x08000000   Data           4  startup_stm32l051xx.o(RESET)
    __Vectors_End                            0x080000c0   Data           0  startup_stm32l051xx.o(RESET)
    __main                                   0x080000c1   Thumb Code     0  entry.o(.ARM.Collect$$$$00000000)
    _main_stk                                0x080000c1   Thumb Code     0  entry2.o(.ARM.Collect$$$$00000001)
    _main_scatterload                        0x080000c5   Thumb Code     0  entry5.o(.ARM.Collect$$$$00000004)
    __main_after_scatterload                 0x080000c9   Thumb Code     0  entry5.o(.ARM.Collect$$$$00000004)
    _main_clock                              0x080000c9   Thumb Code     0  entry7b.o(.ARM.Collect$$$$00000008)
    _main_cpp_init                           0x080000c9   Thumb Code     0  entry8b.o(.ARM.Collect$$$$0000000A)
    _main_init                               0x080000c9   Thumb Code     0  entry9a.o(.ARM.Collect$$$$0000000B)
    __rt_final_cpp                           0x080000d1   Thumb Code     0  entry10a.o(.ARM.Collect$$$$0000000D)
    __rt_final_exit                          0x080000d1   Thumb Code     0  entry11a.o(.ARM.Collect$$$$0000000F)
    Reset_Handler                            0x080000d5   Thumb Code     8  startup_stm32l051xx.o(.text)
    DMA1_Channel1_IRQHandler                 0x080000e7   Thumb Code     0  startup_stm32l051xx.o(.text)
    DMA1_Channel4_5_6_7_IRQHandler           0x080000e7   Thumb Code     0  startup_stm32l051xx.o(.text)
    EXTI2_3_IRQHandler                       0x080000e7   Thumb Code     0  startup_stm32l051xx.o(.text)
    EXTI4_15_IRQHandler                      0x080000e7   Thumb Code     0  startup_stm32l051xx.o(.text)
    FLASH_IRQHandler                         0x080000e7   Thumb Code     0  startup_stm32l051xx.o(.text)
    I2C1_IRQHandler                          0x080000e7   Thumb Code     0  startup_stm32l051xx.o(.text)
    I2C2_IRQHandler                          0x080000e7   Thumb Code     0  startup_stm32l051xx.o(.text)
    LPTIM1_IRQHandler                        0x080000e7   Thumb Code     0  startup_stm32l051xx.o(.text)
    LPUART1_IRQHandler                       0x080000e7   Thumb Code     0  startup_stm32l051xx.o(.text)
    PVD_IRQHandler                           0x080000e7   Thumb Code     0  startup_stm32l051xx.o(.text)
    RCC_IRQHandler                           0x080000e7   Thumb Code     0  startup_stm32l051xx.o(.text)
    SPI1_IRQHandler                          0x080000e7   Thumb Code     0  startup_stm32l051xx.o(.text)
    SPI2_IRQHandler                          0x080000e7   Thumb Code     0  startup_stm32l051xx.o(.text)
    TIM21_IRQHandler                         0x080000e7   Thumb Code     0  startup_stm32l051xx.o(.text)
    TIM22_IRQHandler                         0x080000e7   Thumb Code     0  startup_stm32l051xx.o(.text)
    TIM2_IRQHandler                          0x080000e7   Thumb Code     0  startup_stm32l051xx.o(.text)
    USART2_IRQHandler                        0x080000e7   Thumb Code     0  startup_stm32l051xx.o(.text)
    WWDG_IRQHandler                          0x080000e7   Thumb Code     0  startup_stm32l051xx.o(.text)
    __aeabi_uidiv                            0x080000f1   Thumb Code     0  uidiv.o(.text)
    __aeabi_uidivmod                         0x080000f1   Thumb Code    44  uidiv.o(.text)
    __aeabi_uldivmod                         0x0800011d   Thumb Code    96  uldiv.o(.text)
    __aeabi_memcpy                           0x0800017d   Thumb Code    36  memcpya.o(.text)
    __aeabi_memcpy4                          0x0800017d   Thumb Code     0  memcpya.o(.text)
    __aeabi_memcpy8                          0x0800017d   Thumb Code     0  memcpya.o(.text)
    __aeabi_memset                           0x080001a1   Thumb Code    14  memseta.o(.text)
    __aeabi_memset4                          0x080001a1   Thumb Code     0  memseta.o(.text)
    __aeabi_memset8                          0x080001a1   Thumb Code     0  memseta.o(.text)
    __aeabi_memclr                           0x080001af   Thumb Code     4  memseta.o(.text)
    __aeabi_memclr4                          0x080001af   Thumb Code     0  memseta.o(.text)
    __aeabi_memclr8                          0x080001af   Thumb Code     0  memseta.o(.text)
    _memset$wrapper                          0x080001b3   Thumb Code    18  memseta.o(.text)
    strlen                                   0x080001c5   Thumb Code    14  strlen.o(.text)
    memcmp                                   0x080001d3   Thumb Code    26  memcmp.o(.text)
    __aeabi_fadd                             0x080001ed   Thumb Code   162  fadd.o(.text)
    __aeabi_fsub                             0x0800028f   Thumb Code     8  fadd.o(.text)
    __aeabi_frsub                            0x08000297   Thumb Code     8  fadd.o(.text)
    __aeabi_fmul                             0x0800029f   Thumb Code   122  fmul.o(.text)
    __aeabi_fdiv                             0x08000319   Thumb Code   124  fdiv.o(.text)
    __ARM_scalbnf                            0x08000395   Thumb Code    24  fscalb.o(.text)
    scalbnf                                  0x08000395   Thumb Code     0  fscalb.o(.text)
    __aeabi_dmul                             0x080003ad   Thumb Code   202  dmul.o(.text)
    __ARM_scalbn                             0x0800047d   Thumb Code    44  dscalb.o(.text)
    scalbn                                   0x0800047d   Thumb Code     0  dscalb.o(.text)
    __aeabi_ui2f                             0x080004a9   Thumb Code    14  ffltui.o(.text)
    __aeabi_ui2d                             0x080004b9   Thumb Code    24  dfltui.o(.text)
    __aeabi_d2iz                             0x080004d5   Thumb Code    62  dfixi.o(.text)
    __aeabi_d2uiz                            0x0800051d   Thumb Code    50  dfixui.o(.text)
    __aeabi_f2d                              0x08000559   Thumb Code    40  f2d.o(.text)
    __aeabi_d2f                              0x08000581   Thumb Code    56  d2f.o(.text)
    __aeabi_cfcmpeq                          0x080005b9   Thumb Code     0  cfcmple.o(.text)
    __aeabi_cfcmple                          0x080005b9   Thumb Code    20  cfcmple.o(.text)
    __aeabi_cfrcmple                         0x080005cd   Thumb Code    20  cfrcmple.o(.text)
    __aeabi_llsl                             0x080005e1   Thumb Code    32  llshl.o(.text)
    _ll_shift_l                              0x080005e1   Thumb Code     0  llshl.o(.text)
    __aeabi_llsr                             0x08000601   Thumb Code    34  llushr.o(.text)
    _ll_ushift_r                             0x08000601   Thumb Code     0  llushr.o(.text)
    __strtod_int                             0x0800065b   Thumb Code    94  strtod.o(.text)
    __I$use$fp                               0x080006c9   Thumb Code     0  iusefp.o(.text)
    _float_round                             0x080006c9   Thumb Code    16  fepilogue.o(.text)
    _float_epilogue                          0x080006d9   Thumb Code   114  fepilogue.o(.text)
    _double_round                            0x0800074b   Thumb Code    26  depilogue.o(.text)
    _double_epilogue                         0x08000765   Thumb Code   164  depilogue.o(.text)
    __aeabi_dadd                             0x08000809   Thumb Code   328  dadd.o(.text)
    __aeabi_dsub                             0x08000951   Thumb Code    12  dadd.o(.text)
    __aeabi_drsub                            0x0800095d   Thumb Code    12  dadd.o(.text)
    __aeabi_ddiv                             0x0800096d   Thumb Code   234  ddiv.o(.text)
    _drnd                                    0x08000a5d   Thumb Code   114  drnd.o(.text)
    __aeabi_d2ulz                            0x08000ad9   Thumb Code    54  dfixul.o(.text)
    __aeabi_cdcmpeq                          0x08000b19   Thumb Code     0  cdcmple.o(.text)
    __aeabi_cdcmple                          0x08000b19   Thumb Code    38  cdcmple.o(.text)
    __aeabi_cdrcmple                         0x08000b41   Thumb Code    38  cdrcmple.o(.text)
    __scatterload                            0x08000b69   Thumb Code    28  init.o(.text)
    __scatterload_rt2                        0x08000b69   Thumb Code     0  init.o(.text)
    __aeabi_lasr                             0x08000b8d   Thumb Code    38  llsshr.o(.text)
    _ll_sshift_r                             0x08000b8d   Thumb Code     0  llsshr.o(.text)
    isspace                                  0x08000bb3   Thumb Code    14  isspace_c.o(.text)
    _scanf_real                              0x08000cdf   Thumb Code     0  scanf_fp.o(.text)
    _scanf_really_real                       0x08000cdf   Thumb Code   586  scanf_fp.o(.text)
    _sgetc                                   0x08000f35   Thumb Code    32  _sgetc.o(.text)
    _sbackspace                              0x08000f55   Thumb Code    36  _sgetc.o(.text)
    __aeabi_lmul                             0x08000f79   Thumb Code   122  llmul.o(.text)
    _ll_mul                                  0x08000f79   Thumb Code     0  llmul.o(.text)
    __ctype_lookup                           0x08000ff5   Thumb Code    32  ctype_c.o(.text)
    __aeabi_ul2d                             0x08001019   Thumb Code    22  dfltul.o(.text)
    ADC1_COMP_IRQHandler                     0x08001035   Thumb Code    10  stm32l0xx_it.o(i.ADC1_COMP_IRQHandler)
    DMA1_Channel2_3_IRQHandler               0x08001181   Thumb Code    18  stm32l0xx_it.o(i.DMA1_Channel2_3_IRQHandler)
    EXTI0_1_IRQHandler                       0x080011b7   Thumb Code    10  stm32l0xx_it.o(i.EXTI0_1_IRQHandler)
    FLASH_PageErase                          0x080011c1   Thumb Code    34  stm32l0xx_hal_flash_ex.o(i.FLASH_PageErase)
    FLASH_WaitForLastOperation               0x0800127d   Thumb Code   106  stm32l0xx_hal_flash.o(i.FLASH_WaitForLastOperation)
    HAL_ADCEx_Calibration_Start              0x080012ed   Thumb Code   170  stm32l0xx_hal_adc_ex.o(i.HAL_ADCEx_Calibration_Start)
    HAL_ADC_ConvCpltCallback                 0x08001399   Thumb Code    30  main.o(i.HAL_ADC_ConvCpltCallback)
    HAL_ADC_ErrorCallback                    0x080013c5   Thumb Code     2  stm32l0xx_hal_adc.o(i.HAL_ADC_ErrorCallback)
    HAL_ADC_GetState                         0x080013c7   Thumb Code     4  stm32l0xx_hal_adc.o(i.HAL_ADC_GetState)
    HAL_ADC_GetValue                         0x080013cb   Thumb Code     6  stm32l0xx_hal_adc.o(i.HAL_ADC_GetValue)
    HAL_ADC_IRQHandler                       0x080013d1   Thumb Code   214  stm32l0xx_hal_adc.o(i.HAL_ADC_IRQHandler)
    HAL_ADC_Init                             0x080014a9   Thumb Code   442  stm32l0xx_hal_adc.o(i.HAL_ADC_Init)
    HAL_ADC_LevelOutOfWindowCallback         0x0800166d   Thumb Code     2  stm32l0xx_hal_adc.o(i.HAL_ADC_LevelOutOfWindowCallback)
    HAL_ADC_MspInit2                         0x08001671   Thumb Code    86  stm32l0xx_hal_msp.o(i.HAL_ADC_MspInit2)
    HAL_ADC_Start_IT                         0x080016d1   Thumb Code   120  stm32l0xx_hal_adc.o(i.HAL_ADC_Start_IT)
    HAL_ADC_Stop_IT                          0x0800174d   Thumb Code    72  stm32l0xx_hal_adc.o(i.HAL_ADC_Stop_IT)
    HAL_DMA_Abort_IT                         0x08001795   Thumb Code   148  stm32l0xx_hal_dma.o(i.HAL_DMA_Abort_IT)
    HAL_DMA_IRQHandler                       0x0800182d   Thumb Code   634  stm32l0xx_hal_dma.o(i.HAL_DMA_IRQHandler)
    HAL_DMA_Init                             0x08001aad   Thumb Code   254  stm32l0xx_hal_dma.o(i.HAL_DMA_Init)
    HAL_DMA_Start_IT                         0x08001bb5   Thumb Code    78  stm32l0xx_hal_dma.o(i.HAL_DMA_Start_IT)
    HAL_Delay                                0x08001c03   Thumb Code    22  stm32l0xx_hal.o(i.HAL_Delay)
    HAL_FLASHEx_Erase                        0x08001c19   Thumb Code   106  stm32l0xx_hal_flash_ex.o(i.HAL_FLASHEx_Erase)
    HAL_FLASH_Lock                           0x08001c91   Thumb Code    14  stm32l0xx_hal_flash.o(i.HAL_FLASH_Lock)
    HAL_FLASH_Program                        0x08001ca5   Thumb Code    50  stm32l0xx_hal_flash.o(i.HAL_FLASH_Program)
    HAL_FLASH_Unlock                         0x08001ce1   Thumb Code    38  stm32l0xx_hal_flash.o(i.HAL_FLASH_Unlock)
    HAL_GPIO_DeInit                          0x08001d1d   Thumb Code   202  stm32l0xx_hal_gpio.o(i.HAL_GPIO_DeInit)
    HAL_GPIO_EXTI_Callback                   0x08001e01   Thumb Code    10  stm32l0xx_hal_gpio.o(i.HAL_GPIO_EXTI_Callback)
    HAL_GPIO_EXTI_IRQHandler                 0x08001e11   Thumb Code    18  stm32l0xx_hal_gpio.o(i.HAL_GPIO_EXTI_IRQHandler)
    HAL_GPIO_Init                            0x08001e29   Thumb Code   346  stm32l0xx_hal_gpio.o(i.HAL_GPIO_Init)
    HAL_GPIO_ReadPin                         0x08001fa1   Thumb Code    10  stm32l0xx_hal_gpio.o(i.HAL_GPIO_ReadPin)
    HAL_GPIO_WritePin                        0x08001fab   Thumb Code    12  stm32l0xx_hal_gpio.o(i.HAL_GPIO_WritePin)
    HAL_GetTick                              0x08001fb9   Thumb Code     6  stm32l0xx_hal.o(i.HAL_GetTick)
    HAL_IncTick                              0x08001fc5   Thumb Code    10  stm32l0xx_hal.o(i.HAL_IncTick)
    HAL_Init                                 0x08001fd5   Thumb Code    26  stm32l0xx_hal.o(i.HAL_Init)
    HAL_InitTick                             0x08001ff5   Thumb Code    34  stm32l0xx_hal.o(i.HAL_InitTick)
    HAL_MspInit                              0x0800201d   Thumb Code     2  stm32l0xx_hal_msp.o(i.HAL_MspInit)
    HAL_NVIC_EnableIRQ                       0x08002021   Thumb Code    18  stm32l0xx_hal_cortex.o(i.HAL_NVIC_EnableIRQ)
    HAL_NVIC_SetPriority                     0x08002039   Thumb Code     8  stm32l0xx_hal_cortex.o(i.HAL_NVIC_SetPriority)
    HAL_RCCEx_GetPeriphCLKFreq               0x08002041   Thumb Code   284  stm32l0xx_hal_rcc_ex.o(i.HAL_RCCEx_GetPeriphCLKFreq)
    HAL_RCC_ClockConfig                      0x08002179   Thumb Code   340  stm32l0xx_hal_rcc.o(i.HAL_RCC_ClockConfig)
    HAL_RCC_GetPCLK1Freq                     0x080022e1   Thumb Code    20  stm32l0xx_hal_rcc.o(i.HAL_RCC_GetPCLK1Freq)
    HAL_RCC_GetPCLK2Freq                     0x08002301   Thumb Code    20  stm32l0xx_hal_rcc.o(i.HAL_RCC_GetPCLK2Freq)
    HAL_RCC_GetSysClockFreq                  0x08002321   Thumb Code   100  stm32l0xx_hal_rcc.o(i.HAL_RCC_GetSysClockFreq)
    HAL_RCC_OscConfig                        0x08002399   Thumb Code   976  stm32l0xx_hal_rcc.o(i.HAL_RCC_OscConfig)
    HAL_RTCEx_WakeUpTimerEventCallback       0x08002785   Thumb Code    12  main.o(i.HAL_RTCEx_WakeUpTimerEventCallback)
    HAL_RTCEx_WakeUpTimerIRQHandler          0x08002795   Thumb Code    48  stm32l0xx_hal_rtc_ex.o(i.HAL_RTCEx_WakeUpTimerIRQHandler)
    HAL_SYSTICK_Config                       0x080027cd   Thumb Code    38  stm32l0xx_hal_cortex.o(i.HAL_SYSTICK_Config)
    HAL_TIM_IC_CaptureCallback               0x080027fd   Thumb Code     2  stm32l0xx_hal_tim.o(i.HAL_TIM_IC_CaptureCallback)
    HAL_TIM_IRQHandler                       0x080027ff   Thumb Code   294  stm32l0xx_hal_tim.o(i.HAL_TIM_IRQHandler)
    HAL_TIM_OC_DelayElapsedCallback          0x08002925   Thumb Code     2  stm32l0xx_hal_tim.o(i.HAL_TIM_OC_DelayElapsedCallback)
    HAL_TIM_PWM_PulseFinishedCallback        0x08002927   Thumb Code     2  stm32l0xx_hal_tim.o(i.HAL_TIM_PWM_PulseFinishedCallback)
    HAL_TIM_PeriodElapsedCallback            0x08002929   Thumb Code     2  stm32l0xx_hal_tim.o(i.HAL_TIM_PeriodElapsedCallback)
    HAL_TIM_TriggerCallback                  0x0800292b   Thumb Code     2  stm32l0xx_hal_tim.o(i.HAL_TIM_TriggerCallback)
    HAL_UARTEx_WakeupCallback                0x0800292d   Thumb Code     2  stm32l0xx_hal_uart_ex.o(i.HAL_UARTEx_WakeupCallback)
    HAL_UART_DeInit                          0x0800292f   Thumb Code    62  stm32l0xx_hal_uart.o(i.HAL_UART_DeInit)
    HAL_UART_ErrorCallback                   0x0800296d   Thumb Code     2  stm32l0xx_hal_uart.o(i.HAL_UART_ErrorCallback)
    HAL_UART_IRQHandler                      0x08002971   Thumb Code   318  stm32l0xx_hal_uart.o(i.HAL_UART_IRQHandler)
    HAL_UART_Init                            0x08002ab5   Thumb Code   108  stm32l0xx_hal_uart.o(i.HAL_UART_Init)
    HAL_UART_MspDeInit                       0x08002b21   Thumb Code   228  stm32l0xx_hal_msp.o(i.HAL_UART_MspDeInit)
    HAL_UART_MspInit                         0x08002c11   Thumb Code   108  stm32l0xx_hal_msp.o(i.HAL_UART_MspInit)
    HAL_UART_Receive_DMA                     0x08002c81   Thumb Code   150  stm32l0xx_hal_uart.o(i.HAL_UART_Receive_DMA)
    HAL_UART_RxCpltCallback                  0x08002d25   Thumb Code     8  main.o(i.HAL_UART_RxCpltCallback)
    HAL_UART_RxHalfCpltCallback              0x08002d31   Thumb Code     2  stm32l0xx_hal_uart.o(i.HAL_UART_RxHalfCpltCallback)
    HAL_UART_Transmit_DMA                    0x08002d35   Thumb Code   138  stm32l0xx_hal_uart.o(i.HAL_UART_Transmit_DMA)
    HAL_UART_TxCpltCallback                  0x08002dcd   Thumb Code     8  main.o(i.HAL_UART_TxCpltCallback)
    HAL_UART_TxHalfCpltCallback              0x08002dd9   Thumb Code     2  stm32l0xx_hal_uart.o(i.HAL_UART_TxHalfCpltCallback)
    HardFault_Handler                        0x08002ddb   Thumb Code     2  stm32l0xx_it.o(i.HardFault_Handler)
    NMI_Handler                              0x08002ddd   Thumb Code     2  stm32l0xx_it.o(i.NMI_Handler)
    PendSV_Handler                           0x08002ddf   Thumb Code     2  stm32l0xx_it.o(i.PendSV_Handler)
    RTC_IRQHandler                           0x08002e51   Thumb Code    10  stm32l0xx_it.o(i.RTC_IRQHandler)
    SVC_Handler                              0x08002e61   Thumb Code     2  stm32l0xx_it.o(i.SVC_Handler)
    SysTick_Handler                          0x08002e65   Thumb Code    30  stm32l0xx_it.o(i.SysTick_Handler)
    SystemClock_Config                       0x08002e89   Thumb Code   102  hal_system.o(i.SystemClock_Config)
    SystemInit                               0x08002ef9   Thumb Code    66  system_stm32l0xx.o(i.SystemInit)
    TIM6_IRQHandler                          0x08002f4d   Thumb Code    44  stm32l0xx_it.o(i.TIM6_IRQHandler)
    UART_AdvFeatureConfig                    0x08002f85   Thumb Code   202  stm32l0xx_hal_uart.o(i.UART_AdvFeatureConfig)
    UART_CheckIdleState                      0x08003051   Thumb Code    90  stm32l0xx_hal_uart.o(i.UART_CheckIdleState)
    UART_SetConfig                           0x08003241   Thumb Code   498  stm32l0xx_hal_uart.o(i.UART_SetConfig)
    UART_WaitOnFlagUntilTimeout              0x080034c3   Thumb Code    98  stm32l0xx_hal_uart.o(i.UART_WaitOnFlagUntilTimeout)
    USART1_IRQHandler                        0x08003525   Thumb Code    10  stm32l0xx_it.o(i.USART1_IRQHandler)
    __0sprintf                               0x08003535   Thumb Code    36  printfa.o(i.__0sprintf)
    __1sprintf                               0x08003535   Thumb Code     0  printfa.o(i.__0sprintf)
    __2sprintf                               0x08003535   Thumb Code     0  printfa.o(i.__0sprintf)
    __c89sprintf                             0x08003535   Thumb Code     0  printfa.o(i.__0sprintf)
    sprintf                                  0x08003535   Thumb Code     0  printfa.o(i.__0sprintf)
    __ARM_clz                                0x0800355d   Thumb Code    46  depilogue.o(i.__ARM_clz)
    __ARM_common_switch8                     0x0800358b   Thumb Code    26  stm32l0xx_hal_uart.o(i.__ARM_common_switch8)
    __coConcentFilter                        0x080035e9   Thumb Code   144  hal_system.o(i.__coConcentFilter)
    __read_errno                             0x0800368d   Thumb Code     6  errno.o(i.__read_errno)
    __scatterload_copy                       0x08003699   Thumb Code    14  handlers.o(i.__scatterload_copy)
    __scatterload_null                       0x080036a7   Thumb Code     2  handlers.o(i.__scatterload_null)
    __scatterload_zeroinit                   0x080036a9   Thumb Code    14  handlers.o(i.__scatterload_zeroinit)
    __set_errno                              0x080036b9   Thumb Code     6  errno.o(i.__set_errno)
    _is_digit                                0x08003839   Thumb Code    14  scanf_fp.o(i._is_digit)
    adcChannelConfig                         0x08003f8d   Thumb Code   162  hal_driver.o(i.adcChannelConfig)
    atof                                     0x08004041   Thumb Code    42  atof.o(i.atof)
    buzzerConfig                             0x0800406d   Thumb Code    62  buzzer.o(i.buzzerConfig)
    flashReadMoreData                        0x080040b5   Thumb Code    16  memory.o(i.flashReadMoreData)
    flashWriteMoreData                       0x080040c9   Thumb Code    62  memory.o(i.flashWriteMoreData)
    getAdcChannelValue                       0x08004115   Thumb Code    16  hal_driver.o(i.getAdcChannelValue)
    getAdcValue                              0x08004125   Thumb Code    30  hal_driver.o(i.getAdcValue)
    getCompGasConcentration                  0x0800414d   Thumb Code    36  hal_driver.o(i.getCompGasConcentration)
    getGasConcentration                      0x08004175   Thumb Code   128  hal_driver.o(i.getGasConcentration)
    getSensorDataFromFlash                   0x08004215   Thumb Code    32  memory.o(i.getSensorDataFromFlash)
    halBuzzerOnOff                           0x08004239   Thumb Code    24  buzzer.o(i.halBuzzerOnOff)
    ignitionConfig                           0x08004255   Thumb Code    56  ignitiondriver.o(i.ignitionConfig)
    ignitionWakeupPinConfig                  0x08004295   Thumb Code    84  ignitiondriver.o(i.ignitionWakeupPinConfig)
    ledConfig                                0x080042f1   Thumb Code    56  hal_led.o(i.ledConfig)
    main                                     0x08004331   Thumb Code    38  main.o(i.main)
    mainRun                                  0x0800435d   Thumb Code    78  hal_system.o(i.mainRun)
    opPowerConfig                            0x080043c9   Thumb Code    48  hal_led.o(i.opPowerConfig)
    putSensorDataToFlash                     0x080043fd   Thumb Code    32  memory.o(i.putSensorDataToFlash)
    queryExe                                 0x08004421   Thumb Code    44  peripheral.o(i.queryExe)
    round                                    0x08004479   Thumb Code   142  round.o(i.round)
    sensorConfigDataInit                     0x08004515   Thumb Code    68  memory.o(i.sensorConfigDataInit)
    serialCommandHandle                      0x08004579   Thumb Code   102  peripheral.o(i.serialCommandHandle)
    serialConfig                             0x080045f1   Thumb Code    44  serial.o(i.serialConfig)
    serialPrintStr                           0x0800462d   Thumb Code    46  serial.o(i.serialPrintStr)
    setDateExe                               0x08004665   Thumb Code    56  peripheral.o(i.setDateExe)
    setGainExe                               0x080046a9   Thumb Code    68  peripheral.o(i.setGainExe)
    setOffsetExe                             0x080046fd   Thumb Code    68  peripheral.o(i.setOffsetExe)
    systemInitConfig                         0x08004751   Thumb Code    64  hal_system.o(i.systemInitConfig)
    uartInit                                 0x08004795   Thumb Code    34  serial.o(i.uartInit)
    cmdArray                                 0x080048b4   Data          32  peripheral.o(.constdata)
    AHBPrescTable                            0x080048d4   Data          16  system_stm32l0xx.o(.constdata)
    PLLMulTable                              0x080048e4   Data           9  system_stm32l0xx.o(.constdata)
    APBPrescTable                            0x080048ed   Data           8  system_stm32l0xx.o(.constdata)
    __ctype_categories                       0x080048f5   Data          64  ctype_c.o(.constdata)
    Region$$Table$$Base                      0x08004958   Number         0  anon$$obj.o(Region$$Table)
    Region$$Table$$Limit                     0x08004978   Number         0  anon$$obj.o(Region$$Table)
    uwTick                                   0x20000000   Data           4  stm32l0xx_hal.o(.data)
    timeTicks                                0x20000004   Data           4  stm32l0xx_hal_msp.o(.data)
    gasVolValue                              0x20000018   Data           4  main.o(.data)
    adcReady                                 0x2000001c   Data           1  hal_driver.o(.data)
    uwADCxConvertedValue                     0x20000020   Data           4  hal_driver.o(.data)
    vccVoltageValue                          0x20000024   Data           4  hal_driver.o(.data)
    channel3Value                            0x20000028   Data           4  hal_driver.o(.data)
    UartTxReady                              0x20000050   Data           1  hal_driver.o(.data)
    UartRxReady                              0x20000051   Data           1  hal_driver.o(.data)
    NbOfPages                                0x20000054   Data           4  memory.o(.data)
    PageError                                0x20000058   Data           4  memory.o(.data)
    serialConfigFlag                         0x2000005c   Data           1  hal_system.o(.data)
    alType                                   0x2000005d   Data           1  hal_system.o(.data)
    ignitionPulseCnt                         0x20000060   Data           4  hal_system.o(.data)
    systemRunTimeStamp                       0x20000064   Data           4  hal_system.o(.data)
    gas_value_ppm                            0x20000068   Data           4  hal_system.o(.data)
    engineErr                                0x2000006c   Data           8  hal_system.o(.data)
    threeConsecutiverTimes                   0x20000074   Data          20  hal_system.o(.data)
    tenMinutesStart                          0x20000088   Data          20  hal_system.o(.data)
    SystemCoreClock                          0x2000009c   Data           4  system_stm32l0xx.o(.data)
    pFlash                                   0x200000a4   Data          24  stm32l0xx_hal_flash.o(.bss)
    AdcHandle                                0x2000013c   Data          96  hal_driver.o(.bss)
    UartHandle                               0x2000019c   Data         112  hal_driver.o(.bss)
    systemConfig                             0x2000020c   Data         100  memory.o(.bss)
    TimHandle                                0x2000027c   Data          56  buzzer.o(.bss)
    RTCHandle                                0x20000318   Data          36  hal_system.o(.bss)
    coFilter                                 0x2000033c   Data          16  hal_system.o(.bss)
    aRxBuffer                                0x2000034c   Data          30  serial.o(.bss)
    __initial_sp                             0x20000898   Data           0  startup_stm32l051xx.o(STACK)



==============================================================================

Memory Map of the image

  Image Entry point : 0x080000c1

  Load Region LR_IROM1 (Base: 0x08000000, Size: 0x00004a1c, Max: 0x0000efff, ABSOLUTE)

    Execution Region ER_IROM1 (Exec base: 0x08000000, Load base: 0x08000000, Size: 0x00004978, Max: 0x0000efff, ABSOLUTE)

    Exec Addr    Load Addr    Size         Type   Attr      Idx    E Section Name        Object

    0x08000000   0x08000000   0x000000c0   Data   RO         3916    RESET               startup_stm32l051xx.o
    0x080000c0   0x080000c0   0x00000000   Code   RO         3971  * .ARM.Collect$$$$00000000  mc_p.l(entry.o)
    0x080000c0   0x080000c0   0x00000004   Code   RO         4294    .ARM.Collect$$$$00000001  mc_p.l(entry2.o)
    0x080000c4   0x080000c4   0x00000004   Code   RO         4297    .ARM.Collect$$$$00000004  mc_p.l(entry5.o)
    0x080000c8   0x080000c8   0x00000000   Code   RO         4299    .ARM.Collect$$$$00000008  mc_p.l(entry7b.o)
    0x080000c8   0x080000c8   0x00000000   Code   RO         4301    .ARM.Collect$$$$0000000A  mc_p.l(entry8b.o)
    0x080000c8   0x080000c8   0x00000008   Code   RO         4302    .ARM.Collect$$$$0000000B  mc_p.l(entry9a.o)
    0x080000d0   0x080000d0   0x00000000   Code   RO         4304    .ARM.Collect$$$$0000000D  mc_p.l(entry10a.o)
    0x080000d0   0x080000d0   0x00000000   Code   RO         4306    .ARM.Collect$$$$0000000F  mc_p.l(entry11a.o)
    0x080000d0   0x080000d0   0x00000004   Code   RO         4295    .ARM.Collect$$$$00002712  mc_p.l(entry2.o)
    0x080000d4   0x080000d4   0x0000001c   Code   RO         3917    .text               startup_stm32l051xx.o
    0x080000f0   0x080000f0   0x0000002c   Code   RO         3974    .text               mc_p.l(uidiv.o)
    0x0800011c   0x0800011c   0x00000060   Code   RO         3976    .text               mc_p.l(uldiv.o)
    0x0800017c   0x0800017c   0x00000024   Code   RO         3978    .text               mc_p.l(memcpya.o)
    0x080001a0   0x080001a0   0x00000024   Code   RO         3980    .text               mc_p.l(memseta.o)
    0x080001c4   0x080001c4   0x0000000e   Code   RO         3982    .text               mc_p.l(strlen.o)
    0x080001d2   0x080001d2   0x0000001a   Code   RO         3984    .text               mc_p.l(memcmp.o)
    0x080001ec   0x080001ec   0x000000b2   Code   RO         4249    .text               mf_p.l(fadd.o)
    0x0800029e   0x0800029e   0x0000007a   Code   RO         4251    .text               mf_p.l(fmul.o)
    0x08000318   0x08000318   0x0000007c   Code   RO         4253    .text               mf_p.l(fdiv.o)
    0x08000394   0x08000394   0x00000018   Code   RO         4255    .text               mf_p.l(fscalb.o)
    0x080003ac   0x080003ac   0x000000d0   Code   RO         4257    .text               mf_p.l(dmul.o)
    0x0800047c   0x0800047c   0x0000002c   Code   RO         4259    .text               mf_p.l(dscalb.o)
    0x080004a8   0x080004a8   0x0000000e   Code   RO         4261    .text               mf_p.l(ffltui.o)
    0x080004b6   0x080004b6   0x00000002   PAD
    0x080004b8   0x080004b8   0x0000001c   Code   RO         4263    .text               mf_p.l(dfltui.o)
    0x080004d4   0x080004d4   0x00000048   Code   RO         4265    .text               mf_p.l(dfixi.o)
    0x0800051c   0x0800051c   0x0000003c   Code   RO         4267    .text               mf_p.l(dfixui.o)
    0x08000558   0x08000558   0x00000028   Code   RO         4269    .text               mf_p.l(f2d.o)
    0x08000580   0x08000580   0x00000038   Code   RO         4271    .text               mf_p.l(d2f.o)
    0x080005b8   0x080005b8   0x00000014   Code   RO         4273    .text               mf_p.l(cfcmple.o)
    0x080005cc   0x080005cc   0x00000014   Code   RO         4275    .text               mf_p.l(cfrcmple.o)
    0x080005e0   0x080005e0   0x00000020   Code   RO         4311    .text               mc_p.l(llshl.o)
    0x08000600   0x08000600   0x00000022   Code   RO         4313    .text               mc_p.l(llushr.o)
    0x08000622   0x08000622   0x00000002   PAD
    0x08000624   0x08000624   0x000000a4   Code   RO         4322    .text               mc_p.l(strtod.o)
    0x080006c8   0x080006c8   0x00000000   Code   RO         4324    .text               mc_p.l(iusefp.o)
    0x080006c8   0x080006c8   0x00000082   Code   RO         4325    .text               mf_p.l(fepilogue.o)
    0x0800074a   0x0800074a   0x000000be   Code   RO         4327    .text               mf_p.l(depilogue.o)
    0x08000808   0x08000808   0x00000164   Code   RO         4331    .text               mf_p.l(dadd.o)
    0x0800096c   0x0800096c   0x000000f0   Code   RO         4333    .text               mf_p.l(ddiv.o)
    0x08000a5c   0x08000a5c   0x0000007c   Code   RO         4335    .text               mf_p.l(drnd.o)
    0x08000ad8   0x08000ad8   0x00000040   Code   RO         4339    .text               mf_p.l(dfixul.o)
    0x08000b18   0x08000b18   0x00000028   Code   RO         4341    .text               mf_p.l(cdcmple.o)
    0x08000b40   0x08000b40   0x00000028   Code   RO         4343    .text               mf_p.l(cdrcmple.o)
    0x08000b68   0x08000b68   0x00000024   Code   RO         4345    .text               mc_p.l(init.o)
    0x08000b8c   0x08000b8c   0x00000026   Code   RO         4348    .text               mc_p.l(llsshr.o)
    0x08000bb2   0x08000bb2   0x0000000e   Code   RO         4350    .text               mc_p.l(isspace_c.o)
    0x08000bc0   0x08000bc0   0x00000374   Code   RO         4352    .text               mc_p.l(scanf_fp.o)
    0x08000f34   0x08000f34   0x00000044   Code   RO         4356    .text               mc_p.l(_sgetc.o)
    0x08000f78   0x08000f78   0x0000007a   Code   RO         4359    .text               mc_p.l(llmul.o)
    0x08000ff2   0x08000ff2   0x00000002   PAD
    0x08000ff4   0x08000ff4   0x00000024   Code   RO         4361    .text               mc_p.l(ctype_c.o)
    0x08001018   0x08001018   0x0000001c   Code   RO         4364    .text               mf_p.l(dfltul.o)
    0x08001034   0x08001034   0x00000010   Code   RO         3297    i.ADC1_COMP_IRQHandler  stm32l0xx_it.o
    0x08001044   0x08001044   0x00000052   Code   RO          999    i.ADC_ConversionStop  stm32l0xx_hal_adc.o
    0x08001096   0x08001096   0x00000002   PAD
    0x08001098   0x08001098   0x00000024   Code   RO         1003    i.ADC_DelayMicroSecond  stm32l0xx_hal_adc.o
    0x080010bc   0x080010bc   0x00000060   Code   RO         1004    i.ADC_Disable       stm32l0xx_hal_adc.o
    0x0800111c   0x0800111c   0x00000064   Code   RO         1005    i.ADC_Enable        stm32l0xx_hal_adc.o
    0x08001180   0x08001180   0x00000018   Code   RO         3298    i.DMA1_Channel2_3_IRQHandler  stm32l0xx_it.o
    0x08001198   0x08001198   0x0000001e   Code   RO         1271    i.DMA_SetConfig     stm32l0xx_hal_dma.o
    0x080011b6   0x080011b6   0x0000000a   Code   RO         3300    i.EXTI0_1_IRQHandler  stm32l0xx_it.o
    0x080011c0   0x080011c0   0x0000002c   Code   RO          794    i.FLASH_PageErase   stm32l0xx_hal_flash_ex.o
    0x080011ec   0x080011ec   0x00000090   Code   RO         1585    i.FLASH_SetErrorCode  stm32l0xx_hal_flash.o
    0x0800127c   0x0800127c   0x00000070   Code   RO         1586    i.FLASH_WaitForLastOperation  stm32l0xx_hal_flash.o
    0x080012ec   0x080012ec   0x000000aa   Code   RO          572    i.HAL_ADCEx_Calibration_Start  stm32l0xx_hal_adc_ex.o
    0x08001396   0x08001396   0x00000002   PAD
    0x08001398   0x08001398   0x0000002c   Code   RO         3394    i.HAL_ADC_ConvCpltCallback  main.o
    0x080013c4   0x080013c4   0x00000002   Code   RO         1011    i.HAL_ADC_ErrorCallback  stm32l0xx_hal_adc.o
    0x080013c6   0x080013c6   0x00000004   Code   RO         1013    i.HAL_ADC_GetState  stm32l0xx_hal_adc.o
    0x080013ca   0x080013ca   0x00000006   Code   RO         1014    i.HAL_ADC_GetValue  stm32l0xx_hal_adc.o
    0x080013d0   0x080013d0   0x000000d6   Code   RO         1015    i.HAL_ADC_IRQHandler  stm32l0xx_hal_adc.o
    0x080014a6   0x080014a6   0x00000002   PAD
    0x080014a8   0x080014a8   0x000001c4   Code   RO         1016    i.HAL_ADC_Init      stm32l0xx_hal_adc.o
    0x0800166c   0x0800166c   0x00000002   Code   RO         1017    i.HAL_ADC_LevelOutOfWindowCallback  stm32l0xx_hal_adc.o
    0x0800166e   0x0800166e   0x00000002   PAD
    0x08001670   0x08001670   0x00000060   Code   RO         3212    i.HAL_ADC_MspInit2  stm32l0xx_hal_msp.o
    0x080016d0   0x080016d0   0x0000007c   Code   RO         1025    i.HAL_ADC_Start_IT  stm32l0xx_hal_adc.o
    0x0800174c   0x0800174c   0x00000048   Code   RO         1028    i.HAL_ADC_Stop_IT   stm32l0xx_hal_adc.o
    0x08001794   0x08001794   0x00000098   Code   RO         1273    i.HAL_DMA_Abort_IT  stm32l0xx_hal_dma.o
    0x0800182c   0x0800182c   0x00000280   Code   RO         1277    i.HAL_DMA_IRQHandler  stm32l0xx_hal_dma.o
    0x08001aac   0x08001aac   0x00000108   Code   RO         1278    i.HAL_DMA_Init      stm32l0xx_hal_dma.o
    0x08001bb4   0x08001bb4   0x0000004e   Code   RO         1281    i.HAL_DMA_Start_IT  stm32l0xx_hal_dma.o
    0x08001c02   0x08001c02   0x00000016   Code   RO          635    i.HAL_Delay         stm32l0xx_hal.o
    0x08001c18   0x08001c18   0x00000078   Code   RO          803    i.HAL_FLASHEx_Erase  stm32l0xx_hal_flash_ex.o
    0x08001c90   0x08001c90   0x00000014   Code   RO         1590    i.HAL_FLASH_Lock    stm32l0xx_hal_flash.o
    0x08001ca4   0x08001ca4   0x0000003c   Code   RO         1595    i.HAL_FLASH_Program  stm32l0xx_hal_flash.o
    0x08001ce0   0x08001ce0   0x0000003c   Code   RO         1597    i.HAL_FLASH_Unlock  stm32l0xx_hal_flash.o
    0x08001d1c   0x08001d1c   0x000000e4   Code   RO         1679    i.HAL_GPIO_DeInit   stm32l0xx_hal_gpio.o
    0x08001e00   0x08001e00   0x00000010   Code   RO         1680    i.HAL_GPIO_EXTI_Callback  stm32l0xx_hal_gpio.o
    0x08001e10   0x08001e10   0x00000018   Code   RO         1681    i.HAL_GPIO_EXTI_IRQHandler  stm32l0xx_hal_gpio.o
    0x08001e28   0x08001e28   0x00000178   Code   RO         1682    i.HAL_GPIO_Init     stm32l0xx_hal_gpio.o
    0x08001fa0   0x08001fa0   0x0000000a   Code   RO         1684    i.HAL_GPIO_ReadPin  stm32l0xx_hal_gpio.o
    0x08001faa   0x08001faa   0x0000000c   Code   RO         1686    i.HAL_GPIO_WritePin  stm32l0xx_hal_gpio.o
    0x08001fb6   0x08001fb6   0x00000002   PAD
    0x08001fb8   0x08001fb8   0x0000000c   Code   RO          639    i.HAL_GetTick       stm32l0xx_hal.o
    0x08001fc4   0x08001fc4   0x00000010   Code   RO          640    i.HAL_IncTick       stm32l0xx_hal.o
    0x08001fd4   0x08001fd4   0x00000020   Code   RO          641    i.HAL_Init          stm32l0xx_hal.o
    0x08001ff4   0x08001ff4   0x00000028   Code   RO          642    i.HAL_InitTick      stm32l0xx_hal.o
    0x0800201c   0x0800201c   0x00000002   Code   RO         3214    i.HAL_MspInit       stm32l0xx_hal_msp.o
    0x0800201e   0x0800201e   0x00000002   PAD
    0x08002020   0x08002020   0x00000018   Code   RO          473    i.HAL_NVIC_EnableIRQ  stm32l0xx_hal_cortex.o
    0x08002038   0x08002038   0x00000008   Code   RO          477    i.HAL_NVIC_SetPriority  stm32l0xx_hal_cortex.o
    0x08002040   0x08002040   0x00000138   Code   RO         1753    i.HAL_RCCEx_GetPeriphCLKFreq  stm32l0xx_hal_rcc_ex.o
    0x08002178   0x08002178   0x00000168   Code   RO          903    i.HAL_RCC_ClockConfig  stm32l0xx_hal_rcc.o
    0x080022e0   0x080022e0   0x00000020   Code   RO          909    i.HAL_RCC_GetPCLK1Freq  stm32l0xx_hal_rcc.o
    0x08002300   0x08002300   0x00000020   Code   RO          910    i.HAL_RCC_GetPCLK2Freq  stm32l0xx_hal_rcc.o
    0x08002320   0x08002320   0x00000078   Code   RO          911    i.HAL_RCC_GetSysClockFreq  stm32l0xx_hal_rcc.o
    0x08002398   0x08002398   0x000003ec   Code   RO          914    i.HAL_RCC_OscConfig  stm32l0xx_hal_rcc.o
    0x08002784   0x08002784   0x00000010   Code   RO         3395    i.HAL_RTCEx_WakeUpTimerEventCallback  main.o
    0x08002794   0x08002794   0x00000038   Code   RO         2382    i.HAL_RTCEx_WakeUpTimerIRQHandler  stm32l0xx_hal_rtc_ex.o
    0x080027cc   0x080027cc   0x00000030   Code   RO          481    i.HAL_SYSTICK_Config  stm32l0xx_hal_cortex.o
    0x080027fc   0x080027fc   0x00000002   Code   RO         2593    i.HAL_TIM_IC_CaptureCallback  stm32l0xx_hal_tim.o
    0x080027fe   0x080027fe   0x00000126   Code   RO         2606    i.HAL_TIM_IRQHandler  stm32l0xx_hal_tim.o
    0x08002924   0x08002924   0x00000002   Code   RO         2609    i.HAL_TIM_OC_DelayElapsedCallback  stm32l0xx_hal_tim.o
    0x08002926   0x08002926   0x00000002   Code   RO         2636    i.HAL_TIM_PWM_PulseFinishedCallback  stm32l0xx_hal_tim.o
    0x08002928   0x08002928   0x00000002   Code   RO         2643    i.HAL_TIM_PeriodElapsedCallback  stm32l0xx_hal_tim.o
    0x0800292a   0x0800292a   0x00000002   Code   RO         2647    i.HAL_TIM_TriggerCallback  stm32l0xx_hal_tim.o
    0x0800292c   0x0800292c   0x00000002   Code   RO         2162    i.HAL_UARTEx_WakeupCallback  stm32l0xx_hal_uart_ex.o
    0x0800292e   0x0800292e   0x0000003e   Code   RO         1832    i.HAL_UART_DeInit   stm32l0xx_hal_uart.o
    0x0800296c   0x0800296c   0x00000002   Code   RO         1833    i.HAL_UART_ErrorCallback  stm32l0xx_hal_uart.o
    0x0800296e   0x0800296e   0x00000002   PAD
    0x08002970   0x08002970   0x00000144   Code   RO         1836    i.HAL_UART_IRQHandler  stm32l0xx_hal_uart.o
    0x08002ab4   0x08002ab4   0x0000006c   Code   RO         1837    i.HAL_UART_Init     stm32l0xx_hal_uart.o
    0x08002b20   0x08002b20   0x000000f0   Code   RO         3219    i.HAL_UART_MspDeInit  stm32l0xx_hal_msp.o
    0x08002c10   0x08002c10   0x00000070   Code   RO         3220    i.HAL_UART_MspInit  stm32l0xx_hal_msp.o
    0x08002c80   0x08002c80   0x000000a4   Code   RO         1841    i.HAL_UART_Receive_DMA  stm32l0xx_hal_uart.o
    0x08002d24   0x08002d24   0x0000000c   Code   RO         3396    i.HAL_UART_RxCpltCallback  main.o
    0x08002d30   0x08002d30   0x00000002   Code   RO         1844    i.HAL_UART_RxHalfCpltCallback  stm32l0xx_hal_uart.o
    0x08002d32   0x08002d32   0x00000002   PAD
    0x08002d34   0x08002d34   0x00000098   Code   RO         1846    i.HAL_UART_Transmit_DMA  stm32l0xx_hal_uart.o
    0x08002dcc   0x08002dcc   0x0000000c   Code   RO         3397    i.HAL_UART_TxCpltCallback  main.o
    0x08002dd8   0x08002dd8   0x00000002   Code   RO         1849    i.HAL_UART_TxHalfCpltCallback  stm32l0xx_hal_uart.o
    0x08002dda   0x08002dda   0x00000002   Code   RO         3301    i.HardFault_Handler  stm32l0xx_it.o
    0x08002ddc   0x08002ddc   0x00000002   Code   RO         3302    i.NMI_Handler       stm32l0xx_it.o
    0x08002dde   0x08002dde   0x00000002   Code   RO         3303    i.PendSV_Handler    stm32l0xx_it.o
    0x08002de0   0x08002de0   0x00000070   Code   RO          915    i.RCC_SetFlashLatencyFromMSIRange  stm32l0xx_hal_rcc.o
    0x08002e50   0x08002e50   0x00000010   Code   RO         3304    i.RTC_IRQHandler    stm32l0xx_it.o
    0x08002e60   0x08002e60   0x00000002   Code   RO         3305    i.SVC_Handler       stm32l0xx_it.o
    0x08002e62   0x08002e62   0x00000002   PAD
    0x08002e64   0x08002e64   0x00000024   Code   RO         3306    i.SysTick_Handler   stm32l0xx_it.o
    0x08002e88   0x08002e88   0x00000070   Code   RO         3706    i.SystemClock_Config  hal_system.o
    0x08002ef8   0x08002ef8   0x00000054   Code   RO         3924    i.SystemInit        system_stm32l0xx.o
    0x08002f4c   0x08002f4c   0x00000038   Code   RO         3307    i.TIM6_IRQHandler   stm32l0xx_it.o
    0x08002f84   0x08002f84   0x000000ca   Code   RO         1850    i.UART_AdvFeatureConfig  stm32l0xx_hal_uart.o
    0x0800304e   0x0800304e   0x00000002   PAD
    0x08003050   0x08003050   0x00000060   Code   RO         1851    i.UART_CheckIdleState  stm32l0xx_hal_uart.o
    0x080030b0   0x080030b0   0x00000014   Code   RO         1852    i.UART_DMAAbortOnError  stm32l0xx_hal_uart.o
    0x080030c4   0x080030c4   0x0000004a   Code   RO         1853    i.UART_DMAError     stm32l0xx_hal_uart.o
    0x0800310e   0x0800310e   0x00000040   Code   RO         1854    i.UART_DMAReceiveCplt  stm32l0xx_hal_uart.o
    0x0800314e   0x0800314e   0x0000000a   Code   RO         1856    i.UART_DMARxHalfCplt  stm32l0xx_hal_uart.o
    0x08003158   0x08003158   0x00000030   Code   RO         1858    i.UART_DMATransmitCplt  stm32l0xx_hal_uart.o
    0x08003188   0x08003188   0x0000000a   Code   RO         1860    i.UART_DMATxHalfCplt  stm32l0xx_hal_uart.o
    0x08003192   0x08003192   0x0000001e   Code   RO         1862    i.UART_EndRxTransfer  stm32l0xx_hal_uart.o
    0x080031b0   0x080031b0   0x00000012   Code   RO         1863    i.UART_EndTxTransfer  stm32l0xx_hal_uart.o
    0x080031c2   0x080031c2   0x0000007e   Code   RO         1864    i.UART_Receive_IT   stm32l0xx_hal_uart.o
    0x08003240   0x08003240   0x0000021c   Code   RO         1865    i.UART_SetConfig    stm32l0xx_hal_uart.o
    0x0800345c   0x0800345c   0x00000066   Code   RO         1866    i.UART_Transmit_IT  stm32l0xx_hal_uart.o
    0x080034c2   0x080034c2   0x00000062   Code   RO         1867    i.UART_WaitOnFlagUntilTimeout  stm32l0xx_hal_uart.o
    0x08003524   0x08003524   0x00000010   Code   RO         3308    i.USART1_IRQHandler  stm32l0xx_it.o
    0x08003534   0x08003534   0x00000028   Code   RO         4223    i.__0sprintf        mc_p.l(printfa.o)
    0x0800355c   0x0800355c   0x0000002e   Code   RO         4329    i.__ARM_clz         mf_p.l(depilogue.o)
    0x0800358a   0x0800358a   0x0000001a   Code   RO         2148    i.__ARM_common_switch8  stm32l0xx_hal_uart.o
    0x080035a4   0x080035a4   0x00000044   Code   RO          483    i.__NVIC_SetPriority  stm32l0xx_hal_cortex.o
    0x080035e8   0x080035e8   0x000000a4   Code   RO         3709    i.__coConcentFilter  hal_system.o
    0x0800368c   0x0800368c   0x0000000c   Code   RO         4316    i.__read_errno      mc_p.l(errno.o)
    0x08003698   0x08003698   0x0000000e   Code   RO         4368    i.__scatterload_copy  mc_p.l(handlers.o)
    0x080036a6   0x080036a6   0x00000002   Code   RO         4369    i.__scatterload_null  mc_p.l(handlers.o)
    0x080036a8   0x080036a8   0x0000000e   Code   RO         4370    i.__scatterload_zeroinit  mc_p.l(handlers.o)
    0x080036b6   0x080036b6   0x00000002   PAD
    0x080036b8   0x080036b8   0x0000000c   Code   RO         4317    i.__set_errno       mc_p.l(errno.o)
    0x080036c4   0x080036c4   0x00000174   Code   RO         4228    i._fp_digits        mc_p.l(printfa.o)
    0x08003838   0x08003838   0x0000000e   Code   RO         4354    i._is_digit         mc_p.l(scanf_fp.o)
    0x08003846   0x08003846   0x00000002   PAD
    0x08003848   0x08003848   0x000006ec   Code   RO         4229    i._printf_core      mc_p.l(printfa.o)
    0x08003f34   0x08003f34   0x00000020   Code   RO         4230    i._printf_post_padding  mc_p.l(printfa.o)
    0x08003f54   0x08003f54   0x0000002c   Code   RO         4231    i._printf_pre_padding  mc_p.l(printfa.o)
    0x08003f80   0x08003f80   0x0000000a   Code   RO         4233    i._sputc            mc_p.l(printfa.o)
    0x08003f8a   0x08003f8a   0x00000002   PAD
    0x08003f8c   0x08003f8c   0x000000b4   Code   RO         3473    i.adcChannelConfig  hal_driver.o
    0x08004040   0x08004040   0x0000002a   Code   RO         3956    i.atof              m_ps.l(atof.o)
    0x0800406a   0x0800406a   0x00000002   PAD
    0x0800406c   0x0800406c   0x00000048   Code   RO         3646    i.buzzerConfig      buzzer.o
    0x080040b4   0x080040b4   0x00000014   Code   RO         3560    i.flashReadMoreData  memory.o
    0x080040c8   0x080040c8   0x0000004c   Code   RO         3561    i.flashWriteMoreData  memory.o
    0x08004114   0x08004114   0x00000010   Code   RO         3474    i.getAdcChannelValue  hal_driver.o
    0x08004124   0x08004124   0x00000028   Code   RO         3475    i.getAdcValue       hal_driver.o
    0x0800414c   0x0800414c   0x00000028   Code   RO         3476    i.getCompGasConcentration  hal_driver.o
    0x08004174   0x08004174   0x000000a0   Code   RO         3477    i.getGasConcentration  hal_driver.o
    0x08004214   0x08004214   0x00000024   Code   RO         3562    i.getSensorDataFromFlash  memory.o
    0x08004238   0x08004238   0x0000001c   Code   RO         3647    i.halBuzzerOnOff    buzzer.o
    0x08004254   0x08004254   0x00000040   Code   RO         3796    i.ignitionConfig    ignitiondriver.o
    0x08004294   0x08004294   0x0000005c   Code   RO         3797    i.ignitionWakeupPinConfig  ignitiondriver.o
    0x080042f0   0x080042f0   0x00000040   Code   RO         3615    i.ledConfig         hal_led.o
    0x08004330   0x08004330   0x0000002c   Code   RO         3398    i.main              main.o
    0x0800435c   0x0800435c   0x0000006c   Code   RO         3713    i.mainRun           hal_system.o
    0x080043c8   0x080043c8   0x00000034   Code   RO         3616    i.opPowerConfig     hal_led.o
    0x080043fc   0x080043fc   0x00000024   Code   RO         3563    i.putSensorDataToFlash  memory.o
    0x08004420   0x08004420   0x00000058   Code   RO         3864    i.queryExe          peripheral.o
    0x08004478   0x08004478   0x0000009c   Code   RO         3969    i.round             m_ps.l(round.o)
    0x08004514   0x08004514   0x00000064   Code   RO         3564    i.sensorConfigDataInit  memory.o
    0x08004578   0x08004578   0x00000078   Code   RO         3865    i.serialCommandHandle  peripheral.o
    0x080045f0   0x080045f0   0x0000003c   Code   RO         3825    i.serialConfig      serial.o
    0x0800462c   0x0800462c   0x00000038   Code   RO         3826    i.serialPrintStr    serial.o
    0x08004664   0x08004664   0x00000044   Code   RO         3866    i.setDateExe        peripheral.o
    0x080046a8   0x080046a8   0x00000054   Code   RO         3867    i.setGainExe        peripheral.o
    0x080046fc   0x080046fc   0x00000054   Code   RO         3868    i.setOffsetExe      peripheral.o
    0x08004750   0x08004750   0x00000044   Code   RO         3714    i.systemInitConfig  hal_system.o
    0x08004794   0x08004794   0x0000002c   Code   RO         3827    i.uartInit          serial.o
    0x080047c0   0x080047c0   0x000000f4   Data   RO         3482    .constdata          hal_driver.o
    0x080048b4   0x080048b4   0x00000020   Data   RO         3870    .constdata          peripheral.o
    0x080048d4   0x080048d4   0x00000019   Data   RO         3925    .constdata          system_stm32l0xx.o
    0x080048ed   0x080048ed   0x00000008   Data   RO         3926    .constdata          system_stm32l0xx.o
    0x080048f5   0x080048f5   0x00000040   Data   RO         4362    .constdata          mc_p.l(ctype_c.o)
    0x08004935   0x08004935   0x00000003   PAD
    0x08004938   0x08004938   0x0000001e   Data   RO         3871    .conststring        peripheral.o
    0x08004956   0x08004956   0x00000002   PAD
    0x08004958   0x08004958   0x00000020   Data   RO         4366    Region$$Table       anon$$obj.o


    Execution Region RW_IRAM1 (Exec base: 0x20000000, Load base: 0x08004978, Size: 0x00000898, Max: 0x00002000, ABSOLUTE)

    Exec Addr    Load Addr    Size         Type   Attr      Idx    E Section Name        Object

    0x20000000   0x08004978   0x00000004   Data   RW          651    .data               stm32l0xx_hal.o
    0x20000004   0x0800497c   0x00000010   Data   RW         3222    .data               stm32l0xx_hal_msp.o
    0x20000014   0x0800498c   0x00000002   Data   RW         3309    .data               stm32l0xx_it.o
    0x20000016   0x0800498e   0x00000002   PAD
    0x20000018   0x08004990   0x00000004   Data   RW         3400    .data               main.o
    0x2000001c   0x08004994   0x00000034   Data   RW         3487    .data               hal_driver.o
    0x20000050   0x080049c8   0x00000001   Data   RW         3488    .data               hal_driver.o
    0x20000051   0x080049c9   0x00000001   Data   RW         3489    .data               hal_driver.o
    0x20000052   0x080049ca   0x00000002   PAD
    0x20000054   0x080049cc   0x00000008   Data   RW         3567    .data               memory.o
    0x2000005c   0x080049d4   0x00000040   Data   RW         3717    .data               hal_system.o
    0x2000009c   0x08004a14   0x00000004   Data   RW         3927    .data               system_stm32l0xx.o
    0x200000a0   0x08004a18   0x00000004   Data   RW         4318    .data               mc_p.l(errno.o)
    0x200000a4        -       0x00000018   Zero   RW         1598    .bss                stm32l0xx_hal_flash.o
    0x200000bc        -       0x00000080   Zero   RW         3221    .bss                stm32l0xx_hal_msp.o
    0x2000013c        -       0x00000060   Zero   RW         3480    .bss                hal_driver.o
    0x2000019c        -       0x00000070   Zero   RW         3481    .bss                hal_driver.o
    0x2000020c        -       0x00000070   Zero   RW         3565    .bss                memory.o
    0x2000027c        -       0x00000038   Zero   RW         3649    .bss                buzzer.o
    0x200002b4        -       0x00000098   Zero   RW         3716    .bss                hal_system.o
    0x2000034c        -       0x0000001e   Zero   RW         3828    .bss                serial.o
    0x2000036a        -       0x0000012c   Zero   RW         3869    .bss                peripheral.o
    0x20000496   0x08004a1c   0x00000002   PAD
    0x20000498        -       0x00000400   Zero   RW         3914    STACK               startup_stm32l051xx.o


==============================================================================

Image component sizes


      Code (inc. data)   RO Data    RW Data    ZI Data      Debug   Object Name

       100         14          0          0         56       1992   buzzer.o
       436         64        244         54        208       5176   hal_driver.o
       116         12          0          0          0       1720   hal_led.o
       452         64          0         64        152       5082   hal_system.o
       156         16          0          0          0       1863   ignitiondriver.o
       128         32          0          4          0       4068   main.o
       268         58          0          8        112       5426   memory.o
       444        106         62          0        300       4541   peripheral.o
       160         36          0          0         30       2593   serial.o
        28          8        192          0       1024        684   startup_stm32l051xx.o
         0          0          0          0          0     243296   stm32l0538_discovery.o
       122         24          0          4          0       4387   stm32l0xx_hal.o
      1190         26          0          0          0     329314   stm32l0xx_hal_adc.o
       170          0          0          0          0       1674   stm32l0xx_hal_adc_ex.o
       148         24          0          0          0      11705   stm32l0xx_hal_cortex.o
      1164         20          0          0          0       5166   stm32l0xx_hal_dma.o
       396         54          0          0         24       4278   stm32l0xx_hal_flash.o
       164         24          0          0          0       2957   stm32l0xx_hal_flash_ex.o
       666         68          0          0          0       5949   stm32l0xx_hal_gpio.o
       450         26          0         16        128       3897   stm32l0xx_hal_msp.o
         0          0          0          0          0     335372   stm32l0xx_hal_pwr_ex.o
      1660        110          0          0          0       7172   stm32l0xx_hal_rcc.o
       312         28          0          0          0       1509   stm32l0xx_hal_rcc_ex.o
        56          8          0          0          0       1270   stm32l0xx_hal_rtc_ex.o
       304          0          0          0          0       5434   stm32l0xx_hal_tim.o
      2280        106          0          0          0      18637   stm32l0xx_hal_uart.o
         2          0          0          0          0       1224   stm32l0xx_hal_uart_ex.o
       182         42          0          2          0       6471   stm32l0xx_it.o
        84         18         33          4          0       1463   system_stm32l0xx.o

    ----------------------------------------------------------------------
     11658        988        565        160       2036    1024320   Object Totals
         0          0         32          0          0          0   (incl. Generated)
        20          0          2          4          2          0   (incl. Padding)

    ----------------------------------------------------------------------

      Code (inc. data)   RO Data    RW Data    ZI Data      Debug   Library Member Name

        42          0          0          0          0         76   atof.o
       156         14          0          0          0         84   round.o
        68          0          0          0          0         76   _sgetc.o
        36          4         64          0          0         60   ctype_c.o
         0          0          0          0          0          0   entry.o
         0          0          0          0          0          0   entry10a.o
         0          0          0          0          0          0   entry11a.o
         8          4          0          0          0          0   entry2.o
         4          0          0          0          0          0   entry5.o
         0          0          0          0          0          0   entry7b.o
         0          0          0          0          0          0   entry8b.o
         8          4          0          0          0          0   entry9a.o
        24         12          0          4          0        120   errno.o
        30          0          0          0          0          0   handlers.o
        36          8          0          0          0         68   init.o
        14          0          0          0          0         68   isspace_c.o
         0          0          0          0          0          0   iusefp.o
       122          0          0          0          0         84   llmul.o
        32          0          0          0          0         68   llshl.o
        38          0          0          0          0         68   llsshr.o
        34          0          0          0          0         68   llushr.o
        26          0          0          0          0         72   memcmp.o
        36          0          0          0          0         60   memcpya.o
        36          0          0          0          0        100   memseta.o
      2270         94          0          0          0        472   printfa.o
       898         12          0          0          0        184   scanf_fp.o
        14          0          0          0          0         60   strlen.o
       164         16          0          0          0        120   strtod.o
        44          0          0          0          0         72   uidiv.o
        96          0          0          0          0         84   uldiv.o
        40          2          0          0          0         68   cdcmple.o
        40          2          0          0          0         68   cdrcmple.o
        20          0          0          0          0         68   cfcmple.o
        20          0          0          0          0         68   cfrcmple.o
        56          0          0          0          0         68   d2f.o
       356          4          0          0          0        140   dadd.o
       240          6          0          0          0         84   ddiv.o
       236          0          0          0          0        216   depilogue.o
        72         10          0          0          0         72   dfixi.o
        60         10          0          0          0         68   dfixui.o
        64         10          0          0          0         68   dfixul.o
        28          4          0          0          0         68   dfltui.o
        28          6          0          0          0         68   dfltul.o
       208          6          0          0          0         88   dmul.o
       124         10          0          0          0         76   drnd.o
        44          0          0          0          0         72   dscalb.o
        40          0          0          0          0         60   f2d.o
       178          0          0          0          0        108   fadd.o
       124          0          0          0          0         72   fdiv.o
       130          0          0          0          0        144   fepilogue.o
        14          0          0          0          0         68   ffltui.o
       122          0          0          0          0         72   fmul.o
        24          0          0          0          0         60   fscalb.o

    ----------------------------------------------------------------------
      6518        238         67          4          0       4008   Library Totals
        14          0          3          0          0          0   (incl. Padding)

    ----------------------------------------------------------------------

      Code (inc. data)   RO Data    RW Data    ZI Data      Debug   Library Name

       198         14          0          0          0        160   m_ps.l
      4038        154         64          4          0       1904   mc_p.l
      2268         70          0          0          0       1944   mf_p.l

    ----------------------------------------------------------------------
      6518        238         67          4          0       4008   Library Totals

    ----------------------------------------------------------------------

==============================================================================


      Code (inc. data)   RO Data    RW Data    ZI Data      Debug   

     18176       1226        632        164       2036    1020836   Grand Totals
     18176       1226        632        164       2036    1020836   ELF Image Totals
     18176       1226        632        164          0          0   ROM Totals

==============================================================================

    Total RO  Size (Code + RO Data)                18808 (  18.37kB)
    Total RW  Size (RW Data + ZI Data)              2200 (   2.15kB)
    Total ROM Size (Code + RO Data + RW Data)      18972 (  18.53kB)

==============================================================================

