stm32l0xx_hal_dac_ex.c:1025:13:DAC_DMAErrorCh1	8	static
stm32l0xx_hal_dac_ex.c:1012:13:DAC_DMAHalfConvCpltCh1	8	static
stm32l0xx_hal_dac_ex.c:997:13:DAC_DMAConvCpltCh1	8	static
stm32l0xx_hal_dac_ex.c:148:19:HAL_DACEx_TriangleWaveGenerate	16	static
stm32l0xx_hal_dac_ex.c:198:19:HAL_DACEx_NoiseWaveGenerate	16	static
stm32l0xx_hal_dac_ex.c:695:19:HAL_DAC_Start	12	static
stm32l0xx_hal_dac_ex.c:746:19:HAL_DAC_Start_DMA	32	static
stm32l0xx_hal_dac_ex.c:818:19:HAL_DAC_Stop_DMA	16	static
stm32l0xx_hal_dac_ex.c:859:10:HAL_DAC_GetValue	0	static
stm32l0xx_hal_dac_ex.c:874:6:HAL_DAC_IRQHandler	8	static
stm32l0xx_hal_dac_ex.c:911:19:HAL_DAC_SetValue	8	static
