stm32l0xx_hal_pcd.c:249:13:HAL_PCD_MspInit	0	static
stm32l0xx_hal_pcd.c:131:19:HAL_PCD_Init	16	static
stm32l0xx_hal_pcd.c:264:13:HAL_PCD_MspDeInit	0	static
stm32l0xx_hal_pcd.c:298:19:HAL_PCD_Start	0	static
stm32l0xx_hal_pcd.c:311:19:HAL_PCD_Stop	8	static
stm32l0xx_hal_pcd.c:223:19:HAL_PCD_DeInit	16	static
stm32l0xx_hal_pcd.c:446:14:HAL_PCD_DataOutStageCallback	0	static
stm32l0xx_hal_pcd.c:463:14:HAL_PCD_DataInStageCallback	0	static
stm32l0xx_hal_pcd.c:478:14:HAL_PCD_SetupStageCallback	0	static
stm32l0xx_hal_pcd.c:492:14:HAL_PCD_SOFCallback	0	static
stm32l0xx_hal_pcd.c:507:14:HAL_PCD_ResetCallback	0	static
stm32l0xx_hal_pcd.c:523:14:HAL_PCD_SuspendCallback	0	static
stm32l0xx_hal_pcd.c:538:14:HAL_PCD_ResumeCallback	0	static
stm32l0xx_hal_pcd.c:554:14:HAL_PCD_ISOOUTIncompleteCallback	0	static
stm32l0xx_hal_pcd.c:571:14:HAL_PCD_ISOINIncompleteCallback	0	static
stm32l0xx_hal_pcd.c:587:14:HAL_PCD_ConnectCallback	0	static
stm32l0xx_hal_pcd.c:602:14:HAL_PCD_DisconnectCallback	0	static
stm32l0xx_hal_pcd.c:637:19:HAL_PCD_DevConnect	8	static
stm32l0xx_hal_pcd.c:653:19:HAL_PCD_DevDisconnect	8	static
stm32l0xx_hal_pcd.c:670:19:HAL_PCD_SetAddress	8	static
stm32l0xx_hal_pcd.c:695:19:HAL_PCD_EP_Open	40	static
stm32l0xx_hal_pcd.c:799:19:HAL_PCD_EP_Close	20	static
stm32l0xx_hal_pcd.c:872:19:HAL_PCD_EP_Receive	16	static
stm32l0xx_hal_pcd.c:925:10:HAL_PCD_EP_GetRxCount	0	static
stm32l0xx_hal_pcd.c:1003:19:HAL_PCD_EP_SetStall	8	static
stm32l0xx_hal_pcd.c:1049:19:HAL_PCD_EP_ClrStall	16	static
stm32l0xx_hal_pcd.c:1089:19:HAL_PCD_EP_Flush	0	static
stm32l0xx_hal_pcd.c:1099:19:HAL_PCD_ActivateRemoteWakeup	0	static
stm32l0xx_hal_pcd.c:1119:19:HAL_PCD_DeActivateRemoteWakeup	0	static
stm32l0xx_hal_pcd.c:1158:18:HAL_PCD_GetState	0	static
stm32l0xx_hal_pcd.c:1183:6:PCD_WritePMA	16	static
stm32l0xx_hal_pcd.c:937:19:HAL_PCD_EP_Transmit	24	static
stm32l0xx_hal_pcd.c:1209:6:PCD_ReadPMA	8	static
stm32l0xx_hal_pcd.c:333:6:HAL_PCD_IRQHandler	40	static
