stm32l0xx_hal_smartcard.c:1944:13:SMARTCARD_DMATransmitCplt	0	static
stm32l0xx_hal_smartcard.c:1877:26:SMARTCARD_WaitOnFlagUntilTimeout.constprop	24	static
stm32l0xx_hal_smartcard.c:352:13:HAL_SMARTCARD_MspInit	0	static
stm32l0xx_hal_smartcard.c:253:19:HAL_SMARTCARD_Init	24	static
stm32l0xx_hal_smartcard.c:368:13:HAL_SMARTCARD_MspDeInit	0	static
stm32l0xx_hal_smartcard.c:311:19:HAL_SMARTCARD_DeInit	16	static
stm32l0xx_hal_smartcard.c:469:19:HAL_SMARTCARD_Transmit	32	static
stm32l0xx_hal_smartcard.c:549:19:HAL_SMARTCARD_Receive	32	static
stm32l0xx_hal_smartcard.c:607:19:HAL_SMARTCARD_Transmit_IT	16	static
stm32l0xx_hal_smartcard.c:663:19:HAL_SMARTCARD_Receive_IT	16	static
stm32l0xx_hal_smartcard.c:708:19:HAL_SMARTCARD_Transmit_DMA	32	static
stm32l0xx_hal_smartcard.c:782:19:HAL_SMARTCARD_Receive_DMA	24	static
stm32l0xx_hal_smartcard.c:847:19:HAL_SMARTCARD_Abort	8	static
stm32l0xx_hal_smartcard.c:915:19:HAL_SMARTCARD_AbortTransmit	8	static
stm32l0xx_hal_smartcard.c:968:19:HAL_SMARTCARD_AbortReceive	8	static
stm32l0xx_hal_smartcard.c:1501:13:HAL_SMARTCARD_TxCpltCallback	0	static
stm32l0xx_hal_smartcard.c:1517:13:HAL_SMARTCARD_RxCpltCallback	0	static
stm32l0xx_hal_smartcard.c:1963:13:SMARTCARD_DMAReceiveCplt	8	static
stm32l0xx_hal_smartcard.c:2240:26:SMARTCARD_Receive_IT	8	static
stm32l0xx_hal_smartcard.c:1533:13:HAL_SMARTCARD_ErrorCallback	0	static
stm32l0xx_hal_smartcard.c:1988:13:SMARTCARD_DMAError	8	static
stm32l0xx_hal_smartcard.c:1295:6:HAL_SMARTCARD_IRQHandler	16	static
stm32l0xx_hal_smartcard.c:2018:13:SMARTCARD_DMAAbortOnError	8	static
stm32l0xx_hal_smartcard.c:1549:13:HAL_SMARTCARD_AbortCpltCallback	0	static
stm32l0xx_hal_smartcard.c:1023:19:HAL_SMARTCARD_Abort_IT	16	static
stm32l0xx_hal_smartcard.c:2077:13:SMARTCARD_DMARxAbortCallback	8	static
stm32l0xx_hal_smartcard.c:2035:13:SMARTCARD_DMATxAbortCallback	8	static
stm32l0xx_hal_smartcard.c:1565:13:HAL_SMARTCARD_AbortTransmitCpltCallback	0	static
stm32l0xx_hal_smartcard.c:1149:19:HAL_SMARTCARD_AbortTransmit_IT	8	static
stm32l0xx_hal_smartcard.c:2119:13:SMARTCARD_DMATxOnlyAbortCallback	8	static
stm32l0xx_hal_smartcard.c:1581:13:HAL_SMARTCARD_AbortReceiveCpltCallback	0	static
stm32l0xx_hal_smartcard.c:1225:19:HAL_SMARTCARD_AbortReceive_IT	8	static
stm32l0xx_hal_smartcard.c:2143:13:SMARTCARD_DMARxOnlyAbortCallback	8	static
stm32l0xx_hal_smartcard.c:1620:28:HAL_SMARTCARD_GetState	0	static
stm32l0xx_hal_smartcard.c:1636:10:HAL_SMARTCARD_GetError	0	static
